
> test
> node --test tests/*.test.js

TAP version 13
# Subtest: resolvePeriodRange monta hoje, semana e mês em São Paulo
ok 1 - resolvePeriodRange monta hoje, semana e mês em São Paulo
  ---
  duration_ms: 34.151792
  type: 'test'
  ...
# Subtest: summarizeDailyRows recalcula taxas a partir dos totais agregados
ok 2 - summarizeDailyRows recalcula taxas a partir dos totais agregados
  ---
  duration_ms: 0.207042
  type: 'test'
  ...
# Subtest: Agendado para Feito usa eventos históricos e preserva agendamentos
ok 3 - Agendado para Feito usa eventos históricos e preserva agendamentos
  ---
  duration_ms: 0.2305
  type: 'test'
  ...
# Subtest: Agendado para Feito retorna zero sem agendamentos
ok 4 - Agendado para Feito retorna zero sem agendamentos
  ---
  duration_ms: 0.07375
  type: 'test'
  ...
# Subtest: Pré-Vendas renderiza reuniões feitas e conversão total e por SDR
ok 5 - Pré-Vendas renderiza reuniões feitas e conversão total e por SDR
  ---
  duration_ms: 12.962583
  type: 'test'
  ...
# Subtest: normalizeActivityEvent ignora deletados e marca horário local do evento
ok 6 - normalizeActivityEvent ignora deletados e marca horário local do evento
  ---
  duration_ms: 1.251
  type: 'test'
  ...
# Subtest: Registros de Aulas usa occurrence_id como chave primária do join
ok 7 - Registros de Aulas usa occurrence_id como chave primária do join
  ---
  duration_ms: 4.356667
  type: 'test'
  ...
# Subtest: Registros de Aulas usa fallback explícito só pelo legacy occurrence map
ok 8 - Registros de Aulas usa fallback explícito só pelo legacy occurrence map
  ---
  duration_ms: 5.675083
  type: 'test'
  ...
# Subtest: agenda do admin expõe os 4 tipos especiais e exige professor responsável
ok 9 - agenda do admin expõe os 4 tipos especiais e exige professor responsável
  ---
  duration_ms: 5.363375
  type: 'test'
  ...
# Subtest: eventos experimentais e onboarding usam registro pedagógico simplificado
ok 10 - eventos experimentais e onboarding usam registro pedagógico simplificado
  ---
  duration_ms: 0.84425
  type: 'test'
  ...
# Subtest: horas-aula incluem especiais de aula e presença exclui todos os tipoEvento especiais
ok 11 - horas-aula incluem especiais de aula e presença exclui todos os tipoEvento especiais
  ---
  duration_ms: 0.268875
  type: 'test'
  ...
# Subtest: api de schedule-events persiste tipoEvento no documento da agenda
ok 12 - api de schedule-events persiste tipoEvento no documento da agenda
  ---
  duration_ms: 1.112
  type: 'test'
  ...
# Subtest: api legada de lesson-logs não persiste mais statusAula operacional no Firestore
ok 13 - api legada de lesson-logs não persiste mais statusAula operacional no Firestore
  ---
  duration_ms: 0.205042
  type: 'test'
  ...
# Subtest: parseStudentImportText aceita CSV com nome e email
ok 14 - parseStudentImportText aceita CSV com nome e email
  ---
  duration_ms: 1.213958
  type: 'test'
  ...
# Subtest: parseStudentImportText aceita lista sem cabeçalho
ok 15 - parseStudentImportText aceita lista sem cabeçalho
  ---
  duration_ms: 0.120459
  type: 'test'
  ...
# Subtest: parseStudentImportText aceita variações comuns de cabeçalho
ok 16 - parseStudentImportText aceita variações comuns de cabeçalho
  ---
  duration_ms: 0.142208
  type: 'test'
  ...
# Subtest: parseStudentImportText cai para posição quando cabeçalho não é reconhecido
ok 17 - parseStudentImportText cai para posição quando cabeçalho não é reconhecido
  ---
  duration_ms: 0.073083
  type: 'test'
  ...
# Subtest: parseStudentImportText ignora bytes nulos de CSV UTF-16 mal decodificado
ok 18 - parseStudentImportText ignora bytes nulos de CSV UTF-16 mal decodificado
  ---
  duration_ms: 1.000666
  type: 'test'
  ...
# Subtest: documento padrão marca troca obrigatória e ownership Firestore
ok 19 - documento padrão marca troca obrigatória e ownership Firestore
  ---
  duration_ms: 1.347375
  type: 'test'
  ...
# Subtest: path de criação do aluno usa formato aceito pelo Firestore commit
ok 20 - path de criação do aluno usa formato aceito pelo Firestore commit
  ---
  duration_ms: 0.43725
  type: 'test'
  ...
# Subtest: autenticação existente: perfil atual ativo, UID consistente, role interna elegível
ok 21 - autenticação existente: perfil atual ativo, UID consistente, role interna elegível
  ---
  duration_ms: 0.914166
  type: 'test'
  ...
# Subtest: gate de ambiente falha fechado: produção/ausência de staging/flag desligada
ok 22 - gate de ambiente falha fechado: produção/ausência de staging/flag desligada
  ---
  duration_ms: 0.406916
  type: 'test'
  ...
# Subtest: assignment revalida existência/papel/ativo do destinatário no Firestore
ok 23 - assignment revalida existência/papel/ativo do destinatário no Firestore
  ---
  duration_ms: 0.16675
  type: 'test'
  ...
# Subtest: mensagens/metadata/commands rejeitam injeção de ator, secrets, inbound público e identity HTTP
ok 24 - mensagens/metadata/commands rejeitam injeção de ator, secrets, inbound público e identity HTTP
  ---
  duration_ms: 3.043917
  type: 'test'
  ...
# Subtest: POST usa somente UID autenticado e retorna intenção pending, sem envio externo
ok 25 - POST usa somente UID autenticado e retorna intenção pending, sem envio externo
  ---
  duration_ms: 1.350333
  type: 'test'
  ...
# Subtest: API não expõe ingestão/provider/identity e autenticação falha antes do store
ok 26 - API não expõe ingestão/provider/identity e autenticação falha antes do store
  ---
  duration_ms: 0.379458
  type: 'test'
  ...
# Subtest: agente sem supervisão não consulta identidade do destinatário ao tentar atribuir
ok 27 - agente sem supervisão não consulta identidade do destinatário ao tentar atribuir
  ---
  duration_ms: 0.136875
  type: 'test'
  ...
# Subtest: erros SQL mapeiam conflito/isolamento sem retornar payload upstream
ok 28 - erros SQL mapeiam conflito/isolamento sem retornar payload upstream
  ---
  duration_ms: 2.069083
  type: 'test'
  ...
# Subtest: store usa RPC parametrizada e checa ambiente em cada operação
ok 29 - store usa RPC parametrizada e checa ambiente em cada operação
  ---
  duration_ms: 0.558167
  type: 'test'
  ...
# {"timestamp":"2026-09-15T01:34:41.947Z","phase":"before_apply","SPACE_ENV":"staging","projectRef":"abc…rst","hostname":"abc…rst.supabase.co","migration":"202609140001_attendance_foundation.sql","productionGuardPassed":true}
# Subtest: staging allowlisted, credenciais vinculadas e confirmação permitem; NODE_ENV não identifica ambiente
ok 30 - staging allowlisted, credenciais vinculadas e confirmação permitem; NODE_ENV não identifica ambiente
  ---
  duration_ms: 1.816333
  type: 'test'
  ...
# Subtest: fail-closed: production
ok 31 - fail-closed: production
  ---
  duration_ms: 0.307125
  type: 'test'
  ...
# Subtest: fail-closed: staging flag com env production
ok 32 - fail-closed: staging flag com env production
  ---
  duration_ms: 0.057958
  type: 'test'
  ...
# Subtest: fail-closed: env staging com URL production
ok 33 - fail-closed: env staging com URL production
  ---
  duration_ms: 0.546
  type: 'test'
  ...
# Subtest: fail-closed: production Vercel com APP_ENV staging
ok 34 - fail-closed: production Vercel com APP_ENV staging
  ---
  duration_ms: 0.098042
  type: 'test'
  ...
# Subtest: fail-closed: production target Vercel
ok 35 - fail-closed: production target Vercel
  ---
  duration_ms: 0.061958
  type: 'test'
  ...
# Subtest: fail-closed: conflito SPACE_APP_ENV
ok 36 - fail-closed: conflito SPACE_APP_ENV
  ---
  duration_ms: 0.340041
  type: 'test'
  ...
# Subtest: fail-closed: conflito SPACE_ENV
ok 37 - fail-closed: conflito SPACE_ENV
  ---
  duration_ms: 0.06175
  type: 'test'
  ...
# Subtest: fail-closed: project ref desconhecido
ok 38 - fail-closed: project ref desconhecido
  ---
  duration_ms: 1.183584
  type: 'test'
  ...
# Subtest: fail-closed: URL pública production
ok 39 - fail-closed: URL pública production
  ---
  duration_ms: 1.093666
  type: 'test'
  ...
# Subtest: fail-closed: credencial diferente
ok 40 - fail-closed: credencial diferente
  ---
  duration_ms: 0.329125
  type: 'test'
  ...
# Subtest: fail-closed: fallback credencial diferente
ok 41 - fail-closed: fallback credencial diferente
  ---
  duration_ms: 0.076708
  type: 'test'
  ...
# Subtest: fail-closed: database production
ok 42 - fail-closed: database production
  ---
  duration_ms: 0.065292
  type: 'test'
  ...
# Subtest: fail-closed: senha database diferente
ok 43 - fail-closed: senha database diferente
  ---
  duration_ms: 0.05625
  type: 'test'
  ...
# Subtest: fail-closed: database options injection
ok 44 - fail-closed: database options injection
  ---
  duration_ms: 0.054417
  type: 'test'
  ...
# Subtest: fail-closed: confirmação diferente
ok 45 - fail-closed: confirmação diferente
  ---
  duration_ms: 0.160167
  type: 'test'
  ...
# Subtest: fail-closed: host malicioso com sufixo
ok 46 - fail-closed: host malicioso com sufixo
  ---
  duration_ms: 0.042042
  type: 'test'
  ...
# Subtest: fail-closed: URL userinfo
ok 47 - fail-closed: URL userinfo
  ---
  duration_ms: 0.033917
  type: 'test'
  ...
# Subtest: cada variável obrigatória ausente bloqueia
ok 48 - cada variável obrigatória ausente bloqueia
  ---
  duration_ms: 0.213
  type: 'test'
  ...
# Subtest: allowlist vazia/duplicada e denylist ausente ou produção renomeada bloqueiam
ok 49 - allowlist vazia/duplicada e denylist ausente ou produção renomeada bloqueiam
  ---
  duration_ms: 0.173708
  type: 'test'
  ...
# Subtest: JWT requer fingerprint administrativo, role e ref corretos, validade; decode não é autenticação
ok 50 - JWT requer fingerprint administrativo, role e ref corretos, validade; decode não é autenticação
  ---
  duration_ms: 0.21875
  type: 'test'
  ...
# Subtest: runner bloqueia antes de SQL, mesmo com --confirm-staging e --mode=apply
ok 51 - runner bloqueia antes de SQL, mesmo com --confirm-staging e --mode=apply
  ---
  duration_ms: 61.983833
  type: 'test'
  ...
# Subtest: CLI aceita somente operações conhecidas e confirmação explícita
ok 52 - CLI aceita somente operações conhecidas e confirmação explícita
  ---
  duration_ms: 0.205541
  type: 'test'
  ...
# Subtest: aplicar exige revisão recente do catálogo exato, alvo e migration exatos, consumidores isolados
ok 53 - aplicar exige revisão recente do catálogo exato, alvo e migration exatos, consumidores isolados
  ---
  duration_ms: 5.090709
  type: 'test'
  ...
# Subtest: runner exige revisão antes da escrita e faz verificação após migration; preflight é offline
ok 54 - runner exige revisão antes da escrita e faz verificação após migration; preflight é offline
  ---
  duration_ms: 5.304416
  type: 'test'
  ...
# Subtest: Atendimento: PostgreSQL 16 + PostgREST reais, constraints, isolamento e concorrência
ok 55 - Atendimento: PostgreSQL 16 + PostgREST reais, constraints, isolamento e concorrência # SKIP
  ---
  duration_ms: 0.490666
  type: 'test'
  ...
# Subtest: inventário e verificação pós-apply executam em PostgreSQL real isolado
ok 56 - inventário e verificação pós-apply executam em PostgreSQL real isolado # SKIP
  ---
  duration_ms: 0.693917
  type: 'test'
  ...
# Subtest: stored 8385 is mechanically classified STALE against 12646
ok 57 - stored 8385 is mechanically classified STALE against 12646
  ---
  duration_ms: 1.1125
  type: 'test'
  ...
# Subtest: SDR not_loaded does not produce financial zero
ok 58 - SDR not_loaded does not produce financial zero
  ---
  duration_ms: 0.351583
  type: 'test'
  ...
# Subtest: SDR source_error does not produce financial zero
ok 59 - SDR source_error does not produce financial zero
  ---
  duration_ms: 0.091875
  type: 'test'
  ...
# Subtest: SDR explicit no attribution, zero sale and wrong origin are distinct
ok 60 - SDR explicit no attribution, zero sale and wrong origin are distinct
  ---
  duration_ms: 0.285917
  type: 'test'
  ...
# Subtest: closed deals without identity or closing date cannot be certified as zero
ok 61 - closed deals without identity or closing date cannot be certified as zero
  ---
  duration_ms: 6.006625
  type: 'test'
  ...
# Subtest: cross-month weekly ledger preserves each real competence
ok 62 - cross-month weekly ledger preserves each real competence
  ---
  duration_ms: 4.066292
  type: 'test'
  ...
# Subtest: half-open boundary first
ok 63 - half-open boundary first
  ---
  duration_ms: 0.222792
  type: 'test'
  ...
# Subtest: half-open boundary last
ok 64 - half-open boundary last
  ---
  duration_ms: 0.077875
  type: 'test'
  ...
# Subtest: half-open boundary next
ok 65 - half-open boundary next
  ---
  duration_ms: 0.350625
  type: 'test'
  ...
# Subtest: half-open boundary august-before
ok 66 - half-open boundary august-before
  ---
  duration_ms: 0.889
  type: 'test'
  ...
# Subtest: half-open boundary august-special
ok 67 - half-open boundary august-special
  ---
  duration_ms: 0.940584
  type: 'test'
  ...
# Subtest: half-open boundary special-last
ok 68 - half-open boundary special-last
  ---
  duration_ms: 0.072833
  type: 'test'
  ...
# Subtest: half-open boundary special-next
ok 69 - half-open boundary special-next
  ---
  duration_ms: 0.061083
  type: 'test'
  ...
# Subtest: half-open boundary year
ok 70 - half-open boundary year
  ---
  duration_ms: 0.647542
  type: 'test'
  ...
# Subtest: partition has no overlaps/gaps 2025-02
ok 71 - partition has no overlaps/gaps 2025-02
  ---
  duration_ms: 30.554084
  type: 'test'
  ...
# Subtest: partition has no overlaps/gaps 2024-02
ok 72 - partition has no overlaps/gaps 2024-02
  ---
  duration_ms: 35.648917
  type: 'test'
  ...
# Subtest: partition has no overlaps/gaps 2026-04
ok 73 - partition has no overlaps/gaps 2026-04
  ---
  duration_ms: 34.708333
  type: 'test'
  ...
# Subtest: partition has no overlaps/gaps 2026-07
ok 74 - partition has no overlaps/gaps 2026-07
  ---
  duration_ms: 36.321375
  type: 'test'
  ...
# Subtest: partition has no overlaps/gaps 2026-08
ok 75 - partition has no overlaps/gaps 2026-08
  ---
  duration_ms: 26.506042
  type: 'test'
  ...
# Subtest: partition has no overlaps/gaps 2026-12
ok 76 - partition has no overlaps/gaps 2026-12
  ---
  duration_ms: 31.377
  type: 'test'
  ...
# Subtest: host timezone cannot change commercial date, month, or week
ok 77 - host timezone cannot change commercial date, month, or week
  ---
  duration_ms: 480.73725
  type: 'test'
  ...
# Subtest: date-only values mean Sao Paulo civil date, invalid/ambiguous dates fail
ok 78 - date-only values mean Sao Paulo civil date, invalid/ambiguous dates fail
  ---
  duration_ms: 0.094292
  type: 'test'
  ...
# Subtest: historical DST midnight gap resolves to first real instant
ok 79 - historical DST midnight gap resolves to first real instant
  ---
  duration_ms: 0.21875
  type: 'test'
  ...
# Subtest: created in May and gained at new-week midnight belongs to September
ok 80 - created in May and gained at new-week midnight belongs to September
  ---
  duration_ms: 0.849334
  type: 'test'
  ...
# Subtest: explicit zero remains zero and counts one sale, not a fallback ticket
ok 81 - explicit zero remains zero and counts one sale, not a fallback ticket
  ---
  duration_ms: 0.215125
  type: 'test'
  ...
# Subtest: identical deal IDs counted once; conflicting financial facts reject
ok 82 - identical deal IDs counted once; conflicting financial facts reject
  ---
  duration_ms: 0.452
  type: 'test'
  ...
# Subtest: revenue preserved in Outros: inactive
ok 83 - revenue preserved in Outros: inactive
  ---
  duration_ms: 1.236125
  type: 'test'
  ...
# Subtest: revenue preserved in Outros: removed
ok 84 - revenue preserved in Outros: removed
  ---
  duration_ms: 1.280916
  type: 'test'
  ...
# Subtest: revenue preserved in Outros: changed-role
ok 85 - revenue preserved in Outros: changed-role
  ---
  duration_ms: 1.340666
  type: 'test'
  ...
# Subtest: revenue preserved in Outros: missing-owner
ok 86 - revenue preserved in Outros: missing-owner
  ---
  duration_ms: 1.732083
  type: 'test'
  ...
# Subtest: revenue preserved in Outros: SDR
ok 87 - revenue preserved in Outros: SDR
  ---
  duration_ms: 2.843042
  type: 'test'
  ...
# Subtest: historical explicit closer role overrides current SDR role
ok 88 - historical explicit closer role overrides current SDR role
  ---
  duration_ms: 2.252709
  type: 'test'
  ...
# Subtest: monthly = clipped weekly partitions, including days from adjacent planning weeks
ok 89 - monthly = clipped weekly partitions, including days from adjacent planning weeks
  ---
  duration_ms: 1.435917
  type: 'test'
  ...
# Subtest: overlapping custom competences are detected, never silently double-assigned
ok 90 - overlapping custom competences are detected, never silently double-assigned
  ---
  duration_ms: 0.290125
  type: 'test'
  ...
# Subtest: monthly and weekly CRM helpers reconcile to management and financial ledger
ok 91 - monthly and weekly CRM helpers reconcile to management and financial ledger
  ---
  duration_ms: 9.620459
  type: 'test'
  ...
# Subtest: deal-level reconciliation detects value drift
ok 92 - deal-level reconciliation detects value drift
  ---
  duration_ms: 0.272375
  type: 'test'
  ...
# Subtest: deal-level reconciliation detects dateKey drift
ok 93 - deal-level reconciliation detects dateKey drift
  ---
  duration_ms: 0.115292
  type: 'test'
  ...
# Subtest: deal-level reconciliation detects dateField drift
ok 94 - deal-level reconciliation detects dateField drift
  ---
  duration_ms: 0.103791
  type: 'test'
  ...
# Subtest: deal-level reconciliation detects weekKey drift
ok 95 - deal-level reconciliation detects weekKey drift
  ---
  duration_ms: 0.573459
  type: 'test'
  ...
# Subtest: deal-level reconciliation detects competencia drift
ok 96 - deal-level reconciliation detects competencia drift
  ---
  duration_ms: 0.101291
  type: 'test'
  ...
# Subtest: deal-level reconciliation detects status drift
ok 97 - deal-level reconciliation detects status drift
  ---
  duration_ms: 0.04175
  type: 'test'
  ...
# Subtest: deal-level reconciliation detects responsibleId drift
ok 98 - deal-level reconciliation detects responsibleId drift
  ---
  duration_ms: 0.033167
  type: 'test'
  ...
# Subtest: deal-level reconciliation detects role drift
ok 99 - deal-level reconciliation detects role drift
  ---
  duration_ms: 0.029292
  type: 'test'
  ...
# Subtest: same aggregate does not hide exchanged, duplicate or missing deals
ok 100 - same aggregate does not hide exchanged, duplicate or missing deals
  ---
  duration_ms: 0.132334
  type: 'test'
  ...
# Subtest: SDR events: identity, duplicate, deletion, wrong outcome, missing actor all explicit
ok 101 - SDR events: identity, duplicate, deletion, wrong outcome, missing actor all explicit
  ---
  duration_ms: 0.504917
  type: 'test'
  ...
# Subtest: readOnly source path cannot acquire lease, collect, or publish
ok 102 - readOnly source path cannot acquire lease, collect, or publish
  ---
  duration_ms: 2.012125
  type: 'test'
  ...
# Subtest: publication requires per-deal ledger even when team totals match
ok 103 - publication requires per-deal ledger even when team totals match
  ---
  duration_ms: 0.232625
  type: 'test'
  ...
# Subtest: management preserves weekly calendar, cross-month ownership and historical special week
ok 104 - management preserves weekly calendar, cross-month ownership and historical special week
  ---
  duration_ms: 4.080125
  type: 'test'
  ...
# Subtest: monthly existence is independent from document and weekly defaults
ok 105 - monthly existence is independent from document and weekly defaults
  ---
  duration_ms: 8.548833
  type: 'test'
  ...
# Subtest: explicit week existence, current week and four statuses reflect real storage
ok 106 - explicit week existence, current week and four statuses reflect real storage
  ---
  duration_ms: 2.237791
  type: 'test'
  ...
# Subtest: roster keeps Luis and zero, rejects ghosts and internal names, and retains Outros as bucket
ok 107 - roster keeps Luis and zero, rejects ghosts and internal names, and retains Outros as bucket
  ---
  duration_ms: 1.171417
  type: 'test'
  ...
# Subtest: financial truth matches official sales and planning respects explicit team targets
ok 108 - financial truth matches official sales and planning respects explicit team targets
  ---
  duration_ms: 9.925083
  type: 'test'
  ...
# Subtest: copy is only available with immediately previous saved week, including previous competence
ok 109 - copy is only available with immediately previous saved week, including previous competence
  ---
  duration_ms: 3.00425
  type: 'test'
  ...
# Subtest: historical roles come from period, not current role; model does not mutate inputs
ok 110 - historical roles come from period, not current role; model does not mutate inputs
  ---
  duration_ms: 4.40075
  type: 'test'
  ...
# Subtest: explicit exclusions through aliases are not reintroduced in the editor
ok 111 - explicit exclusions through aliases are not reintroduced in the editor
  ---
  duration_ms: 3.834333
  type: 'test'
  ...
# Subtest: page loads current competence; existing month opens edit with saved amount and no writes
ok 112 - page loads current competence; existing month opens edit with saved amount and no writes
  ---
  duration_ms: 128.276625
  type: 'test'
  ...
# Subtest: empty month uses define and monthly save refreshes existence
ok 113 - empty month uses define and monthly save refreshes existence
  ---
  duration_ms: 76.270792
  type: 'test'
  ...
# Subtest: month arrows and picker navigate, preserve scope and show history as read-only
ok 114 - month arrows and picker navigate, preserve scope and show history as read-only
  ---
  duration_ms: 32.716875
  type: 'test'
  ...
# Subtest: existing week opens edit; new week opens define; neither opening writes
ok 115 - existing week opens edit; new week opens define; neither opening writes
  ---
  duration_ms: 20.3275
  type: 'test'
  ...
# Subtest: copy changes only local draft; save posts configuration without results or record IDs and refreshes status
ok 116 - copy changes only local draft; save posts configuration without results or record IDs and refreshes status
  ---
  duration_ms: 28.999166
  type: 'test'
  ...
# Subtest: save error preserves draft and closing without save never persists copied values
ok 117 - save error preserves draft and closing without save never persists copied values
  ---
  duration_ms: 26.114667
  type: 'test'
  ...
# Subtest: rapid competence changes cannot replace the latest month with a stale response
ok 118 - rapid competence changes cannot replace the latest month with a stale response
  ---
  duration_ms: 13.273834
  type: 'test'
  ...
# Subtest: historical drawer has no save; Escape closes and returns focus
ok 119 - historical drawer has no save; Escape closes and returns focus
  ---
  duration_ms: 17.331417
  type: 'test'
  ...
# Subtest: completed week opens consultation and offers explicit editing only in an editable competence
ok 120 - completed week opens consultation and offers explicit editing only in an editable competence
  ---
  duration_ms: 37.157084
  type: 'test'
  ...
# [commercial-overview][financial-audit] {
#   periodoSelecionado: {
#     inicio: '2026-09-09T00:00:00-03:00',
#     fim: '2026-09-15T23:59:59.999-03:00',
#     timezone: 'America/Sao_Paulo'
#   },
#   origemDados: 'DataCrazy businesses',
#   pipeline: 'conversao',
#   quantidadeFechadosEncontrados: 3,
#   somaReceita: 12650,
#   ticketMedio: 4216.666666666667,
#   campoDataUsado: 'lastMovedAt',
#   distribuicaoCamposData: { lastMovedAt: 2, statusChangedAt: 1 },
#   negociosExcluidosPorData: 0,
#   negociosSemDataFechamento: 0,
#   criadosAntesMasFechadosNoPeriodo: 3,
#   criadosNoPeriodoMasFechadosFora: 0
# }
# [FORECAST DEBUG] {
#   parte1_fechado: 12650,
#   parte2_pipeline: 0,
#   parte3_novosLeads: 0,
#   forecast_total: 12650,
#   diasPassados: 6,
#   diasRestantes: 1,
#   mediaDiariaLeads: 0,
#   novosLeadsEsperados: 0,
#   dealsPipeline_count: 0
# }
# Subtest: SDR roster joins real active users and monthly role, includes zero and suppresses orphan/internal names
ok 121 - SDR roster joins real active users and monthly role, includes zero and suppresses orphan/internal names
  ---
  duration_ms: 3.034875
  type: 'test'
  ...
# Subtest: weekly UID overrides legacy defaults by identity without changing historical configuration
ok 122 - weekly UID overrides legacy defaults by identity without changing historical configuration
  ---
  duration_ms: 0.517084
  type: 'test'
  ...
# Subtest: R$12,650 includes all valid closings regardless of closer, goal or result roster, once per deal
ok 123 - R$12,650 includes all valid closings regardless of closer, goal or result roster, once per deal
  ---
  duration_ms: 3.828625
  type: 'test'
  ...
# Subtest: Outros is a closer bucket and its saved target contributes to the team target
ok 124 - Outros is a closer bucket and its saved target contributes to the team target
  ---
  duration_ms: 2.352208
  type: 'test'
  ...
# Subtest: financial date precedence, timezone boundaries and established pipeline rule are shared
ok 125 - financial date precedence, timezone boundaries and established pipeline rule are shared
  ---
  duration_ms: 0.501
  type: 'test'
  ...
# Subtest: dashboard and CRM weekly total agree for identical periods and equivalent R$12,650 data
ok 126 - dashboard and CRM weekly total agree for identical periods and equivalent R$12,650 data
  ---
  duration_ms: 8.140917
  type: 'test'
  ...
# Subtest: read-only audit explains the synthetic R$8,400 -> R$12,650 difference by deal
ok 127 - read-only audit explains the synthetic R$8,400 -> R$12,650 difference by deal
  ---
  duration_ms: 1.0905
  type: 'test'
  ...
# Subtest: ranking renders the backend names, including eligible SDRs below fifth place
ok 128 - ranking renders the backend names, including eligible SDRs below fifth place
  ---
  duration_ms: 2.243875
  type: 'test'
  ...
# Subtest: mirror financial windows include closed deals without recent movement
ok 129 - mirror financial windows include closed deals without recent movement
  ---
  duration_ms: 2.411417
  type: 'test'
  ...
# Subtest: CRM Live loader reads users, rejects ghosts, and uses the week competence across a month boundary
ok 130 - CRM Live loader reads users, rejects ghosts, and uses the week competence across a month boundary
  ---
  duration_ms: 6.153792
  type: 'test'
  ...
# [crm-live] slice build failed crm Error: crm_failed
#     at buildCrmLiveCrmSlice (/Users/spaceonline/Documents/New project/tests/crm-live-auth-scope.test.js:162:15)
#     at build (/Users/spaceonline/Documents/New project/api/crm-live-data.js:128:32)
#     at /Users/spaceonline/Documents/New project/api/crm-live-data.js:106:48
#     at runCrmSnapshot (/Users/spaceonline/Documents/New project/tests/crm-live-auth-scope.test.js:27:49)
#     at loadSlice (/Users/spaceonline/Documents/New project/api/crm-live-data.js:106:17)
#     at async Promise.all (index 0)
#     at async module.exports (/Users/spaceonline/Documents/New project/api/crm-live-data.js:124:34)
#     at async TestContext.<anonymous> (/Users/spaceonline/Documents/New project/tests/crm-live-auth-scope.test.js:183:3)
#     at async Test.run (node:internal/test_runner/test:1054:7)
#     at async Test.processPendingSubtests (node:internal/test_runner/test:744:7)
# [crm-live] slice build failed crm Error: crm_failed
#     at buildCrmLiveCrmSlice (/Users/spaceonline/Documents/New project/tests/crm-live-auth-scope.test.js:207:15)
#     at build (/Users/spaceonline/Documents/New project/api/crm-live-data.js:128:32)
#     at /Users/spaceonline/Documents/New project/api/crm-live-data.js:106:48
#     at runCrmSnapshot (/Users/spaceonline/Documents/New project/tests/crm-live-auth-scope.test.js:27:49)
#     at loadSlice (/Users/spaceonline/Documents/New project/api/crm-live-data.js:106:17)
#     at async Promise.all (index 0)
#     at async module.exports (/Users/spaceonline/Documents/New project/api/crm-live-data.js:124:34)
#     at async TestContext.<anonymous> (/Users/spaceonline/Documents/New project/tests/crm-live-auth-scope.test.js:238:5)
#     at async Test.run (node:internal/test_runner/test:1054:7)
#     at async Test.processPendingSubtests (node:internal/test_runner/test:744:7)
# [crm-live] top-level payload failed Error: crm_failed
#     at buildCrmLiveCrmSlice (/Users/spaceonline/Documents/New project/tests/crm-live-auth-scope.test.js:207:15)
#     at build (/Users/spaceonline/Documents/New project/api/crm-live-data.js:128:32)
#     at /Users/spaceonline/Documents/New project/api/crm-live-data.js:106:48
#     at runCrmSnapshot (/Users/spaceonline/Documents/New project/tests/crm-live-auth-scope.test.js:27:49)
#     at loadSlice (/Users/spaceonline/Documents/New project/api/crm-live-data.js:106:17)
#     at async Promise.all (index 0)
#     at async module.exports (/Users/spaceonline/Documents/New project/api/crm-live-data.js:124:34)
#     at async TestContext.<anonymous> (/Users/spaceonline/Documents/New project/tests/crm-live-auth-scope.test.js:238:5)
#     at async Test.run (node:internal/test_runner/test:1054:7)
#     at async Test.processPendingSubtests (node:internal/test_runner/test:744:7)
# [session] no cookie found
# [crm-live] slice build failed crm Error: crm_failed
#     at buildCrmLiveCrmSlice (/Users/spaceonline/Documents/New project/tests/crm-live-auth-scope.test.js:323:15)
#     at build (/Users/spaceonline/Documents/New project/api/crm-live-data.js:128:32)
#     at /Users/spaceonline/Documents/New project/api/crm-live-data.js:106:48
#     at runCrmSnapshot (/Users/spaceonline/Documents/New project/tests/crm-live-auth-scope.test.js:27:49)
#     at loadSlice (/Users/spaceonline/Documents/New project/api/crm-live-data.js:106:17)
#     at async Promise.all (index 0)
#     at async module.exports (/Users/spaceonline/Documents/New project/api/crm-live-data.js:124:34)
#     at async TestContext.<anonymous> (/Users/spaceonline/Documents/New project/tests/crm-live-auth-scope.test.js:344:3)
#     at async Test.run (node:internal/test_runner/test:1054:7)
#     at async Test.processPendingSubtests (node:internal/test_runner/test:744:7)
# Subtest: cookie da TV passa em /api/crm-live-data
ok 131 - cookie da TV passa em /api/crm-live-data
  ---
  duration_ms: 5.808791
  type: 'test'
  ...
# Subtest: cookie da TV não autentica /api/growth-dashboard?api=growth-metrics
ok 132 - cookie da TV não autentica /api/growth-dashboard?api=growth-metrics
  ---
  duration_ms: 15.956291
  type: 'test'
  ...
# Subtest: sessão comercial autenticada passa em /api/crm-live-data
ok 133 - sessão comercial autenticada passa em /api/crm-live-data
  ---
  duration_ms: 0.611875
  type: 'test'
  ...
# Subtest: cache stale só é reaproveitado se for da mesma semana comercial
ok 134 - cache stale só é reaproveitado se for da mesma semana comercial
  ---
  duration_ms: 2.897167
  type: 'test'
  ...
# Subtest: cache stale de semana anterior é descartado na virada de semana
ok 135 - cache stale de semana anterior é descartado na virada de semana
  ---
  duration_ms: 1.524584
  type: 'test'
  ...
# Subtest: HTML e payload resolvem o mesmo buildId no mesmo processo
ok 136 - HTML e payload resolvem o mesmo buildId no mesmo processo
  ---
  duration_ms: 11.383208
  type: 'test'
  ...
# Subtest: snapshot cacheado não influencia o buildId do payload
ok 137 - snapshot cacheado não influencia o buildId do payload
  ---
  duration_ms: 0.723333
  type: 'test'
  ...
# Subtest: crm-live-data OK e crm-live-events falhando sai do loading e pinta o primeiro slide
ok 138 - crm-live-data OK e crm-live-events falhando sai do loading e pinta o primeiro slide
  ---
  duration_ms: 27.7855
  type: 'test'
  ...
# Subtest: fonte não-crítica em erro renderiza estado degradado e continua na rotação
ok 139 - fonte não-crítica em erro renderiza estado degradado e continua na rotação
  ---
  duration_ms: 34.282625
  type: 'test'
  ...
# Subtest: HTML servido executa o script do cliente sem exceção e monta ao menos uma tela
ok 140 - HTML servido executa o script do cliente sem exceção e monta ao menos uma tela
  ---
  duration_ms: 17.552125
  type: 'test'
  ...
# Subtest: modo últimas 24h não renderiza mais o ponteiro de segundos
ok 141 - modo últimas 24h não renderiza mais o ponteiro de segundos
  ---
  duration_ms: 10.397709
  type: 'test'
  ...
# Subtest: 24h01 restantes mantém modo normal
ok 142 - 24h01 restantes mantém modo normal
  ---
  duration_ms: 2.481208
  type: 'test'
  ...
# Subtest: 23h59 restantes ativa modo dividido
ok 143 - 23h59 restantes ativa modo dividido
  ---
  duration_ms: 0.165208
  type: 'test'
  ...
# Subtest: 5 segundos restantes continua no modo dividido sem tempo negativo
ok 144 - 5 segundos restantes continua no modo dividido sem tempo negativo
  ---
  duration_ms: 0.088375
  type: 'test'
  ...
# Subtest: ao chegar em zero o modo segue dividido, zera o relógio e entra em estado final
ok 145 - ao chegar em zero o modo segue dividido, zera o relógio e entra em estado final
  ---
  duration_ms: 0.1415
  type: 'test'
  ...
# Subtest: reavalia a janela final mesmo com a página aberta horas antes
ok 146 - reavalia a janela final mesmo com a página aberta horas antes
  ---
  duration_ms: 0.12675
  type: 'test'
  ...
# Subtest: detector em partida a frio só semeia cursor e não dispara eventos
ok 147 - detector em partida a frio só semeia cursor e não dispara eventos
  ---
  duration_ms: 1.761625
  type: 'test'
  ...
# Subtest: detector enfileira venda, meta individual, virada e meta do time em ordem estável
ok 148 - detector enfileira venda, meta individual, virada e meta do time em ordem estável
  ---
  duration_ms: 3.961208
  type: 'test'
  ...
# Subtest: troca de semana reseta metas e líderes sem disparar falso positivo
ok 149 - troca de semana reseta metas e líderes sem disparar falso positivo
  ---
  duration_ms: 0.297834
  type: 'test'
  ...
# Subtest: sale_closed anuncia Outros para vendedor fora de Matheus e Luis
ok 150 - sale_closed anuncia Outros para vendedor fora de Matheus e Luis
  ---
  duration_ms: 0.344792
  type: 'test'
  ...
# Subtest: ranking SDR calcula ultrapassagem por percentual da meta, não por diferença bruta
ok 151 - ranking SDR calcula ultrapassagem por percentual da meta, não por diferença bruta
  ---
  duration_ms: 0.667708
  type: 'test'
  ...
# Subtest: pausa da rotação não interrompe timers separados de dados
ok 152 - pausa da rotação não interrompe timers separados de dados
  ---
  duration_ms: 2.1655
  type: 'test'
  ...
# Subtest: seta manual reinicia o cronômetro cheio da tela sem pausar a rotação
ok 153 - seta manual reinicia o cronômetro cheio da tela sem pausar a rotação
  ---
  duration_ms: 0.180958
  type: 'test'
  ...
# Subtest: navegação pula telas condicionais vazias nos dois sentidos
ok 154 - navegação pula telas condicionais vazias nos dois sentidos
  ---
  duration_ms: 1.070959
  type: 'test'
  ...
# Subtest: interrupção aparece mesmo pausado, preserva fila e volta para a tela pausada
ok 155 - interrupção aparece mesmo pausado, preserva fila e volta para a tela pausada
  ---
  duration_ms: 2.050833
  type: 'test'
  ...
# Subtest: auto-reload espera fim seguro quando build muda durante interrupção e pausa manual
ok 156 - auto-reload espera fim seguro quando build muda durante interrupção e pausa manual
  ---
  duration_ms: 2.767583
  type: 'test'
  ...
# Subtest: auto-reload não dispara no meio da transição de tela
ok 157 - auto-reload não dispara no meio da transição de tela
  ---
  duration_ms: 0.5665
  type: 'test'
  ...
# Subtest: auto-reload nunca dispara duas vezes para o mesmo build alvo e respeita intervalo mínimo
ok 158 - auto-reload nunca dispara duas vezes para o mesmo build alvo e respeita intervalo mínimo
  ---
  duration_ms: 0.516209
  type: 'test'
  ...
# Subtest: toggle da rotação renderiza um único alvo clicável com ícone correto por estado
ok 159 - toggle da rotação renderiza um único alvo clicável com ícone correto por estado
  ---
  duration_ms: 1.87975
  type: 'test'
  ...
# Subtest: gate 11: pages 1/2 OK, page 3 exhausts 429; recovery publishes one atomic canonical payload
ok 160 - gate 11: pages 1/2 OK, page 3 exhausts 429; recovery publishes one atomic canonical payload
  ---
  duration_ms: 13.28925
  type: 'test'
  ...
# Subtest: normal pagination: terminal page, counts, stable IDs and atomic publication
ok 161 - normal pagination: terminal page, counts, stable IDs and atomic publication
  ---
  duration_ms: 2.470292
  type: 'test'
  ...
# Subtest: 429 recovers with exponential backoff, jitter, Retry-After and same page
ok 162 - 429 recovers with exponential backoff, jitter, Retry-After and same page
  ---
  duration_ms: 0.430708
  type: 'test'
  ...
# Subtest: permanent 429: FAILED attempt, previous source and metric snapshot untouched, cooldown
ok 163 - permanent 429: FAILED attempt, previous source and metric snapshot untouched, cooldown
  ---
  duration_ms: 3.778042
  type: 'test'
  ...
# Subtest: intermediate failure and pagination safety cap cannot publish partial datasets
ok 164 - intermediate failure and pagination safety cap cannot publish partial datasets
  ---
  duration_ms: 1.655208
  type: 'test'
  ...
# Subtest: idempotence: repeated identical IDs do not change total, reordered pages preserve hash; conflicting IDs fail
ok 165 - idempotence: repeated identical IDs do not change total, reordered pages preserve hash; conflicting IDs fail
  ---
  duration_ms: 0.419208
  type: 'test'
  ...
# Subtest: distributed concurrency: only one worker collects; expired worker is fenced
ok 166 - distributed concurrency: only one worker collects; expired worker is fenced
  ---
  duration_ms: 0.766916
  type: 'test'
  ...
# Subtest: quality gate and calculation failure leave current intact
ok 167 - quality gate and calculation failure leave current intact
  ---
  duration_ms: 0.376916
  type: 'test'
  ...
# Subtest: gain date includes restored sale on new day, and SDR revenues remain in team
ok 168 - gain date includes restored sale on new day, and SDR revenues remain in team
  ---
  duration_ms: 6.358791
  type: 'test'
  ...
# Subtest: freshness: legacy, failures and aged browser fallbacks never look fresh
ok 169 - freshness: legacy, failures and aged browser fallbacks never look fresh
  ---
  duration_ms: 3.3115
  type: 'test'
  ...
# Subtest: Retry-After beyond job deadline fails without another request; 401 does not retry
ok 170 - Retry-After beyond job deadline fails without another request; 401 does not retry
  ---
  duration_ms: 2.324625
  type: 'test'
  ...
# Subtest: publication rejects late old sources and failed atomic commits do not change current
ok 171 - publication rejects late old sources and failed atomic commits do not change current
  ---
  duration_ms: 0.944583
  type: 'test'
  ...
# Subtest: request timeout retries and missing IDs fail closed
ok 172 - request timeout retries and missing IDs fail closed
  ---
  duration_ms: 0.264542
  type: 'test'
  ...
# Subtest: daily rollups reconcile full counts idempotently instead of incrementing replayed sales
ok 173 - daily rollups reconcile full counts idempotently instead of incrementing replayed sales
  ---
  duration_ms: 3.747459
  type: 'test'
  ...
# Subtest: CS Live payload mock expõe metas e direção por métrica
ok 174 - CS Live payload mock expõe metas e direção por métrica
  ---
  duration_ms: 20.571
  type: 'test'
  ...
# Subtest: CS Live usa cookie Path=/ no redirect com token
ok 175 - CS Live usa cookie Path=/ no redirect com token
  ---
  duration_ms: 3.136917
  type: 'test'
  ...
# Subtest: HTML do CS Live deixa dados de exemplo visíveis
ok 176 - HTML do CS Live deixa dados de exemplo visíveis
  ---
  duration_ms: 2.460459
  type: 'test'
  ...
# Subtest: buildMirrorRow normaliza os campos principais do negócio
ok 177 - buildMirrorRow normaliza os campos principais do negócio
  ---
  duration_ms: 2.38025
  type: 'test'
  ...
# Subtest: computeSourceHash é estável para o mesmo payload
ok 178 - computeSourceHash é estável para o mesmo payload
  ---
  duration_ms: 0.087084
  type: 'test'
  ...
# Subtest: computeOverlapCursor recua a janela para evitar perder timestamps iguais
ok 179 - computeOverlapCursor recua a janela para evitar perder timestamps iguais
  ---
  duration_ms: 0.118167
  type: 'test'
  ...
# Subtest: normalizeKey remove acento e caixa
ok 180 - normalizeKey remove acento e caixa
  ---
  duration_ms: 0.076291
  type: 'test'
  ...
# Subtest: endpoint de sync rejeita sem sessão nem segredo
ok 181 - endpoint de sync rejeita sem sessão nem segredo
  ---
  duration_ms: 0.750709
  type: 'test'
  ...
# Subtest: Asaas health: missing key performs no request
ok 182 - Asaas health: missing key performs no request
  ---
  duration_ms: 2.400833
  type: 'test'
  ...
# Subtest: Asaas health: validates account response without exposing secret
ok 183 - Asaas health: validates account response without exposing secret
  ---
  duration_ms: 25.667333
  type: 'test'
  ...
# Subtest: Asaas remote errors are sanitized, including body and thrown network details
ok 184 - Asaas remote errors are sanitized, including body and thrown network details
  ---
  duration_ms: 0.80525
  type: 'test'
  ...
# Subtest: Asaas transport: verbs, JSON, timeout, redirect/path restrictions
ok 185 - Asaas transport: verbs, JSON, timeout, redirect/path restrictions
  ---
  duration_ms: 15.756458
  type: 'test'
  ...
# Subtest: Asaas pagination follows hasMore and rejects non-progress
ok 186 - Asaas pagination follows hasMore and rejects non-progress
  ---
  duration_ms: 3.5955
  type: 'test'
  ...
# Subtest: financial normalization uses fixed decimals and preserves confirmed/received/refund distinctions
ok 187 - financial normalization uses fixed decimals and preserves confirmed/received/refund distinctions
  ---
  duration_ms: 3.670916
  type: 'test'
  ...
# Subtest: inbox normalization deduplicates canonical payload, rejects invalid bodies, excludes PII and credentials
ok 188 - inbox normalization deduplicates canonical payload, rejects invalid bodies, excludes PII and credentials
  ---
  duration_ms: 1.308
  type: 'test'
  ...
# Subtest: comparison identifies missing/status/value/due mismatches without guessing a student
ok 189 - comparison identifies missing/status/value/due mismatches without guessing a student
  ---
  duration_ms: 0.488208
  type: 'test'
  ...
# Subtest: webhook auth/body/persistence acknowledgement and rollout compatibility
ok 190 - webhook auth/body/persistence acknowledgement and rollout compatibility
  ---
  duration_ms: 11.501333
  type: 'test'
  ...
# Subtest: foundation maintenance API: admin/CSRF/feature flag enforced
ok 191 - foundation maintenance API: admin/CSRF/feature flag enforced
  ---
  duration_ms: 1.249291
  type: 'test'
  ...
# Subtest: CLI apply blocks production and unverified DB targets
not ok 192 - CLI apply blocks production and unverified DB targets
  ---
  duration_ms: 0.614834
  type: 'test'
  location: '/Users/spaceonline/Documents/New project/tests/finance-foundation.test.js:59:1'
  failureType: 'testCodeFailure'
  error: |-
    The input did not match the regular expression /sandbox_required/. Input:
    
    'FinanceError: finance_certification_staging_required'
    
  code: 'ERR_ASSERTION'
  name: 'AssertionError'
  expected:
  actual:
  error: 'finance_certification_staging_required'
  stack: |-
    deny (/Users/spaceonline/Documents/New project/_lib/finance-certification-environment.js:5:32)
    assertFinanceCertificationTarget (/Users/spaceonline/Documents/New project/_lib/finance-certification-environment.js:25:74)
    assertFinanceCertificationApply (/Users/spaceonline/Documents/New project/_lib/finance-certification-environment.js:68:18)
    /Users/spaceonline/Documents/New project/tests/finance-foundation.test.js:61:21
    getActual (node:assert:609:5)
    Function.throws (node:assert:757:24)
    TestContext.<anonymous> (/Users/spaceonline/Documents/New project/tests/finance-foundation.test.js:61:10)
    Test.runInAsyncScope (node:async_hooks:214:14)
    Test.run (node:internal/test_runner/test:1047:25)
    Test.processPendingSubtests (node:internal/test_runner/test:744:18)
  operator: 'throws'
  stack: |-
    TestContext.<anonymous> (/Users/spaceonline/Documents/New project/tests/finance-foundation.test.js:61:10)
    Test.runInAsyncScope (node:async_hooks:214:14)
    Test.run (node:internal/test_runner/test:1047:25)
    Test.processPendingSubtests (node:internal/test_runner/test:744:18)
    Test.postRun (node:internal/test_runner/test:1173:19)
    Test.run (node:internal/test_runner/test:1101:12)
    process.processTicksAndRejections (node:internal/process/task_queues:103:5)
    async Test.processPendingSubtests (node:internal/test_runner/test:744:7)
  ...
# Subtest: Finance: real PostgreSQL/PostgREST transactional foundation with simulated Asaas
ok 193 - Finance: real PostgreSQL/PostgREST transactional foundation with simulated Asaas # SKIP
  ---
  duration_ms: 0.533625
  type: 'test'
  ...
# [commercial-overview][financial-audit] {
#   periodoSelecionado: {
#     inicio: '2026-05-01T00:00:00-03:00',
#     fim: '2026-05-12T23:59:59.999-03:00',
#     timezone: 'America/Sao_Paulo'
#   },
#   origemDados: 'DataCrazy businesses',
#   pipeline: 'conversao',
#   quantidadeFechadosEncontrados: 2,
#   somaReceita: 10000,
#   ticketMedio: 5000,
#   campoDataUsado: 'statusChangedAt',
#   distribuicaoCamposData: { statusChangedAt: 3 },
#   negociosExcluidosPorData: 1,
#   negociosSemDataFechamento: 0,
#   criadosAntesMasFechadosNoPeriodo: 1,
#   criadosNoPeriodoMasFechadosFora: 1
# }
# [FORECAST DEBUG] {
#   parte1_fechado: 10000,
#   parte2_pipeline: 0,
#   parte3_novosLeads: 0,
#   forecast_total: 10000,
#   diasPassados: 12,
#   diasRestantes: 0,
#   mediaDiariaLeads: 0.16666666666666666,
#   novosLeadsEsperados: 0,
#   dealsPipeline_count: 0
# }
# Subtest: resolveCommercialPeriod mantém calendário quando não há override
ok 194 - resolveCommercialPeriod mantém calendário quando não há override
  ---
  duration_ms: 3.139583
  type: 'test'
  ...
# Subtest: resolveCommercialPeriod aplica janela customizada do comercial
ok 195 - resolveCommercialPeriod aplica janela customizada do comercial
  ---
  duration_ms: 1.204291
  type: 'test'
  ...
# Subtest: forecast 3-partes aceita callback de período customizado
ok 196 - forecast 3-partes aceita callback de período customizado
  ---
  duration_ms: 1.304291
  type: 'test'
  ...
# Subtest: growth metrics mantém o funil por criação e calcula financeiro por fechamento
ok 197 - growth metrics mantém o funil por criação e calcula financeiro por fechamento
  ---
  duration_ms: 6.782042
  type: 'test'
  ...
# Subtest: intervalo comercial inclui 00:00 inicial e 23:59:59 final em São Paulo
ok 198 - intervalo comercial inclui 00:00 inicial e 23:59:59 final em São Paulo
  ---
  duration_ms: 0.464791
  type: 'test'
  ...
# Subtest: API de growth metrics valida e usa periodStart/periodEnd fora do cache mensal
ok 199 - API de growth metrics valida e usa periodStart/periodEnd fora do cache mensal
  ---
  duration_ms: 6.966584
  type: 'test'
  ...
# Subtest: save de growth-goals invalida o cache persistente imediatamente
ok 200 - save de growth-goals invalida o cache persistente imediatamente
  ---
  duration_ms: 1.542833
  type: 'test'
  ...
# Subtest: POST parcial de growth-goals preserva valorMeta existente quando omitido
ok 201 - POST parcial de growth-goals preserva valorMeta existente quando omitido
  ---
  duration_ms: 0.983542
  type: 'test'
  ...
# Subtest: GET de growth-goals aceita weekStart para calcular weeklyReadModel fora da semana atual
ok 202 - GET de growth-goals aceita weekStart para calcular weeklyReadModel fora da semana atual
  ---
  duration_ms: 0.599667
  type: 'test'
  ...
# Subtest: POST de growth-goals aceita salvar weeklyGoal sem exigir valorMeta mensal
ok 203 - POST de growth-goals aceita salvar weeklyGoal sem exigir valorMeta mensal
  ---
  duration_ms: 0.682959
  type: 'test'
  ...
# [growth-goals] auth header: missing
# [growth-goals] auth header: missing
# [api] growth-goals get failed Error: commercial_users_list_failed
#     at handleGrowthGoalsApi (/Users/spaceonline/Documents/New project/api/growth-dashboard.js:1402:40)
#     at async module.exports (/Users/spaceonline/Documents/New project/api/growth-dashboard.js:2811:5)
#     at async Object.request (/Users/spaceonline/Documents/New project/tests/growth-goals-people.test.js:116:5)
#     at async TestContext.<anonymous> (/Users/spaceonline/Documents/New project/tests/growth-goals-people.test.js:160:17)
#     at async Test.run (node:internal/test_runner/test:1054:7)
#     at async Test.processPendingSubtests (node:internal/test_runner/test:744:7)
# [growth-goals] auth header: missing
# Subtest: active Commercial users are the base, independently of configuration, goals or role
ok 204 - active Commercial users are the base, independently of configuration, goals or role
  ---
  duration_ms: 4.849375
  type: 'test'
  ...
# Subtest: goals join by stable identity and selected week, retaining zero targets
ok 205 - goals join by stable identity and selected week, retaining zero targets
  ---
  duration_ms: 3.80025
  type: 'test'
  ...
# Subtest: homonyms stay distinct and duplicate configurations resolve to one real user
ok 206 - homonyms stay distinct and duplicate configurations resolve to one real user
  ---
  duration_ms: 1.198333
  type: 'test'
  ...
# Subtest: GET includes active users even without a month document and never writes
ok 207 - GET includes active users even without a month document and never writes
  ---
  duration_ms: 29.54025
  type: 'test'
  ...
# Subtest: POST saves new user with SDR or Closer, preserving hidden goals, other weeks and monthly total
ok 208 - POST saves new user with SDR or Closer, preserving hidden goals, other weeks and monthly total
  ---
  duration_ms: 7.447292
  type: 'test'
  ...
# Subtest: read failures do not produce incomplete editable data or overwrite existing goals
ok 209 - read failures do not produce incomplete editable data or overwrite existing goals
  ---
  duration_ms: 7.17725
  type: 'test'
  ...
# [growth-goals] auth header: missing
# [growth-goals] auth header: missing
# [growth-goals] auth header: missing
# Subtest: modal renders unconfigured users, retains saved inputs and posts only after Salvar
ok 210 - modal renders unconfigured users, retains saved inputs and posts only after Salvar
  ---
  duration_ms: 25.652208
  type: 'test'
  ...
# Subtest: management GET aggregates the competence in one read-only response
ok 211 - management GET aggregates the competence in one read-only response
  ---
  duration_ms: 18.521375
  type: 'test'
  ...
# Subtest: entity action is create for a new week inside an existing month and update after saving
ok 212 - entity action is create for a new week inside an existing month and update after saving
  ---
  duration_ms: 3.118375
  type: 'test'
  ...
# Subtest: updating a legacy week preserves unknown fields and synchronizes legacy people arrays
ok 213 - updating a legacy week preserves unknown fields and synchronizes legacy people arrays
  ---
  duration_ms: 6.19625
  type: 'test'
  ...
# Subtest: decodeBase64ImagePayload rejects empty payload
ok 214 - decodeBase64ImagePayload rejects empty payload
  ---
  duration_ms: 1.437
  type: 'test'
  ...
# Subtest: transformProfilePhotoBuffer recodes supported image to 400x400 webp
ok 215 - transformProfilePhotoBuffer recodes supported image to 400x400 webp
  ---
  duration_ms: 113.800042
  type: 'test'
  ...
# Subtest: transformProfilePhotoBuffer rejects non-image payload
ok 216 - transformProfilePhotoBuffer rejects non-image payload
  ---
  duration_ms: 0.77575
  type: 'test'
  ...
# Subtest: resolveCommercialWeek respeita a semana especial inicial
ok 217 - resolveCommercialWeek respeita a semana especial inicial
  ---
  duration_ms: 4.01125
  type: 'test'
  ...
# Subtest: resolveCommercialWeek usa quarta-terça após 19/08/2026
ok 218 - resolveCommercialWeek usa quarta-terça após 19/08/2026
  ---
  duration_ms: 0.775875
  type: 'test'
  ...
# Subtest: weekly read model usa attendantId como chave principal para o closer da semana
ok 219 - weekly read model usa attendantId como chave principal para o closer da semana
  ---
  duration_ms: 5.911042
  type: 'test'
  ...
# Subtest: weekly read model usa fallback por alias e expõe attendantId não reconhecido
ok 220 - weekly read model usa fallback por alias e expõe attendantId não reconhecido
  ---
  duration_ms: 1.614458
  type: 'test'
  ...
# Subtest: weekly read model agrega attendant não cadastrado em Outros e mantém unresolved para diagnóstico
ok 221 - weekly read model agrega attendant não cadastrado em Outros e mantém unresolved para diagnóstico
  ---
  duration_ms: 1.480834
  type: 'test'
  ...
# Subtest: weekly read model agrega receita de pessoa com role SDR em Outros
ok 222 - weekly read model agrega receita de pessoa com role SDR em Outros
  ---
  duration_ms: 0.921875
  type: 'test'
  ...
# Subtest: weekly read model agrega attendantId nulo em Outros
ok 223 - weekly read model agrega attendantId nulo em Outros
  ---
  duration_ms: 1.845458
  type: 'test'
  ...
# Subtest: weekly read model expõe unresolved mesmo sem weeklyGoal cadastrado
ok 224 - weekly read model expõe unresolved mesmo sem weeklyGoal cadastrado
  ---
  duration_ms: 0.564792
  type: 'test'
  ...
# Subtest: ranking de closers ordena Outros no meio por percentual
ok 225 - ranking de closers ordena Outros no meio por percentual
  ---
  duration_ms: 2.000375
  type: 'test'
  ...
# Subtest: ranking de closers ordena Outros no topo por percentual
ok 226 - ranking de closers ordena Outros no topo por percentual
  ---
  duration_ms: 2.257958
  type: 'test'
  ...
# Subtest: weekly read model conta reunião feita do SDR por show em sdrActivityEvents
ok 227 - weekly read model conta reunião feita do SDR por show em sdrActivityEvents
  ---
  duration_ms: 1.09575
  type: 'test'
  ...
# Subtest: weekly read model expõe sdrUid e email não reconhecidos em unresolved.sdrActors
ok 228 - weekly read model expõe sdrUid e email não reconhecidos em unresolved.sdrActors
  ---
  duration_ms: 0.5765
  type: 'test'
  ...
# Subtest: meta semanal do time de closers usa 20000 independente da soma individual
ok 229 - meta semanal do time de closers usa 20000 independente da soma individual
  ---
  duration_ms: 0.291833
  type: 'test'
  ...
# Subtest: meta semanal do time de closers cai para a soma das linhas quando teamTarget está ausente
ok 230 - meta semanal do time de closers cai para a soma das linhas quando teamTarget está ausente
  ---
  duration_ms: 0.14525
  type: 'test'
  ...
# Subtest: weekly read model usa default da competência quando a semana não está preenchida
ok 231 - weekly read model usa default da competência quando a semana não está preenchida
  ---
  duration_ms: 0.209709
  type: 'test'
  ...
# Subtest: weekly read model faz merge campo a campo entre semana e default da competência
ok 232 - weekly read model faz merge campo a campo entre semana e default da competência
  ---
  duration_ms: 0.185334
  type: 'test'
  ...
# Subtest: weekly read model permite excluir pessoa do default por flag explícita na semana
ok 233 - weekly read model permite excluir pessoa do default por flag explícita na semana
  ---
  duration_ms: 0.300959
  type: 'test'
  ...
# Subtest: weekly read model usa default global quando competência e semana não estão preenchidas
ok 234 - weekly read model usa default global quando competência e semana não estão preenchidas
  ---
  duration_ms: 0.541666
  type: 'test'
  ...
# Subtest: defaultWeeklyConfig canônico referencia apenas personIds existentes em growthPeople
ok 235 - defaultWeeklyConfig canônico referencia apenas personIds existentes em growthPeople
  ---
  duration_ms: 0.16875
  type: 'test'
  ...
# Subtest: efetivação de cancelamento usa writeBatch para aluno e cascata Firestore
ok 236 - efetivação de cancelamento usa writeBatch para aluno e cascata Firestore
  ---
  duration_ms: 2.429833
  type: 'test'
  ...
# Subtest: sync Supabase acontece somente depois da confirmação Firestore
ok 237 - sync Supabase acontece somente depois da confirmação Firestore
  ---
  duration_ms: 1.048875
  type: 'test'
  ...
# Subtest: isOccurrenceUniqueViolation detecta 23505 do índice de occurrence_id
ok 238 - isOccurrenceUniqueViolation detecta 23505 do índice de occurrence_id
  ---
  duration_ms: 8.050125
  type: 'test'
  ...
# Subtest: isOccurrenceUniqueViolation ignora erros de outra natureza
ok 239 - isOccurrenceUniqueViolation ignora erros de outra natureza
  ---
  duration_ms: 0.586167
  type: 'test'
  ...
# Subtest: aula antiga com status ao_vivo não entra como aula ativa
ok 240 - aula antiga com status ao_vivo não entra como aula ativa
  ---
  duration_ms: 79.424708
  type: 'test'
  ...
# Subtest: aula dentro do horário aparece ao vivo mesmo antes da atualização do status
ok 241 - aula dentro do horário aparece ao vivo mesmo antes da atualização do status
  ---
  duration_ms: 0.401375
  type: 'test'
  ...
# Subtest: omitNilValues remove campos legados nulos sem perder false e zero
ok 242 - omitNilValues remove campos legados nulos sem perder false e zero
  ---
  duration_ms: 1.50975
  type: 'test'
  ...
# Subtest: remarcação live não move mais a aula original para a nova data
ok 243 - remarcação live não move mais a aula original para a nova data
  ---
  duration_ms: 0.726042
  type: 'test'
  ...
# Subtest: register novo herda occurrence_id canônico da lesson
ok 244 - register novo herda occurrence_id canônico da lesson
  ---
  duration_ms: 1.155333
  type: 'test'
  ...
# Subtest: normalizeLesson preserva occurrence_id quando a linha live já o possui
ok 245 - normalizeLesson preserva occurrence_id quando a linha live já o possui
  ---
  duration_ms: 0.600584
  type: 'test'
  ...
# Subtest: payload live do professor envia engajamento e confiança
ok 246 - payload live do professor envia engajamento e confiança
  ---
  duration_ms: 5.396333
  type: 'test'
  ...
# Subtest: normalizePayload preserva engajamento e confiança em registro_aula
ok 247 - normalizePayload preserva engajamento e confiança em registro_aula
  ---
  duration_ms: 0.320542
  type: 'test'
  ...
# Subtest: backend de remarcação não exige mais motivo_remarcacao
ok 248 - backend de remarcação não exige mais motivo_remarcacao
  ---
  duration_ms: 0.976
  type: 'test'
  ...
# Subtest: backend de remarcação rejeita nova data inválida
ok 249 - backend de remarcação rejeita nova data inválida
  ---
  duration_ms: 0.258584
  type: 'test'
  ...
# Subtest: API de agenda devolve vínculos de remarcação no GET
ok 250 - API de agenda devolve vínculos de remarcação no GET
  ---
  duration_ms: 0.264667
  type: 'test'
  ...
# Subtest: pendência pedagógica usa somente status de registro válido
ok 251 - pendência pedagógica usa somente status de registro válido
  ---
  duration_ms: 3.699459
  type: 'test'
  ...
# Subtest: logs pedagógicos são indexados também pelo id derivado do documento
ok 252 - logs pedagógicos são indexados também pelo id derivado do documento
  ---
  duration_ms: 0.570041
  type: 'test'
  ...
# Subtest: status pedagógico operacional pode ser adaptado do Supabase sem depender de lessonLogs
ok 253 - status pedagógico operacional pode ser adaptado do Supabase sem depender de lessonLogs
  ---
  duration_ms: 0.942584
  type: 'test'
  ...
# Subtest: buildCollisionGroups separa órfãos singulares de grupos em colisão
ok 254 - buildCollisionGroups separa órfãos singulares de grupos em colisão
  ---
  duration_ms: 4.808917
  type: 'test'
  ...
# Subtest: buildLessonRegisterRecord mantém colunas novas e legadas em paralelo
ok 255 - buildLessonRegisterRecord mantém colunas novas e legadas em paralelo
  ---
  duration_ms: 1.92675
  type: 'test'
  ...
# Subtest: buildLessonRegisterRecord normaliza ids textuais para colunas text
ok 256 - buildLessonRegisterRecord normaliza ids textuais para colunas text
  ---
  duration_ms: 0.496375
  type: 'test'
  ...
# Subtest: professor cria payload de reposição com vínculo para aula Firestore
ok 257 - professor cria payload de reposição com vínculo para aula Firestore
  ---
  duration_ms: 1.934667
  type: 'test'
  ...
# Subtest: professor cria ou atualiza reposição também para aula Supabase live
ok 258 - professor cria ou atualiza reposição também para aula Supabase live
  ---
  duration_ms: 4.15
  type: 'test'
  ...
# Subtest: evento de reposição entra no estado local com vínculo de origem
ok 259 - evento de reposição entra no estado local com vínculo de origem
  ---
  duration_ms: 0.737417
  type: 'test'
  ...
# Subtest: remarcação valida janela plausível para nova data
ok 260 - remarcação valida janela plausível para nova data
  ---
  duration_ms: 0.654042
  type: 'test'
  ...
# Subtest: registro_aula especial preenche placeholder quando conteudo_aula vem vazio
ok 261 - registro_aula especial preenche placeholder quando conteudo_aula vem vazio
  ---
  duration_ms: 1.887167
  type: 'test'
  ...
# Subtest: registro_aula regular preserva exigência de conteúdo real
ok 262 - registro_aula regular preserva exigência de conteúdo real
  ---
  duration_ms: 0.183958
  type: 'test'
  ...
# Subtest: status visual do registro pedagógico é sincronizado pela mesma fonte de verdade
ok 263 - status visual do registro pedagógico é sincronizado pela mesma fonte de verdade
  ---
  duration_ms: 2.505
  type: 'test'
  ...
# Subtest: painel de usuários do pedagógico não usa corte fixo de altura
ok 264 - painel de usuários do pedagógico não usa corte fixo de altura
  ---
  duration_ms: 9.624458
  type: 'test'
  ...
# Subtest: agenda admin suporta semana de 7 dias e split com 1 professor
ok 265 - agenda admin suporta semana de 7 dias e split com 1 professor
  ---
  duration_ms: 0.627875
  type: 'test'
  ...
# Subtest: datas ISO do live usam America/Sao_Paulo no front
ok 266 - datas ISO do live usam America/Sao_Paulo no front
  ---
  duration_ms: 0.382709
  type: 'test'
  ...
# Subtest: Premium está disponível nos seletores e badges de plano
ok 267 - Premium está disponível nos seletores e badges de plano
  ---
  duration_ms: 1.215791
  type: 'test'
  ...
# Subtest: Premium herda elegibilidade ilimitada do Diamond em reposições
ok 268 - Premium herda elegibilidade ilimitada do Diamond em reposições
  ---
  duration_ms: 0.218333
  type: 'test'
  ...
# Subtest: backend local conversa com PostgREST descartável e respeita gates/segurança
ok 269 - backend local conversa com PostgREST descartável e respeita gates/segurança # SKIP
  ---
  duration_ms: 0.570417
  type: 'test'
  ...
# [retention] command failed { code: 'idempotency_key_payload_mismatch' }
# Subtest: GET queues retorna fonte nova e filas serializadas
ok 270 - GET queues retorna fonte nova e filas serializadas
  ---
  duration_ms: 6.844
  type: 'test'
  ...
# Subtest: GET fica bloqueado quando retention v2 está desligada
ok 271 - GET fica bloqueado quando retention v2 está desligada
  ---
  duration_ms: 0.402416
  type: 'test'
  ...
# Subtest: POST bloqueia usuário sem capability
ok 272 - POST bloqueia usuário sem capability
  ---
  duration_ms: 0.330041
  type: 'test'
  ...
# Subtest: POST fica bloqueado quando retention v2 está desligada
ok 273 - POST fica bloqueado quando retention v2 está desligada
  ---
  duration_ms: 0.2315
  type: 'test'
  ...
# Subtest: POST exige justificativa em churn manual administrativo
ok 274 - POST exige justificativa em churn manual administrativo
  ---
  duration_ms: 0.450333
  type: 'test'
  ...
# Subtest: POST bloqueia churn involuntário quando a flag está desligada
ok 275 - POST bloqueia churn involuntário quando a flag está desligada
  ---
  duration_ms: 0.244625
  type: 'test'
  ...
# Subtest: POST crítico exige admin mesmo com capability ampla
ok 276 - POST crítico exige admin mesmo com capability ampla
  ---
  duration_ms: 0.266167
  type: 'test'
  ...
# Subtest: POST resolve student/subscription a partir do firestore_student_id
ok 277 - POST resolve student/subscription a partir do firestore_student_id
  ---
  duration_ms: 4.101625
  type: 'test'
  ...
# Subtest: POST exige requested_at saneado no pedido formal
ok 278 - POST exige requested_at saneado no pedido formal
  ---
  duration_ms: 0.711292
  type: 'test'
  ...
# Subtest: POST traduz mismatch de idempotência em conflito controlado
ok 279 - POST traduz mismatch de idempotência em conflito controlado
  ---
  duration_ms: 1.117625
  type: 'test'
  ...
# Subtest: job recusa execução sem segredo configurado
ok 280 - job recusa execução sem segredo configurado
  ---
  duration_ms: 2.405625
  type: 'test'
  ...
# Subtest: job exige segredo correto e respeita flag
ok 281 - job exige segredo correto e respeita flag
  ---
  duration_ms: 3.999625
  type: 'test'
  ...
# Subtest: job executa com segredo válido
ok 282 - job executa com segredo válido
  ---
  duration_ms: 1.40525
  type: 'test'
  ...
# Subtest: pedido dentro de 7 dias da primeira aula encerra em 1 mês da primeira aula
ok 283 - pedido dentro de 7 dias da primeira aula encerra em 1 mês da primeira aula
  ---
  duration_ms: 2.556542
  type: 'test'
  ...
# Subtest: pedido fora da janela inicial encerra em 2 meses do pedido
ok 284 - pedido fora da janela inicial encerra em 2 meses do pedido
  ---
  duration_ms: 0.155458
  type: 'test'
  ...
# Subtest: command payload preserva retry idempotente e aceita resolução por firestore_student_id
ok 285 - command payload preserva retry idempotente e aceita resolução por firestore_student_id
  ---
  duration_ms: 0.743666
  type: 'test'
  ...
# Subtest: command payload saneia campos e bloqueia mass assignment fora do comando
ok 286 - command payload saneia campos e bloqueia mass assignment fora do comando
  ---
  duration_ms: 2.305167
  type: 'test'
  ...
# Subtest: queues exibem financeiro indisponível sem forçar R$ 0,00
ok 287 - queues exibem financeiro indisponível sem forçar R$ 0,00
  ---
  duration_ms: 0.386375
  type: 'test'
  ...
# Subtest: queues mapeiam caso perdido como desfecho lost
ok 288 - queues mapeiam caso perdido como desfecho lost
  ---
  duration_ms: 0.095625
  type: 'test'
  ...
# Subtest: override administrativo exige justificativa nos comandos críticos
ok 289 - override administrativo exige justificativa nos comandos críticos
  ---
  duration_ms: 0.156959
  type: 'test'
  ...
# Subtest: comandos críticos ficam restritos a admin
ok 290 - comandos críticos ficam restritos a admin
  ---
  duration_ms: 0.0665
  type: 'test'
  ...
# Subtest: projeção pode ser reconstruída a partir do histórico append-only
ok 291 - projeção pode ser reconstruída a partir do histórico append-only
  ---
  duration_ms: 0.411791
  type: 'test'
  ...
# Subtest: awaiting_customer preserva a data final já programada
ok 292 - awaiting_customer preserva a data final já programada
  ---
  duration_ms: 0.339416
  type: 'test'
  ...
# Subtest: continuidade confirmada devolve o caso para scheduled
ok 293 - continuidade confirmada devolve o caso para scheduled
  ---
  duration_ms: 0.171875
  type: 'test'
  ...
# Subtest: delinquency_recovered retorna o financeiro para current
ok 294 - delinquency_recovered retorna o financeiro para current
  ---
  duration_ms: 0.054083
  type: 'test'
  ...
# Subtest: delinquency_started leva o financeiro para delinquent
ok 295 - delinquency_started leva o financeiro para delinquent
  ---
  duration_ms: 0.0405
  type: 'test'
  ...
# Subtest: legacy_import com state_after semeia a projeção reconstruída
ok 296 - legacy_import com state_after semeia a projeção reconstruída
  ---
  duration_ms: 0.049292
  type: 'test'
  ...
# Subtest: sanitizePayloadByCommand ignora campos técnicos fora do contrato
ok 297 - sanitizePayloadByCommand ignora campos técnicos fora do contrato
  ---
  duration_ms: 0.978666
  type: 'test'
  ...
# Subtest: importador permanece bloqueado com flag desligada
ok 298 - importador permanece bloqueado com flag desligada
  ---
  duration_ms: 2.718875
  type: 'test'
  ...
# Subtest: dryRun não dispara importação real
ok 299 - dryRun não dispara importação real
  ---
  duration_ms: 0.99875
  type: 'test'
  ...
# Subtest: importação real exige confirmação explícita
ok 300 - importação real exige confirmação explícita
  ---
  duration_ms: 0.376083
  type: 'test'
  ...
# Subtest: importador legado gera dry-run idempotente sem duplicar o snapshot
ok 301 - importador legado gera dry-run idempotente sem duplicar o snapshot
  ---
  duration_ms: 2.70375
  type: 'test'
  ...
# Subtest: cancelamento efetivado entra como caso legado encerrado
ok 302 - cancelamento efetivado entra como caso legado encerrado
  ---
  duration_ms: 0.19075
  type: 'test'
  ...
# Subtest: taxa de reversão usa casos fechados no mês como denominador
ok 303 - taxa de reversão usa casos fechados no mês como denominador
  ---
  duration_ms: 3.484542
  type: 'test'
  ...
# Subtest: taxa de reversão sem casos fechados é exibida como sem dados
ok 304 - taxa de reversão sem casos fechados é exibida como sem dados
  ---
  duration_ms: 1.051208
  type: 'test'
  ...
# Subtest: Central de retenção consulta a API nova quando a flag está ativa
ok 305 - Central de retenção consulta a API nova quando a flag está ativa
  ---
  duration_ms: 1.15325
  type: 'test'
  ...
# Subtest: modais de retenção mantêm o legado, mas redirecionam pela flag
ok 306 - modais de retenção mantêm o legado, mas redirecionam pela flag
  ---
  duration_ms: 3.919625
  type: 'test'
  ...
# Subtest: drawer do aluno carrega e renderiza timeline canônica quando a flag v2 está ativa
ok 307 - drawer do aluno carrega e renderiza timeline canônica quando a flag v2 está ativa
  ---
  duration_ms: 3.527208
  type: 'test'
  ...
# Subtest: migration e RPCs de retenção validam em PostgreSQL descartável
ok 308 - migration e RPCs de retenção validam em PostgreSQL descartável # SKIP
  ---
  duration_ms: 0.510209
  type: 'test'
  ...
# (node:35449) ExperimentalWarning: The MockTimers API is an experimental feature and might change at any time
# (Use `node --trace-warnings ...` to show where the warning was created)
# Subtest: provisiona aluno ausente e resolve subject depois do upsert local
ok 309 - provisiona aluno ausente e resolve subject depois do upsert local
  ---
  duration_ms: 30.992625
  type: 'test'
  ...
# Subtest: aluno já existente não reprovisiona nem consulta Firestore
ok 310 - aluno já existente não reprovisiona nem consulta Firestore
  ---
  duration_ms: 0.486625
  type: 'test'
  ...
# Subtest: chamadas concorrentes do mesmo aluno compartilham um único provisionamento
ok 311 - chamadas concorrentes do mesmo aluno compartilham um único provisionamento
  ---
  duration_ms: 43.0315
  type: 'test'
  ...
# Subtest: aluno inexistente no Firestore falha com erro claro e sem provisionar
ok 312 - aluno inexistente no Firestore falha com erro claro e sem provisionar
  ---
  duration_ms: 2.057167
  type: 'test'
  ...
# Subtest: falha no provisionamento não avança para nova resolução nem cria sequência parcial no store
ok 313 - falha no provisionamento não avança para nova resolução nem cria sequência parcial no store
  ---
  duration_ms: 3.089959
  type: 'test'
  ...
# Subtest: service period mensal ancora no dia de entrada e renova por ciclo corrente
ok 314 - service period mensal ancora no dia de entrada e renova por ciclo corrente
  ---
  duration_ms: 0.614292
  type: 'test'
  ...
# Subtest: findScheduleConflict bloqueia professor com aula sobreposta
ok 315 - findScheduleConflict bloqueia professor com aula sobreposta
  ---
  duration_ms: 0.864959
  type: 'test'
  ...
# Subtest: findScheduleConflict permite mesmo horário para professores diferentes
ok 316 - findScheduleConflict permite mesmo horário para professores diferentes
  ---
  duration_ms: 0.168083
  type: 'test'
  ...
# Subtest: findScheduleConflict bloqueia duplicata dentro do mesmo payload
ok 317 - findScheduleConflict bloqueia duplicata dentro do mesmo payload
  ---
  duration_ms: 0.080375
  type: 'test'
  ...
# Subtest: findScheduleConflict ignora o próprio evento ao editar
ok 318 - findScheduleConflict ignora o próprio evento ao editar
  ---
  duration_ms: 0.126084
  type: 'test'
  ...
# Subtest: teacher só pode escrever na própria agenda
ok 319 - teacher só pode escrever na própria agenda
  ---
  duration_ms: 0.082166
  type: 'test'
  ...
# Subtest: payload live mantém alunoNome quando backend recebe fallback do front
ok 320 - payload live mantém alunoNome quando backend recebe fallback do front
  ---
  duration_ms: 1.115792
  type: 'test'
  ...
# Subtest: buildOccurrenceId gera chave canônica com prefixo occ
ok 321 - buildOccurrenceId gera chave canônica com prefixo occ
  ---
  duration_ms: 0.332417
  type: 'test'
  ...
# Subtest: findLinkedReplacementEvent encontra reposição já criada pelo vínculo de origem
ok 322 - findLinkedReplacementEvent encontra reposição já criada pelo vínculo de origem
  ---
  duration_ms: 0.341292
  type: 'test'
  ...
# Subtest: buildRecurringSeriesMutationPlan preserva passado, atualiza datas futuras e cancela slots removidos
ok 323 - buildRecurringSeriesMutationPlan preserva passado, atualiza datas futuras e cancela slots removidos
  ---
  duration_ms: 1.973667
  type: 'test'
  ...
# Subtest: buildCustomWeeklyOccurrences reconhece os 7 dias da semana, incluindo domingo
ok 324 - buildCustomWeeklyOccurrences reconhece os 7 dias da semana, incluindo domingo
  ---
  duration_ms: 0.847083
  type: 'test'
  ...
# Subtest: Show Rate usa reuniões feitas dividido por agendamentos da mesma fonte
ok 325 - Show Rate usa reuniões feitas dividido por agendamentos da mesma fonte
  ---
  duration_ms: 0.736292
  type: 'test'
  ...
# Subtest: Show Rate retorna zero quando não há agendamentos
ok 326 - Show Rate retorna zero quando não há agendamentos
  ---
  duration_ms: 0.121583
  type: 'test'
  ...
# Subtest: POST log_call não faz full scan de sdrActivityEvents
ok 327 - POST log_call não faz full scan de sdrActivityEvents
  ---
  duration_ms: 16.246208
  type: 'test'
  ...
# Subtest: POST undo_last consulta apenas a data do dia
ok 328 - POST undo_last consulta apenas a data do dia
  ---
  duration_ms: 0.380583
  type: 'test'
  ...
# Subtest: POST log_call é idempotente quando o mesmo clientRequestId chega duas vezes
ok 329 - POST log_call é idempotente quando o mesmo clientRequestId chega duas vezes
  ---
  duration_ms: 0.819917
  type: 'test'
  ...
# Subtest: POST log_call cria dois eventos para dois cliques legítimos consecutivos
ok 330 - POST log_call cria dois eventos para dois cliques legítimos consecutivos
  ---
  duration_ms: 2.216458
  type: 'test'
  ...
# Subtest: script SDR usa timeout e estado de envio visível no POST
ok 331 - script SDR usa timeout e estado de envio visível no POST
  ---
  duration_ms: 10.712459
  type: 'test'
  ...
# Subtest: Visão Geral exibe reuniões feitas e Show Rate do recorte SDR
ok 332 - Visão Geral exibe reuniões feitas e Show Rate do recorte SDR
  ---
  duration_ms: 8.32525
  type: 'test'
  ...
# Subtest: webhook exige segredo configurado
ok 333 - webhook exige segredo configurado
  ---
  duration_ms: 1.753042
  type: 'test'
  ...
# Subtest: webhook aceita segredo correto no cabeçalho
ok 334 - webhook aceita segredo correto no cabeçalho
  ---
  duration_ms: 0.272583
  type: 'test'
  ...
# Subtest: webhook rejeita segredo incorreto
ok 335 - webhook rejeita segredo incorreto
  ---
  duration_ms: 0.418875
  type: 'test'
  ...
# Subtest: Supabase server-side exige service role explícito
ok 336 - Supabase server-side exige service role explícito
  ---
  duration_ms: 1.211834
  type: 'test'
  ...
# Subtest: staging falha se apontar para Firebase de produção
ok 337 - staging falha se apontar para Firebase de produção
  ---
  duration_ms: 3.557292
  type: 'test'
  ...
# Subtest: ambiente inválido falha fechado
ok 338 - ambiente inválido falha fechado
  ---
  duration_ms: 0.131833
  type: 'test'
  ...
# Subtest: staging falha se apontar para Supabase de produção
ok 339 - staging falha se apontar para Supabase de produção
  ---
  duration_ms: 0.247208
  type: 'test'
  ...
# Subtest: staging falha se usar Asaas real
ok 340 - staging falha se usar Asaas real
  ---
  duration_ms: 0.094042
  type: 'test'
  ...
# Subtest: staging falha se webhook de produção estiver configurado
ok 341 - staging falha se webhook de produção estiver configurado
  ---
  duration_ms: 0.157542
  type: 'test'
  ...
# Subtest: runtime público de staging expõe banner de teste
ok 342 - runtime público de staging expõe banner de teste
  ---
  duration_ms: 0.2365
  type: 'test'
  ...
# Subtest: runtime-config renderiza banner mesmo quando isolamento falha
ok 343 - runtime-config renderiza banner mesmo quando isolamento falha
  ---
  duration_ms: 1.904375
  type: 'test'
  ...
# Subtest: runtime-config responde 200 no fallback para o script do banner executar
ok 344 - runtime-config responde 200 no fallback para o script do banner executar
  ---
  duration_ms: 1.418375
  type: 'test'
  ...
# Subtest: staging usa service account dedicada quando projectId público não existe
ok 345 - staging usa service account dedicada quando projectId público não existe
  ---
  duration_ms: 0.866625
  type: 'test'
  ...
# Subtest: produção ignora service account de staging
ok 346 - produção ignora service account de staging
  ---
  duration_ms: 0.891
  type: 'test'
  ...
# Subtest: páginas carregam runtime-config para exibir banner de staging
ok 347 - páginas carregam runtime-config para exibir banner de staging
  ---
  duration_ms: 3.771291
  type: 'test'
  ...
# Subtest: arquivos de exemplo não contêm secrets reais
ok 348 - arquivos de exemplo não contêm secrets reais
  ---
  duration_ms: 0.524583
  type: 'test'
  ...
# Subtest: reset recusa execução fora do staging
ok 349 - reset recusa execução fora do staging
  ---
  duration_ms: 0.82575
  type: 'test'
  ...
# Subtest: reset dry-run preserva plano seguro
ok 350 - reset dry-run preserva plano seguro
  ---
  duration_ms: 0.260166
  type: 'test'
  ...
# [ownership] mirror sync not_found {
#   firestore_doc_id: 'fs-sync-0',
#   table: 'n8n_alunos_financeiro_space',
#   strategy: 'firestore_doc_id',
#   filter: 'firestore_doc_id=eq.fs-sync-0',
#   rows_affected: 0
# }
# [ownership] mirror sync not_found {
#   firestore_doc_id: 'fs-sync-0',
#   table: 'n8n_onboarding_alunos_space',
#   strategy: 'firestore_doc_id',
#   filter: 'firestore_doc_id=eq.fs-sync-0',
#   rows_affected: 0
# }
# [ownership] mirror sync not_found {
#   firestore_doc_id: 'fs-sync-0',
#   table: 'n8n_alunos_financeiro_space',
#   strategy: 'email',
#   filter: 'email=eq.sync%40example.com',
#   rows_affected: 0
# }
# [ownership] mirror sync not_found {
#   firestore_doc_id: 'fs-sync-0',
#   table: 'n8n_onboarding_alunos_space',
#   strategy: 'email',
#   filter: 'email=eq.sync%40example.com',
#   rows_affected: 0
# }
# [ownership] mirror sync not_found {
#   firestore_doc_id: 'fs-sync-0',
#   table: 'n8n_onboarding_alunos_space',
#   strategy: 'aluno_id',
#   filter: 'aluno_id=eq.fs-sync-0',
#   rows_affected: 0
# }
# [ownership] mirror sync not_found {
#   firestore_doc_id: 'fs-sync-1',
#   table: 'n8n_alunos_financeiro_space',
#   strategy: 'firestore_doc_id',
#   filter: 'firestore_doc_id=eq.fs-sync-1',
#   rows_affected: 0
# }
# [ownership] mirror sync not_found {
#   firestore_doc_id: 'fs-sync-1',
#   table: 'n8n_onboarding_alunos_space',
#   strategy: 'firestore_doc_id',
#   filter: 'firestore_doc_id=eq.fs-sync-1',
#   rows_affected: 0
# }
# [ownership] mirror sync ambiguous {
#   firestore_doc_id: 'fs-sync-1',
#   table: 'n8n_alunos_financeiro_space',
#   strategy: 'email',
#   filter: 'email=eq.sync%40example.com',
#   candidates: 2,
#   rows_affected: 0
# }
# [ownership] mirror sync ambiguous {
#   firestore_doc_id: 'fs-sync-1',
#   table: 'n8n_onboarding_alunos_space',
#   strategy: 'email',
#   filter: 'email=eq.sync%40example.com',
#   candidates: 2,
#   rows_affected: 0
# }
# [ownership] mirror sync result {
#   firestore_doc_id: 'fs-sync-2',
#   table: 'n8n_alunos_financeiro_space',
#   strategy: 'firestore_doc_id',
#   filter: 'firestore_doc_id=eq.fs-sync-2',
#   status: 'updated',
#   rows_affected: 1
# }
# [ownership] mirror sync result {
#   firestore_doc_id: 'fs-sync-2',
#   table: 'n8n_onboarding_alunos_space',
#   strategy: 'firestore_doc_id',
#   filter: 'firestore_doc_id=eq.fs-sync-2',
#   status: 'updated',
#   rows_affected: 1
# }
# Subtest: aluno somente no Firestore aparece
ok 351 - aluno somente no Firestore aparece
  ---
  duration_ms: 1.022792
  type: 'test'
  ...
# Subtest: aluno nos dois bancos aparece uma vez
ok 352 - aluno nos dois bancos aparece uma vez
  ---
  duration_ms: 0.237792
  type: 'test'
  ...
# Subtest: cancelamento do Firestore prevalece
ok 353 - cancelamento do Firestore prevalece
  ---
  duration_ms: 0.306875
  type: 'test'
  ...
# Subtest: Supabase sem firestore_doc_id não remove o aluno do Firestore
ok 354 - Supabase sem firestore_doc_id não remove o aluno do Firestore
  ---
  duration_ms: 0.667584
  type: 'test'
  ...
# Subtest: dois alunos com nome igual não são fundidos
ok 355 - dois alunos com nome igual não são fundidos
  ---
  duration_ms: 0.608125
  type: 'test'
  ...
# Subtest: match ambíguo por e-mail gera warning e preserva registros
ok 356 - match ambíguo por e-mail gera warning e preserva registros
  ---
  duration_ms: 0.198209
  type: 'test'
  ...
# Subtest: admin-data classifica aluno explícito e legado por markers
ok 357 - admin-data classifica aluno explícito e legado por markers
  ---
  duration_ms: 0.206
  type: 'test'
  ...
# Subtest: sync do espelho retorna ok=false quando rows_affected = 0
ok 358 - sync do espelho retorna ok=false quando rows_affected = 0
  ---
  duration_ms: 2.062042
  type: 'test'
  ...
# Subtest: sync do espelho diferencia ambiguous e updated
ok 359 - sync do espelho diferencia ambiguous e updated
  ---
  duration_ms: 2.036209
  type: 'test'
  ...
# Subtest: sync do espelho retorna updated com rows_affected explícito
ok 360 - sync do espelho retorna updated com rows_affected explícito
  ---
  duration_ms: 0.967917
  type: 'test'
  ...
# Subtest: service role: redirects bloqueados; credencial refletida removida até de respostas de sucesso
ok 361 - service role: redirects bloqueados; credencial refletida removida até de respostas de sucesso
  ---
  duration_ms: 2.667625
  type: 'test'
  ...
# Subtest: service role: erros upstream serializáveis não carregam credencial
ok 362 - service role: erros upstream serializáveis não carregam credencial
  ---
  duration_ms: 0.544583
  type: 'test'
  ...
# Subtest: service role: erro de transporte não expõe headers, URL ou cause original
ok 363 - service role: erro de transporte não expõe headers, URL ou cause original
  ---
  duration_ms: 1.419125
  type: 'test'
  ...
# Subtest: dashboard do professor faz merge por aluno+professor+data+horário
ok 364 - dashboard do professor faz merge por aluno+professor+data+horário
  ---
  duration_ms: 0.616042
  type: 'test'
  ...
# Subtest: dashboard reaproveita o merge deduplicado ao juntar Firestore e live lessons
ok 365 - dashboard reaproveita o merge deduplicado ao juntar Firestore e live lessons
  ---
  duration_ms: 0.093875
  type: 'test'
  ...
# Subtest: badge Concluída na agenda de hoje depende apenas do horário já passado
ok 366 - badge Concluída na agenda de hoje depende apenas do horário já passado
  ---
  duration_ms: 0.115375
  type: 'test'
  ...
# Subtest: normalizeLessonRegisterStatus trata status pedagógicos relevantes
ok 367 - normalizeLessonRegisterStatus trata status pedagógicos relevantes
  ---
  duration_ms: 0.856084
  type: 'test'
  ...
# Subtest: getLessonStatusWeight aplica pesos corretos
ok 368 - getLessonStatusWeight aplica pesos corretos
  ---
  duration_ms: 0.143125
  type: 'test'
  ...
# Subtest: getCreditedLessonMinutes soma integral para aula realizada
ok 369 - getCreditedLessonMinutes soma integral para aula realizada
  ---
  duration_ms: 0.074916
  type: 'test'
  ...
# Subtest: getCreditedLessonMinutes soma metade para falta
ok 370 - getCreditedLessonMinutes soma metade para falta
  ---
  duration_ms: 0.055834
  type: 'test'
  ...
# Subtest: getCreditedLessonMinutes zera cancelada, remarcada e sem registro
ok 371 - getCreditedLessonMinutes zera cancelada, remarcada e sem registro
  ---
  duration_ms: 0.122458
  type: 'test'
  ...
# Subtest: reposicao realizada conta 100% pela duração real
ok 372 - reposicao realizada conta 100% pela duração real
  ---
  duration_ms: 0.050458
  type: 'test'
  ...
# Subtest: script do dashboard usa minutos creditados por status no card mensal
ok 373 - script do dashboard usa minutos creditados por status no card mensal
  ---
  duration_ms: 0.310375
  type: 'test'
  ...
# Subtest: pedagógico do professor preserva liveLessonId do evento de agenda para casar registros após remarcação
ok 374 - pedagógico do professor preserva liveLessonId do evento de agenda para casar registros após remarcação
  ---
  duration_ms: 4.470125
  type: 'test'
  ...
# Subtest: professor não acessa ficha de aluno fora do escopo
ok 375 - professor não acessa ficha de aluno fora do escopo
  ---
  duration_ms: 2.065625
  type: 'test'
  ...
# Subtest: professor acessa ficha de aluno vinculado
ok 376 - professor acessa ficha de aluno vinculado
  ---
  duration_ms: 0.401209
  type: 'test'
  ...
# Subtest: GET teacher-workhours usa fallback admin quando não há idToken
ok 377 - GET teacher-workhours usa fallback admin quando não há idToken
  ---
  duration_ms: 2.614625
  type: 'test'
  ...
# Subtest: POST teacher-workhours continua exigindo idToken válido
ok 378 - POST teacher-workhours continua exigindo idToken válido
  ---
  duration_ms: 0.333375
  type: 'test'
  ...
1..378
# tests 378
# suites 0
# pass 372
# fail 1
# cancelled 0
# skipped 5
# todo 0
# duration_ms 1611.534583
