TAP version 13
# Subtest: legacy movement date remains explicit and cannot pass financial certification
ok 1 - legacy movement date remains explicit and cannot pass financial certification
  ---
  duration_ms: 3.56175
  type: 'test'
  ...
# Subtest: SDR evidence missing origin or event timestamp stays not_loaded
ok 2 - SDR evidence missing origin or event timestamp stays not_loaded
  ---
  duration_ms: 0.300833
  type: 'test'
  ...
# Subtest: stored 8385 is mechanically classified STALE against 12646
ok 3 - stored 8385 is mechanically classified STALE against 12646
  ---
  duration_ms: 0.21075
  type: 'test'
  ...
# Subtest: SDR not_loaded does not produce financial zero
ok 4 - SDR not_loaded does not produce financial zero
  ---
  duration_ms: 0.12675
  type: 'test'
  ...
# Subtest: SDR source_error does not produce financial zero
ok 5 - SDR source_error does not produce financial zero
  ---
  duration_ms: 0.069833
  type: 'test'
  ...
# Subtest: SDR explicit no attribution, zero sale and wrong origin are distinct
ok 6 - SDR explicit no attribution, zero sale and wrong origin are distinct
  ---
  duration_ms: 0.12225
  type: 'test'
  ...
# Subtest: closed deals without identity or closing date cannot be certified as zero
ok 7 - closed deals without identity or closing date cannot be certified as zero
  ---
  duration_ms: 0.438625
  type: 'test'
  ...
# Subtest: cross-month weekly ledger preserves each real competence
ok 8 - cross-month weekly ledger preserves each real competence
  ---
  duration_ms: 5.782541
  type: 'test'
  ...
# Subtest: half-open boundary first
ok 9 - half-open boundary first
  ---
  duration_ms: 0.522709
  type: 'test'
  ...
# Subtest: half-open boundary last
ok 10 - half-open boundary last
  ---
  duration_ms: 0.333833
  type: 'test'
  ...
# Subtest: half-open boundary next
ok 11 - half-open boundary next
  ---
  duration_ms: 0.121375
  type: 'test'
  ...
# Subtest: half-open boundary august-before
ok 12 - half-open boundary august-before
  ---
  duration_ms: 0.222417
  type: 'test'
  ...
# Subtest: half-open boundary august-special
ok 13 - half-open boundary august-special
  ---
  duration_ms: 0.131375
  type: 'test'
  ...
# Subtest: half-open boundary special-last
ok 14 - half-open boundary special-last
  ---
  duration_ms: 0.05325
  type: 'test'
  ...
# Subtest: half-open boundary special-next
ok 15 - half-open boundary special-next
  ---
  duration_ms: 0.067417
  type: 'test'
  ...
# Subtest: half-open boundary year
ok 16 - half-open boundary year
  ---
  duration_ms: 0.186125
  type: 'test'
  ...
# Subtest: partition has no overlaps/gaps 2025-02
ok 17 - partition has no overlaps/gaps 2025-02
  ---
  duration_ms: 20.51775
  type: 'test'
  ...
# Subtest: partition has no overlaps/gaps 2024-02
ok 18 - partition has no overlaps/gaps 2024-02
  ---
  duration_ms: 18.692666
  type: 'test'
  ...
# Subtest: partition has no overlaps/gaps 2026-04
ok 19 - partition has no overlaps/gaps 2026-04
  ---
  duration_ms: 18.975791
  type: 'test'
  ...
# Subtest: partition has no overlaps/gaps 2026-07
ok 20 - partition has no overlaps/gaps 2026-07
  ---
  duration_ms: 19.426417
  type: 'test'
  ...
# Subtest: partition has no overlaps/gaps 2026-08
ok 21 - partition has no overlaps/gaps 2026-08
  ---
  duration_ms: 19.226958
  type: 'test'
  ...
# Subtest: partition has no overlaps/gaps 2026-12
ok 22 - partition has no overlaps/gaps 2026-12
  ---
  duration_ms: 22.913625
  type: 'test'
  ...
# Subtest: host timezone cannot change commercial date, month, or week
ok 23 - host timezone cannot change commercial date, month, or week
  ---
  duration_ms: 206.656916
  type: 'test'
  ...
# Subtest: date-only values mean Sao Paulo civil date, invalid/ambiguous dates fail
ok 24 - date-only values mean Sao Paulo civil date, invalid/ambiguous dates fail
  ---
  duration_ms: 0.097916
  type: 'test'
  ...
# Subtest: historical DST midnight gap resolves to first real instant
ok 25 - historical DST midnight gap resolves to first real instant
  ---
  duration_ms: 0.304
  type: 'test'
  ...
# Subtest: created in May and gained at new-week midnight belongs to September
ok 26 - created in May and gained at new-week midnight belongs to September
  ---
  duration_ms: 0.830959
  type: 'test'
  ...
# Subtest: explicit zero remains zero and counts one sale, not a fallback ticket
ok 27 - explicit zero remains zero and counts one sale, not a fallback ticket
  ---
  duration_ms: 0.111041
  type: 'test'
  ...
# Subtest: identical deal IDs counted once; conflicting financial facts reject
ok 28 - identical deal IDs counted once; conflicting financial facts reject
  ---
  duration_ms: 0.336583
  type: 'test'
  ...
# Subtest: revenue preserved in Outros: inactive
ok 29 - revenue preserved in Outros: inactive
  ---
  duration_ms: 1.000125
  type: 'test'
  ...
# Subtest: revenue preserved in Outros: removed
ok 30 - revenue preserved in Outros: removed
  ---
  duration_ms: 0.350709
  type: 'test'
  ...
# Subtest: revenue preserved in Outros: changed-role
ok 31 - revenue preserved in Outros: changed-role
  ---
  duration_ms: 0.570542
  type: 'test'
  ...
# Subtest: revenue preserved in Outros: missing-owner
ok 32 - revenue preserved in Outros: missing-owner
  ---
  duration_ms: 0.483375
  type: 'test'
  ...
# Subtest: revenue preserved in Outros: SDR
ok 33 - revenue preserved in Outros: SDR
  ---
  duration_ms: 0.761083
  type: 'test'
  ...
# Subtest: historical explicit closer role overrides current SDR role
ok 34 - historical explicit closer role overrides current SDR role
  ---
  duration_ms: 0.298708
  type: 'test'
  ...
# Subtest: monthly = clipped weekly partitions, including days from adjacent planning weeks
ok 35 - monthly = clipped weekly partitions, including days from adjacent planning weeks
  ---
  duration_ms: 0.662625
  type: 'test'
  ...
# Subtest: overlapping custom competences are detected, never silently double-assigned
ok 36 - overlapping custom competences are detected, never silently double-assigned
  ---
  duration_ms: 0.229208
  type: 'test'
  ...
# Subtest: monthly and weekly CRM helpers reconcile to management and financial ledger
ok 37 - monthly and weekly CRM helpers reconcile to management and financial ledger
  ---
  duration_ms: 2.494708
  type: 'test'
  ...
# Subtest: deal-level reconciliation detects value drift
ok 38 - deal-level reconciliation detects value drift
  ---
  duration_ms: 0.079042
  type: 'test'
  ...
# Subtest: deal-level reconciliation detects dateKey drift
ok 39 - deal-level reconciliation detects dateKey drift
  ---
  duration_ms: 0.039042
  type: 'test'
  ...
# Subtest: deal-level reconciliation detects dateField drift
ok 40 - deal-level reconciliation detects dateField drift
  ---
  duration_ms: 0.035709
  type: 'test'
  ...
# Subtest: deal-level reconciliation detects weekKey drift
ok 41 - deal-level reconciliation detects weekKey drift
  ---
  duration_ms: 0.149209
  type: 'test'
  ...
# Subtest: deal-level reconciliation detects competencia drift
ok 42 - deal-level reconciliation detects competencia drift
  ---
  duration_ms: 0.040375
  type: 'test'
  ...
# Subtest: deal-level reconciliation detects status drift
ok 43 - deal-level reconciliation detects status drift
  ---
  duration_ms: 0.031417
  type: 'test'
  ...
# Subtest: deal-level reconciliation detects responsibleId drift
ok 44 - deal-level reconciliation detects responsibleId drift
  ---
  duration_ms: 0.03
  type: 'test'
  ...
# Subtest: deal-level reconciliation detects role drift
ok 45 - deal-level reconciliation detects role drift
  ---
  duration_ms: 0.027375
  type: 'test'
  ...
# Subtest: same aggregate does not hide exchanged, duplicate or missing deals
ok 46 - same aggregate does not hide exchanged, duplicate or missing deals
  ---
  duration_ms: 0.077083
  type: 'test'
  ...
# Subtest: SDR events: identity, duplicate, deletion, wrong outcome, missing actor all explicit
ok 47 - SDR events: identity, duplicate, deletion, wrong outcome, missing actor all explicit
  ---
  duration_ms: 0.362291
  type: 'test'
  ...
# Subtest: readOnly source path cannot acquire lease, collect, or publish
ok 48 - readOnly source path cannot acquire lease, collect, or publish
  ---
  duration_ms: 0.489584
  type: 'test'
  ...
# Subtest: publication requires per-deal ledger even when team totals match
ok 49 - publication requires per-deal ledger even when team totals match
  ---
  duration_ms: 0.175459
  type: 'test'
  ...
# Subtest: real Firestore adapter sends cache and history in ONE commit with version precondition
ok 50 - real Firestore adapter sends cache and history in ONE commit with version precondition
  ---
  duration_ms: 27.352875
  type: 'test'
  ...
# Subtest: gate 11: pages 1/2 OK, page 3 exhausts 429; recovery publishes one atomic canonical payload
ok 51 - gate 11: pages 1/2 OK, page 3 exhausts 429; recovery publishes one atomic canonical payload
  ---
  duration_ms: 16.998834
  type: 'test'
  ...
# Subtest: normal pagination: terminal page, counts, stable IDs and atomic publication
ok 52 - normal pagination: terminal page, counts, stable IDs and atomic publication
  ---
  duration_ms: 0.947958
  type: 'test'
  ...
# Subtest: 429 recovers with exponential backoff, jitter, Retry-After and same page
ok 53 - 429 recovers with exponential backoff, jitter, Retry-After and same page
  ---
  duration_ms: 0.388125
  type: 'test'
  ...
# Subtest: permanent 429: FAILED attempt, previous source and metric snapshot untouched, cooldown
ok 54 - permanent 429: FAILED attempt, previous source and metric snapshot untouched, cooldown
  ---
  duration_ms: 1.562833
  type: 'test'
  ...
# Subtest: intermediate failure and pagination safety cap cannot publish partial datasets
ok 55 - intermediate failure and pagination safety cap cannot publish partial datasets
  ---
  duration_ms: 1.063625
  type: 'test'
  ...
# Subtest: idempotence: repeated identical IDs do not change total, reordered pages preserve hash; conflicting IDs fail
ok 56 - idempotence: repeated identical IDs do not change total, reordered pages preserve hash; conflicting IDs fail
  ---
  duration_ms: 0.385083
  type: 'test'
  ...
# Subtest: distributed concurrency: only one worker collects; expired worker is fenced
ok 57 - distributed concurrency: only one worker collects; expired worker is fenced
  ---
  duration_ms: 0.732959
  type: 'test'
  ...
# Subtest: quality gate and calculation failure leave current intact
ok 58 - quality gate and calculation failure leave current intact
  ---
  duration_ms: 0.348375
  type: 'test'
  ...
# Subtest: gain date includes restored sale on new day, and SDR revenues remain in team
ok 59 - gain date includes restored sale on new day, and SDR revenues remain in team
  ---
  duration_ms: 1.196209
  type: 'test'
  ...
# Subtest: freshness: legacy, failures and aged browser fallbacks never look fresh
ok 60 - freshness: legacy, failures and aged browser fallbacks never look fresh
  ---
  duration_ms: 1.359333
  type: 'test'
  ...
# Subtest: Retry-After beyond job deadline fails without another request; 401 does not retry
ok 61 - Retry-After beyond job deadline fails without another request; 401 does not retry
  ---
  duration_ms: 0.279542
  type: 'test'
  ...
# Subtest: publication rejects late old sources and failed atomic commits do not change current
ok 62 - publication rejects late old sources and failed atomic commits do not change current
  ---
  duration_ms: 0.671625
  type: 'test'
  ...
# Subtest: request timeout retries and missing IDs fail closed
ok 63 - request timeout retries and missing IDs fail closed
  ---
  duration_ms: 0.486125
  type: 'test'
  ...
# Subtest: daily rollups reconcile full counts idempotently instead of incrementing replayed sales
ok 64 - daily rollups reconcile full counts idempotently instead of incrementing replayed sales
  ---
  duration_ms: 1.387833
  type: 'test'
  ...
1..64
# tests 64
# suites 0
# pass 64
# fail 0
# cancelled 0
# skipped 0
# todo 0
# duration_ms 469.962583
