TAP version 13
# Subtest: Finance: real PostgreSQL/PostgREST transactional foundation with simulated Asaas
    # Subtest: PAYMENT_CREATED enters real inbox, creates unmatched projection; 20 replays do not duplicate
    ok 1 - PAYMENT_CREATED enters real inbox, creates unmatched projection; 20 replays do not duplicate
      ---
      duration_ms: 960.365292
      type: 'test'
      ...
    # Subtest: 20 simultaneous first deliveries and processors: one inbox and one business effect
    ok 2 - 20 simultaneous first deliveries and processors: one inbox and one business effect
      ---
      duration_ms: 524.586208
      type: 'test'
      ...
    # Subtest: UPDATE/OVERDUE/CONFIRMED/RECEIVED update one settlement, preserving distinctions
    ok 3 - UPDATE/OVERDUE/CONFIRMED/RECEIVED update one settlement, preserving distinctions
      ---
      duration_ms: 2053.322083
      type: 'test'
      ...
    # Subtest: late UPDATED PENDING cannot downgrade RECEIVED; GET current state wins
    ok 4 - late UPDATED PENDING cannot downgrade RECEIVED; GET current state wins
      ---
      duration_ms: 99.934166
      type: 'test'
      ...
    # Subtest: refund, chargebacks, deletion and restoration preserve audit and one payment
    ok 5 - refund, chargebacks, deletion and restoration preserve audit and one payment
      ---
      duration_ms: 692.407459
      type: 'test'
      ...
    # Subtest: explicit verified customer link; unknown customer stays unmatched without name/email heuristics
    ok 6 - explicit verified customer link; unknown customer stays unmatched without name/email heuristics
      ---
      duration_ms: 225.415167
      type: 'test'
      ...
    # Subtest: transaction rollback if audit insertion fails: no partial projection/payment
    ok 7 - transaction rollback if audit insertion fails: no partial projection/payment
      ---
      duration_ms: 1966.247791
      type: 'test'
      ...
    # Subtest: retry records failed state, backoff and hard attempt limit
    ok 8 - retry records failed state, backoff and hard attempt limit
      ---
      duration_ms: 3919.145417
      type: 'test'
      ...
    # Subtest: permanent 404 never fabricates a deletion; event remains failed visible
    ok 9 - permanent 404 never fabricates a deletion; event remains failed visible
      ---
      duration_ms: 156.064083
      type: 'test'
      ...
    # Subtest: stale worker cannot commit after lease expires and newer worker repairs
    ok 10 - stale worker cannot commit after lease expires and newer worker repairs
      ---
      duration_ms: 651.596375
      type: 'test'
      ...
    # Subtest: dry-run paginates, reports divergence and makes no database mutation; repeated apply upserts
    ok 11 - dry-run paginates, reports divergence and makes no database mutation; repeated apply upserts
      ---
      duration_ms: 3000.2685
      type: 'test'
      ...
    # Subtest: reconciliation detects typed-column drift; repair restores Asaas state with source audit
    ok 12 - reconciliation detects typed-column drift; repair restores Asaas state with source audit
      ---
      duration_ms: 985.943584
      type: 'test'
      ...
    # Subtest: deleted local projection in disposable DB is detected and rebuilt by repair
    ok 13 - deleted local projection in disposable DB is detected and rebuilt by repair
      ---
      duration_ms: 398.641375
      type: 'test'
      ...
    # Subtest: crash on final attempt becomes failed after lease expiration
    ok 14 - crash on final attempt becomes failed after lease expiration
      ---
      duration_ms: 276.930041
      type: 'test'
      ...
    # Subtest: account/environment binding prevents projection into another connection
    ok 15 - account/environment binding prevents projection into another connection
      ---
      duration_ms: 166.518458
      type: 'test'
      ...
    # Subtest: customer/subscription projections do not invent academic identities
    ok 16 - customer/subscription projections do not invent academic identities
      ---
      duration_ms: 288.970458
      type: 'test'
      ...
    # Subtest: privileges/constraints: browser cannot call RPC, service cannot mutate tables, audit immutable
    ok 17 - privileges/constraints: browser cannot call RPC, service cannot mutate tables, audit immutable
      ---
      duration_ms: 1014.27625
      type: 'test'
      ...
    # Subtest: shared connections coexist with Attendance migration without changing financial ownership
    ok 18 - shared connections coexist with Attendance migration without changing financial ownership
      ---
      duration_ms: 823.196625
      type: 'test'
      ...
    # Subtest: unknown events stored then ignored visibly; migration replay preserves records
    ok 19 - unknown events stored then ignored visibly; migration replay preserves records
      ---
      duration_ms: 388.524084
      type: 'test'
      ...
    1..19
ok 1 - Finance: real PostgreSQL/PostgREST transactional foundation with simulated Asaas
  ---
  duration_ms: 26719.496458
  type: 'test'
  ...
1..1
# tests 20
# suites 0
# pass 20
# fail 0
# cancelled 0
# skipped 0
# todo 0
# duration_ms 27139.292
