TAP version 13
# Subtest: Finance: real PostgreSQL/PostgREST transactional foundation with simulated Asaas
not ok 1 - Finance: real PostgreSQL/PostgREST transactional foundation with simulated Asaas
  ---
  duration_ms: 3124.432125
  type: 'test'
  location: '/Users/spaceonline/Documents/New project/tests/finance-sql-integration.test.js:14:1'
  failureType: 'testCodeFailure'
  error: |-
    Command failed: docker image inspect postgres:16-alpine
    Error response from daemon: {"message":"No such image: postgres:16-alpine"}
    
  code: 'ERR_TEST_FAILURE'
  stack: |-
    genericNodeError (node:internal/errors:983:15)
    wrappedFn (node:internal/errors:537:14)
    checkExecSyncError (node:child_process:916:11)
    execFileSync (node:child_process:952:15)
    docker (/Users/spaceonline/Documents/New project/tests/helpers/finance-postgres.js:8:33)
    createHarness (/Users/spaceonline/Documents/New project/tests/helpers/finance-postgres.js:38:5)
    TestContext.<anonymous> (/Users/spaceonline/Documents/New project/tests/finance-sql-integration.test.js:16:19)
    Test.runInAsyncScope (node:async_hooks:214:14)
    Test.run (node:internal/test_runner/test:1047:25)
    Test.start (node:internal/test_runner/test:944:17)
  ...
1..1
# tests 1
# suites 0
# pass 0
# fail 1
# cancelled 0
# skipped 0
# todo 0
# duration_ms 3181.291084
