{
  "status": "ok",
  "deployment": {
    "id": "dpl_6U1N6McvN9ZECtxXf6phsKbtwbiW",
    "url": "https://space-i9643l3j1-guilhermedavi-4547s-projects.vercel.app",
    "inspectorUrl": "https://vercel.com/guilhermedavi-4547s-projects/space/6U1N6McvN9ZECtxXf6phsKbtwbiW",
    "readyState": "READY",
    "target": "production",
    "deploymentApiUrl": "https://api.vercel.com/v13/deployments/dpl_6U1N6McvN9ZECtxXf6phsKbtwbiW"
  },
  "message": "Deployment space-i9643l3j1-guilhermedavi-4547s-projects.vercel.app ready.",
  "next": [
    {
      "command": "vercel inspect space-i9643l3j1-guilhermedavi-4547s-projects.vercel.app --scope team_QFoYBpP3YUXGD4agYHZ7I6jV",
      "when": "Inspect deployment"
    },
    {
      "command": "vercel deploy --prod --scope team_QFoYBpP3YUXGD4agYHZ7I6jV",
      "when": "Promote to production"
    }
  ]
}
Vercel CLI 55.0.0 (Node.js 22.22.3)
Retrieving project…
Deploying guilhermedavi-4547s-projects/space
Uploading [--------------------] (0.0B/55.5KB)
Uploading [=====---------------] (14.0KB/55.5KB)
Uploading [===========---------] (30.7KB/55.5KB)
Uploading [===============-----] (42.5KB/55.5KB)
Uploading [====================] (55.5KB/55.5KB)
  Inspect         https://vercel.com/guilhermedavi-4547s-projects/space/6U1N6McvN9ZECtxXf6phsKbtwbiW
▲ Production      https://space-i9643l3j1-guilhermedavi-4547s-projects.vercel.app
Building…
Building…
Running build in Washington, D.C., USA (East) – iad1
Build machine configuration: 4 cores, 8 GB
Retrieving list of deployment files...
Downloading 406 deployment files...
Restored build cache from previous deployment (BC4SPFjUJrXybdEmzfegKfdFNr7j)
Running "vercel build"
Vercel CLI 59.17.0
Installing dependencies...
up to date in 494ms
20 packages are looking for funding
run `npm fund` for details
Build Completed in /vercel/output [6s]
Deploying outputs...
[2K[1A[2K[G▲ Production      https://space-i9643l3j1-guilhermedavi-4547s-projects.vercel.app
Completing…
