TAP version 13
# Subtest: exact unique identity supports canonical, valid CPF, phone and email, never names
ok 1 - exact unique identity supports canonical, valid CPF, phone and email, never names
  ---
  duration_ms: 3.38475
  type: 'test'
  ...
# Subtest: duplicates on either side and conflicting strong identifiers are AMBIGUOUS
ok 2 - duplicates on either side and conflicting strong identifiers are AMBIGUOUS
  ---
  duration_ms: 2.291208
  type: 'test'
  ...
# Subtest: existing canonical legacy IDs take priority and stored method survives subsequent runs
ok 3 - existing canonical legacy IDs take priority and stored method survives subsequent runs
  ---
  duration_ms: 0.60325
  type: 'test'
  ...
# Subtest: deleted or missing provider customers remain unmatched, conflicting existing link stays ambiguous
ok 4 - deleted or missing provider customers remain unmatched, conflicting existing link stays ambiguous
  ---
  duration_ms: 0.12275
  type: 'test'
  ...
1..4
# tests 4
# suites 0
# pass 4
# fail 0
# cancelled 0
# skipped 0
# todo 0
# duration_ms 97.885
