TAP version 13
# Subtest: pedido não altera financeiro, pausa, fim ou churn
ok 1 - pedido não altera financeiro, pausa, fim ou churn
  ---
  duration_ms: 7.251667
  type: 'test'
  ...
# Subtest: pedido revertido mantém data do pedido, registra reversão e continua ativo
ok 2 - pedido revertido mantém data do pedido, registra reversão e continua ativo
  ---
  duration_ms: 0.178417
  type: 'test'
  ...
# Subtest: aviso explícito é dois meses, churn é dia seguinte
ok 3 - aviso explícito é dois meses, churn é dia seguinte
  ---
  duration_ms: 36.232541
  type: 'test'
  ...
# Subtest: vigência em 2026-10-15
ok 4 - vigência em 2026-10-15
  ---
  duration_ms: 0.309
  type: 'test'
  ...
# Subtest: vigência em 2026-11-20
ok 5 - vigência em 2026-11-20
  ---
  duration_ms: 0.412
  type: 'test'
  ...
# Subtest: vigência em 2026-11-21
ok 6 - vigência em 2026-11-21
  ---
  duration_ms: 0.129083
  type: 'test'
  ...
# Subtest: agenda aceita último dia e recusa dia posterior sem mudar regras de horários
ok 7 - agenda aceita último dia e recusa dia posterior sem mudar regras de horários
  ---
  duration_ms: 1.475375
  type: 'test'
  ...
# Subtest: virada de dia usa São Paulo e independe de job atrasado
ok 8 - virada de dia usa São Paulo e independe de job atrasado
  ---
  duration_ms: 0.233833
  type: 'test'
  ...
# Subtest: calendário 2026-01-31
ok 9 - calendário 2026-01-31
  ---
  duration_ms: 0.260291
  type: 'test'
  ...
# Subtest: calendário 2026-12-31
ok 10 - calendário 2026-12-31
  ---
  duration_ms: 0.319083
  type: 'test'
  ...
# Subtest: calendário 2023-12-31
ok 11 - calendário 2023-12-31
  ---
  duration_ms: 0.0965
  type: 'test'
  ...
# Subtest: calendário 2026-07-31
ok 12 - calendário 2026-07-31
  ---
  duration_ms: 0.041709
  type: 'test'
  ...
# Subtest: calendário 2026-07-31T02:30:00Z
ok 13 - calendário 2026-07-31T02:30:00Z
  ---
  duration_ms: 0.080416
  type: 'test'
  ...
# Subtest: datas inválidas não normalizam silenciosamente
ok 14 - datas inválidas não normalizam silenciosamente
  ---
  duration_ms: 0.246958
  type: 'test'
  ...
# Subtest: contrato simultâneo ativo mantém direitos após churn de outro
ok 15 - contrato simultâneo ativo mantém direitos após churn de outro
  ---
  duration_ms: 0.084959
  type: 'test'
  ...
# Subtest: nenhuma obrigação pode abranger dias posteriores ao contrato
ok 16 - nenhuma obrigação pode abranger dias posteriores ao contrato
  ---
  duration_ms: 0.158666
  type: 'test'
  ...
# Subtest: importação de reversão é determinística, preserva os eventos e não inventa aviso
ok 17 - importação de reversão é determinística, preserva os eventos e não inventa aviso
  ---
  duration_ms: 2.317042
  type: 'test'
  ...
# Subtest: importador emite exceção em vez de inventar churn e datas
ok 18 - importador emite exceção em vez de inventar churn e datas
  ---
  duration_ms: 0.304042
  type: 'test'
  ...
# Subtest: métricas contam quatro eventos separadamente e usam data efetiva de churn atrasado
ok 19 - métricas contam quatro eventos separadamente e usam data efetiva de churn atrasado
  ---
  duration_ms: 1.218625
  type: 'test'
  ...
# Subtest: browser executa exatamente o mesmo domínio de datas
ok 20 - browser executa exatamente o mesmo domínio de datas
  ---
  duration_ms: 1.769459
  type: 'test'
  ...
# Subtest: projeção Firestore é persistida, idempotente e rejeita versão antiga
ok 21 - projeção Firestore é persistida, idempotente e rejeita versão antiga
  ---
  duration_ms: 0.495375
  type: 'test'
  ...
1..21
# tests 21
# suites 0
# pass 21
# fail 0
# cancelled 0
# skipped 0
# todo 0
# duration_ms 138.802708
