
> test
> node --test tests/*.test.js

TAP version 13
# Subtest: resolvePeriodRange monta hoje, semana e mês em São Paulo
ok 1 - resolvePeriodRange monta hoje, semana e mês em São Paulo
  ---
  duration_ms: 59.079958
  type: 'test'
  ...
# Subtest: summarizeDailyRows recalcula taxas a partir dos totais agregados
ok 2 - summarizeDailyRows recalcula taxas a partir dos totais agregados
  ---
  duration_ms: 1.227542
  type: 'test'
  ...
# Subtest: Agendado para Feito usa eventos históricos e preserva agendamentos
ok 3 - Agendado para Feito usa eventos históricos e preserva agendamentos
  ---
  duration_ms: 0.578709
  type: 'test'
  ...
# Subtest: Agendado para Feito retorna zero sem agendamentos
ok 4 - Agendado para Feito retorna zero sem agendamentos
  ---
  duration_ms: 0.181125
  type: 'test'
  ...
# Subtest: Pré-Vendas renderiza reuniões feitas e conversão total e por SDR
ok 5 - Pré-Vendas renderiza reuniões feitas e conversão total e por SDR
  ---
  duration_ms: 111.73875
  type: 'test'
  ...
# Subtest: normalizeActivityEvent ignora deletados e marca horário local do evento
ok 6 - normalizeActivityEvent ignora deletados e marca horário local do evento
  ---
  duration_ms: 56.206
  type: 'test'
  ...
# Subtest: Registros de Aulas usa occurrence_id como chave primária do join
ok 7 - Registros de Aulas usa occurrence_id como chave primária do join
  ---
  duration_ms: 33.712541
  type: 'test'
  ...
# Subtest: Registros de Aulas usa fallback explícito só pelo legacy occurrence map
ok 8 - Registros de Aulas usa fallback explícito só pelo legacy occurrence map
  ---
  duration_ms: 30.259625
  type: 'test'
  ...
# Subtest: agenda do admin expõe os 4 tipos especiais e exige professor responsável
ok 9 - agenda do admin expõe os 4 tipos especiais e exige professor responsável
  ---
  duration_ms: 27.239
  type: 'test'
  ...
# Subtest: eventos experimentais e onboarding usam registro pedagógico simplificado
ok 10 - eventos experimentais e onboarding usam registro pedagógico simplificado
  ---
  duration_ms: 2.278625
  type: 'test'
  ...
# Subtest: horas-aula incluem especiais de aula e presença exclui todos os tipoEvento especiais
ok 11 - horas-aula incluem especiais de aula e presença exclui todos os tipoEvento especiais
  ---
  duration_ms: 2.476292
  type: 'test'
  ...
# Subtest: api de schedule-events persiste tipoEvento no documento da agenda
ok 12 - api de schedule-events persiste tipoEvento no documento da agenda
  ---
  duration_ms: 9.053417
  type: 'test'
  ...
# Subtest: api legada de lesson-logs não persiste mais statusAula operacional no Firestore
ok 13 - api legada de lesson-logs não persiste mais statusAula operacional no Firestore
  ---
  duration_ms: 0.947625
  type: 'test'
  ...
# Subtest: parseStudentImportText aceita CSV com nome e email
ok 14 - parseStudentImportText aceita CSV com nome e email
  ---
  duration_ms: 4.682292
  type: 'test'
  ...
# Subtest: parseStudentImportText aceita lista sem cabeçalho
ok 15 - parseStudentImportText aceita lista sem cabeçalho
  ---
  duration_ms: 0.424
  type: 'test'
  ...
# Subtest: parseStudentImportText aceita variações comuns de cabeçalho
ok 16 - parseStudentImportText aceita variações comuns de cabeçalho
  ---
  duration_ms: 1.74725
  type: 'test'
  ...
# Subtest: parseStudentImportText cai para posição quando cabeçalho não é reconhecido
ok 17 - parseStudentImportText cai para posição quando cabeçalho não é reconhecido
  ---
  duration_ms: 0.188208
  type: 'test'
  ...
# Subtest: parseStudentImportText ignora bytes nulos de CSV UTF-16 mal decodificado
ok 18 - parseStudentImportText ignora bytes nulos de CSV UTF-16 mal decodificado
  ---
  duration_ms: 2.899209
  type: 'test'
  ...
# Subtest: documento padrão marca troca obrigatória e ownership Firestore
ok 19 - documento padrão marca troca obrigatória e ownership Firestore
  ---
  duration_ms: 5.215708
  type: 'test'
  ...
# Subtest: path de criação do aluno usa formato aceito pelo Firestore commit
ok 20 - path de criação do aluno usa formato aceito pelo Firestore commit
  ---
  duration_ms: 0.248959
  type: 'test'
  ...
# Subtest: autenticação existente: perfil atual ativo, UID consistente, role interna elegível
ok 21 - autenticação existente: perfil atual ativo, UID consistente, role interna elegível
  ---
  duration_ms: 3.476334
  type: 'test'
  ...
# Subtest: gate de ambiente falha fechado: produção/ausência de staging/flag desligada
not ok 22 - gate de ambiente falha fechado: produção/ausência de staging/flag desligada
  ---
  duration_ms: 5.993917
  type: 'test'
  location: '/Users/spaceonline/Documents/New project/tests/attendance-api.test.js:24:1'
  failureType: 'testCodeFailure'
  error: |-
    The input did not match the regular expression /attendance_staging_not_verified/. Input:
    
    'Error: attendance_environment_production_authorization_required'
    
  code: 'ERR_ASSERTION'
  name: 'AssertionError'
  expected:
  actual:
  error: 'attendance_environment_production_authorization_required'
  stack: |-
    deny (/Users/spaceonline/Documents/New project/_lib/attendance-environment.js:6:23)
    assertAttendanceProductionTarget (/Users/spaceonline/Documents/New project/_lib/attendance-environment.js:57:61)
    assertAttendanceTarget (/Users/spaceonline/Documents/New project/_lib/attendance-environment.js:23:44)
    assertAttendanceEnvironment (/Users/spaceonline/Documents/New project/api/_lib/attendance-domain.js:40:5)
    /Users/spaceonline/Documents/New project/tests/attendance-api.test.js:29:24
    getActual (node:assert:609:5)
    Function.throws (node:assert:757:24)
    TestContext.<anonymous> (/Users/spaceonline/Documents/New project/tests/attendance-api.test.js:29:13)
    Test.runInAsyncScope (node:async_hooks:214:14)
    Test.run (node:internal/test_runner/test:1047:25)
  operator: 'throws'
  stack: |-
    TestContext.<anonymous> (/Users/spaceonline/Documents/New project/tests/attendance-api.test.js:29:13)
    Test.runInAsyncScope (node:async_hooks:214:14)
    Test.run (node:internal/test_runner/test:1047:25)
    Test.processPendingSubtests (node:internal/test_runner/test:744:18)
    Test.postRun (node:internal/test_runner/test:1173:19)
    Test.run (node:internal/test_runner/test:1101:12)
    async startSubtestAfterBootstrap (node:internal/test_runner/harness:296:3)
  ...
# Subtest: assignment revalida existência/papel/ativo do destinatário no Firestore
ok 23 - assignment revalida existência/papel/ativo do destinatário no Firestore
  ---
  duration_ms: 6.607542
  type: 'test'
  ...
# Subtest: mensagens/metadata/commands rejeitam injeção de ator, secrets, inbound público e identity HTTP
ok 24 - mensagens/metadata/commands rejeitam injeção de ator, secrets, inbound público e identity HTTP
  ---
  duration_ms: 0.547958
  type: 'test'
  ...
# Subtest: POST usa somente UID autenticado e retorna intenção pending, sem envio externo
ok 25 - POST usa somente UID autenticado e retorna intenção pending, sem envio externo
  ---
  duration_ms: 0.422417
  type: 'test'
  ...
# Subtest: API não expõe ingestão/provider/identity e autenticação falha antes do store
ok 26 - API não expõe ingestão/provider/identity e autenticação falha antes do store
  ---
  duration_ms: 0.359167
  type: 'test'
  ...
# Subtest: agente sem supervisão não consulta identidade do destinatário ao tentar atribuir
ok 27 - agente sem supervisão não consulta identidade do destinatário ao tentar atribuir
  ---
  duration_ms: 0.201375
  type: 'test'
  ...
# Subtest: erros SQL mapeiam conflito/isolamento sem retornar payload upstream
ok 28 - erros SQL mapeiam conflito/isolamento sem retornar payload upstream
  ---
  duration_ms: 5.5165
  type: 'test'
  ...
# Subtest: store usa RPC parametrizada e checa ambiente em cada operação
ok 29 - store usa RPC parametrizada e checa ambiente em cada operação
  ---
  duration_ms: 1.843833
  type: 'test'
  ...
# Subtest: produção somente com autorização exata, target conhecido, fingerprint e sinais coerentes
ok 30 - produção somente com autorização exata, target conhecido, fingerprint e sinais coerentes
  ---
  duration_ms: 89.906333
  type: 'test'
  ...
# Subtest: staging allowlisted, credenciais vinculadas e confirmação permitem; NODE_ENV não identifica ambiente
ok 31 - staging allowlisted, credenciais vinculadas e confirmação permitem; NODE_ENV não identifica ambiente
  ---
  duration_ms: 1.886792
  type: 'test'
  ...
# Subtest: fail-closed: production
ok 32 - fail-closed: production
  ---
  duration_ms: 0.456459
  type: 'test'
  ...
# Subtest: fail-closed: staging flag com env production
ok 33 - fail-closed: staging flag com env production
  ---
  duration_ms: 0.666584
  type: 'test'
  ...
# Subtest: fail-closed: env staging com URL production
ok 34 - fail-closed: env staging com URL production
  ---
  duration_ms: 0.505333
  type: 'test'
  ...
# Subtest: fail-closed: production Vercel com APP_ENV staging
ok 35 - fail-closed: production Vercel com APP_ENV staging
  ---
  duration_ms: 0.162542
  type: 'test'
  ...
# Subtest: fail-closed: production target Vercel
ok 36 - fail-closed: production target Vercel
  ---
  duration_ms: 27.187542
  type: 'test'
  ...
# Subtest: fail-closed: conflito SPACE_APP_ENV
ok 37 - fail-closed: conflito SPACE_APP_ENV
  ---
  duration_ms: 0.972667
  type: 'test'
  ...
# Subtest: fail-closed: conflito SPACE_ENV
ok 38 - fail-closed: conflito SPACE_ENV
  ---
  duration_ms: 0.951167
  type: 'test'
  ...
# Subtest: fail-closed: project ref desconhecido
ok 39 - fail-closed: project ref desconhecido
  ---
  duration_ms: 0.612917
  type: 'test'
  ...
# Subtest: fail-closed: URL pública production
ok 40 - fail-closed: URL pública production
  ---
  duration_ms: 0.26075
  type: 'test'
  ...
# Subtest: fail-closed: credencial diferente
ok 41 - fail-closed: credencial diferente
  ---
  duration_ms: 0.071
  type: 'test'
  ...
# Subtest: fail-closed: fallback credencial diferente
ok 42 - fail-closed: fallback credencial diferente
  ---
  duration_ms: 0.052667
  type: 'test'
  ...
# Subtest: fail-closed: database production
ok 43 - fail-closed: database production
  ---
  duration_ms: 0.058209
  type: 'test'
  ...
# Subtest: fail-closed: senha database diferente
ok 44 - fail-closed: senha database diferente
  ---
  duration_ms: 0.065459
  type: 'test'
  ...
# Subtest: fail-closed: database options injection
ok 45 - fail-closed: database options injection
  ---
  duration_ms: 0.147
  type: 'test'
  ...
# Subtest: fail-closed: confirmação diferente
ok 46 - fail-closed: confirmação diferente
  ---
  duration_ms: 0.0705
  type: 'test'
  ...
# Subtest: fail-closed: host malicioso com sufixo
ok 47 - fail-closed: host malicioso com sufixo
  ---
  duration_ms: 0.043042
  type: 'test'
  ...
# Subtest: fail-closed: URL userinfo
ok 48 - fail-closed: URL userinfo
  ---
  duration_ms: 0.035792
  type: 'test'
  ...
# Subtest: cada variável obrigatória ausente bloqueia
ok 49 - cada variável obrigatória ausente bloqueia
  ---
  duration_ms: 0.458125
  type: 'test'
  ...
# Subtest: allowlist vazia/duplicada e denylist ausente ou produção renomeada bloqueiam
ok 50 - allowlist vazia/duplicada e denylist ausente ou produção renomeada bloqueiam
  ---
  duration_ms: 0.196708
  type: 'test'
  ...
# Subtest: JWT requer fingerprint administrativo, role e ref corretos, validade; decode não é autenticação
ok 51 - JWT requer fingerprint administrativo, role e ref corretos, validade; decode não é autenticação
  ---
  duration_ms: 0.369875
  type: 'test'
  ...
# Subtest: runner bloqueia antes de SQL, mesmo com --confirm-staging e --mode=apply
ok 52 - runner bloqueia antes de SQL, mesmo com --confirm-staging e --mode=apply
  ---
  duration_ms: 438.69725
  type: 'test'
  ...
# Subtest: CLI aceita somente operações conhecidas e confirmação explícita
ok 53 - CLI aceita somente operações conhecidas e confirmação explícita
  ---
  duration_ms: 0.272333
  type: 'test'
  ...
# Subtest: aplicar exige revisão recente do catálogo exato, alvo e migration exatos, consumidores isolados
ok 54 - aplicar exige revisão recente do catálogo exato, alvo e migration exatos, consumidores isolados
  ---
  duration_ms: 5.313417
  type: 'test'
  ...
# Subtest: runner exige revisão antes da escrita e faz verificação após migration; preflight é offline
ok 55 - runner exige revisão antes da escrita e faz verificação após migration; preflight é offline
  ---
  duration_ms: 16.381542
  type: 'test'
  ...
# Subtest: Atendimento: PostgreSQL 16 + PostgREST reais, constraints, isolamento e concorrência
ok 56 - Atendimento: PostgreSQL 16 + PostgREST reais, constraints, isolamento e concorrência # SKIP
  ---
  duration_ms: 3.818042
  type: 'test'
  ...
# Subtest: inventário e verificação pós-apply executam em PostgreSQL real isolado
ok 57 - inventário e verificação pós-apply executam em PostgreSQL real isolado # SKIP
  ---
  duration_ms: 2.242167
  type: 'test'
  ...
# Subtest: lifecycle: migration, RPC, API, consumers, import, projection and job end-to-end
ok 58 - lifecycle: migration, RPC, API, consumers, import, projection and job end-to-end # SKIP
  ---
  duration_ms: 19.763959
  type: 'test'
  ...
# Subtest: Firestore set blocked before transport
ok 59 - Firestore set blocked before transport
  ---
  duration_ms: 12.252625
  type: 'test'
  ...
# Subtest: Firestore batch blocked before transport
ok 60 - Firestore batch blocked before transport
  ---
  duration_ms: 3.662708
  type: 'test'
  ...
# Subtest: Datacrazy mutation blocked before transport
ok 61 - Datacrazy mutation blocked before transport
  ---
  duration_ms: 0.223167
  type: 'test'
  ...
# Subtest: read adapter does not expose functioning write methods
ok 62 - read adapter does not expose functioning write methods
  ---
  duration_ms: 3.748125
  type: 'test'
  ...
# Subtest: only exact read endpoints allowed; redirects disabled; Request objects rejected
ok 63 - only exact read endpoints allowed; redirects disabled; Request objects rejected
  ---
  duration_ms: 61.96375
  type: 'test'
  ...
# Subtest: sanitizer rejects PII/secret-shaped output email
ok 64 - sanitizer rejects PII/secret-shaped output email
  ---
  duration_ms: 1.575041
  type: 'test'
  ...
# Subtest: sanitizer rejects PII/secret-shaped output dealId
ok 65 - sanitizer rejects PII/secret-shaped output dealId
  ---
  duration_ms: 4.163875
  type: 'test'
  ...
# Subtest: sanitizer rejects PII/secret-shaped output headers
ok 66 - sanitizer rejects PII/secret-shaped output headers
  ---
  duration_ms: 0.626375
  type: 'test'
  ...
# Subtest: sanitizer rejects PII/secret-shaped output dealId
ok 67 - sanitizer rejects PII/secret-shaped output dealId
  ---
  duration_ms: 1.971917
  type: 'test'
  ...
# Subtest: sanitizer rejects PII/secret-shaped output privateKey
ok 68 - sanitizer rejects PII/secret-shaped output privateKey
  ---
  duration_ms: 3.149625
  type: 'test'
  ...
# Subtest: sanitizer rejects PII/secret-shaped output dealId
ok 69 - sanitizer rejects PII/secret-shaped output dealId
  ---
  duration_ms: 0.904209
  type: 'test'
  ...
# Subtest: handler refuses get before spawning
ok 70 - handler refuses get before spawning
  ---
  duration_ms: 29.313542
  type: 'test'
  ...
# Subtest: handler refuses expired before spawning
ok 71 - handler refuses expired before spawning
  ---
  duration_ms: 2.094791
  type: 'test'
  ...
# Subtest: handler refuses wrong-host before spawning
ok 72 - handler refuses wrong-host before spawning
  ---
  duration_ms: 0.252166
  type: 'test'
  ...
# Subtest: handler refuses wrong-env before spawning
ok 73 - handler refuses wrong-env before spawning
  ---
  duration_ms: 0.118125
  type: 'test'
  ...
# Subtest: handler passes only three secrets to child; no logs; single start per instance
ok 74 - handler passes only three secrets to child; no logs; single start per instance
  ---
  duration_ms: 4.34525
  type: 'test'
  ...
# Subtest: complete simulated execution uses real engine and sanitized output; no raw source PII
ok 75 - complete simulated execution uses real engine and sanitized output; no raw source PII
  ---
  duration_ms: 700.709417
  type: 'test'
  ...
# Subtest: incomplete Datacrazy and missing SDR evidence cannot produce PASS
ok 76 - incomplete Datacrazy and missing SDR evidence cannot produce PASS
  ---
  duration_ms: 31.795458
  type: 'test'
  ...
# Subtest: collector rejects missing credentials without giving runtime write interfaces
ok 77 - collector rejects missing credentials without giving runtime write interfaces
  ---
  duration_ms: 1.623209
  type: 'test'
  ...
# Subtest: browser-origin request cannot start the audit
ok 78 - browser-origin request cannot start the audit
  ---
  duration_ms: 0.29425
  type: 'test'
  ...
# Subtest: installed guard blocks raw sockets and runtime snapshot publication in an isolated process
ok 79 - installed guard blocks raw sockets and runtime snapshot publication in an isolated process
  ---
  duration_ms: 513.152917
  type: 'test'
  ...
# Subtest: complete worker simulation: real collector, Firestore read adapter, OAuth path, runtime and sanitization
ok 80 - complete worker simulation: real collector, Firestore read adapter, OAuth path, runtime and sanitization
  ---
  duration_ms: 711.331625
  type: 'test'
  ...
# Subtest: incomplete real collector fails before any Firestore read
ok 81 - incomplete real collector fails before any Firestore read
  ---
  duration_ms: 10.303875
  type: 'test'
  ...
# Subtest: worker with missing authentication reports FAIL without network or output secrets
ok 82 - worker with missing authentication reports FAIL without network or output secrets
  ---
  duration_ms: 251.318792
  type: 'test'
  ...
# Subtest: legacy movement date remains explicit and cannot pass financial certification
ok 83 - legacy movement date remains explicit and cannot pass financial certification
  ---
  duration_ms: 16.002959
  type: 'test'
  ...
# Subtest: SDR evidence missing origin or event timestamp stays not_loaded
ok 84 - SDR evidence missing origin or event timestamp stays not_loaded
  ---
  duration_ms: 3.967583
  type: 'test'
  ...
# Subtest: stored 8385 is mechanically classified STALE against 12646
ok 85 - stored 8385 is mechanically classified STALE against 12646
  ---
  duration_ms: 1.218209
  type: 'test'
  ...
# Subtest: SDR not_loaded does not produce financial zero
ok 86 - SDR not_loaded does not produce financial zero
  ---
  duration_ms: 0.832916
  type: 'test'
  ...
# Subtest: SDR source_error does not produce financial zero
ok 87 - SDR source_error does not produce financial zero
  ---
  duration_ms: 0.594792
  type: 'test'
  ...
# Subtest: SDR explicit no attribution, zero sale and wrong origin are distinct
ok 88 - SDR explicit no attribution, zero sale and wrong origin are distinct
  ---
  duration_ms: 0.573375
  type: 'test'
  ...
# Subtest: closed deals without identity or closing date cannot be certified as zero
ok 89 - closed deals without identity or closing date cannot be certified as zero
  ---
  duration_ms: 4.673167
  type: 'test'
  ...
# Subtest: cross-month weekly ledger preserves each real competence
ok 90 - cross-month weekly ledger preserves each real competence
  ---
  duration_ms: 5.4605
  type: 'test'
  ...
# Subtest: half-open boundary first
ok 91 - half-open boundary first
  ---
  duration_ms: 1.489584
  type: 'test'
  ...
# Subtest: half-open boundary last
ok 92 - half-open boundary last
  ---
  duration_ms: 2.507458
  type: 'test'
  ...
# Subtest: half-open boundary next
ok 93 - half-open boundary next
  ---
  duration_ms: 0.84375
  type: 'test'
  ...
# Subtest: half-open boundary august-before
ok 94 - half-open boundary august-before
  ---
  duration_ms: 0.996584
  type: 'test'
  ...
# Subtest: half-open boundary august-special
ok 95 - half-open boundary august-special
  ---
  duration_ms: 2.736875
  type: 'test'
  ...
# Subtest: half-open boundary special-last
ok 96 - half-open boundary special-last
  ---
  duration_ms: 0.503792
  type: 'test'
  ...
# Subtest: half-open boundary special-next
ok 97 - half-open boundary special-next
  ---
  duration_ms: 0.275583
  type: 'test'
  ...
# Subtest: half-open boundary year
ok 98 - half-open boundary year
  ---
  duration_ms: 0.443875
  type: 'test'
  ...
# Subtest: partition has no overlaps/gaps 2025-02
ok 99 - partition has no overlaps/gaps 2025-02
  ---
  duration_ms: 477.043458
  type: 'test'
  ...
# Subtest: partition has no overlaps/gaps 2024-02
ok 100 - partition has no overlaps/gaps 2024-02
  ---
  duration_ms: 100.0255
  type: 'test'
  ...
# Subtest: partition has no overlaps/gaps 2026-04
ok 101 - partition has no overlaps/gaps 2026-04
  ---
  duration_ms: 99.9285
  type: 'test'
  ...
# Subtest: partition has no overlaps/gaps 2026-07
ok 102 - partition has no overlaps/gaps 2026-07
  ---
  duration_ms: 91.213541
  type: 'test'
  ...
# Subtest: partition has no overlaps/gaps 2026-08
ok 103 - partition has no overlaps/gaps 2026-08
  ---
  duration_ms: 235.907291
  type: 'test'
  ...
# Subtest: partition has no overlaps/gaps 2026-12
ok 104 - partition has no overlaps/gaps 2026-12
  ---
  duration_ms: 123.268292
  type: 'test'
  ...
# Subtest: host timezone cannot change commercial date, month, or week
ok 105 - host timezone cannot change commercial date, month, or week
  ---
  duration_ms: 766.7095
  type: 'test'
  ...
# Subtest: date-only values mean Sao Paulo civil date, invalid/ambiguous dates fail
ok 106 - date-only values mean Sao Paulo civil date, invalid/ambiguous dates fail
  ---
  duration_ms: 0.153167
  type: 'test'
  ...
# Subtest: historical DST midnight gap resolves to first real instant
ok 107 - historical DST midnight gap resolves to first real instant
  ---
  duration_ms: 0.272166
  type: 'test'
  ...
# Subtest: created in May and gained at new-week midnight belongs to September
ok 108 - created in May and gained at new-week midnight belongs to September
  ---
  duration_ms: 4.303833
  type: 'test'
  ...
# Subtest: explicit zero remains zero and counts one sale, not a fallback ticket
ok 109 - explicit zero remains zero and counts one sale, not a fallback ticket
  ---
  duration_ms: 0.259625
  type: 'test'
  ...
# Subtest: identical deal IDs counted once; conflicting financial facts reject
ok 110 - identical deal IDs counted once; conflicting financial facts reject
  ---
  duration_ms: 1.253125
  type: 'test'
  ...
# Subtest: revenue preserved in Outros: inactive
ok 111 - revenue preserved in Outros: inactive
  ---
  duration_ms: 3.283417
  type: 'test'
  ...
# Subtest: revenue preserved in Outros: removed
ok 112 - revenue preserved in Outros: removed
  ---
  duration_ms: 3.61075
  type: 'test'
  ...
# Subtest: revenue preserved in Outros: changed-role
ok 113 - revenue preserved in Outros: changed-role
  ---
  duration_ms: 2.530792
  type: 'test'
  ...
# Subtest: revenue preserved in Outros: missing-owner
ok 114 - revenue preserved in Outros: missing-owner
  ---
  duration_ms: 0.904416
  type: 'test'
  ...
# Subtest: revenue preserved in Outros: SDR
ok 115 - revenue preserved in Outros: SDR
  ---
  duration_ms: 4.532084
  type: 'test'
  ...
# Subtest: historical explicit closer role overrides current SDR role
ok 116 - historical explicit closer role overrides current SDR role
  ---
  duration_ms: 3.253833
  type: 'test'
  ...
# Subtest: monthly = clipped weekly partitions, including days from adjacent planning weeks
ok 117 - monthly = clipped weekly partitions, including days from adjacent planning weeks
  ---
  duration_ms: 6.250583
  type: 'test'
  ...
# Subtest: overlapping custom competences are detected, never silently double-assigned
ok 118 - overlapping custom competences are detected, never silently double-assigned
  ---
  duration_ms: 2.302333
  type: 'test'
  ...
# Subtest: monthly and weekly CRM helpers reconcile to management and financial ledger
ok 119 - monthly and weekly CRM helpers reconcile to management and financial ledger
  ---
  duration_ms: 21.426834
  type: 'test'
  ...
# Subtest: deal-level reconciliation detects value drift
ok 120 - deal-level reconciliation detects value drift
  ---
  duration_ms: 8.372792
  type: 'test'
  ...
# Subtest: deal-level reconciliation detects dateKey drift
ok 121 - deal-level reconciliation detects dateKey drift
  ---
  duration_ms: 0.32
  type: 'test'
  ...
# Subtest: deal-level reconciliation detects dateField drift
ok 122 - deal-level reconciliation detects dateField drift
  ---
  duration_ms: 0.176334
  type: 'test'
  ...
# Subtest: deal-level reconciliation detects weekKey drift
ok 123 - deal-level reconciliation detects weekKey drift
  ---
  duration_ms: 0.524708
  type: 'test'
  ...
# Subtest: deal-level reconciliation detects competencia drift
ok 124 - deal-level reconciliation detects competencia drift
  ---
  duration_ms: 0.161291
  type: 'test'
  ...
# Subtest: deal-level reconciliation detects status drift
ok 125 - deal-level reconciliation detects status drift
  ---
  duration_ms: 0.125458
  type: 'test'
  ...
# Subtest: deal-level reconciliation detects responsibleId drift
ok 126 - deal-level reconciliation detects responsibleId drift
  ---
  duration_ms: 0.050167
  type: 'test'
  ...
# Subtest: deal-level reconciliation detects role drift
ok 127 - deal-level reconciliation detects role drift
  ---
  duration_ms: 0.034459
  type: 'test'
  ...
# Subtest: same aggregate does not hide exchanged, duplicate or missing deals
ok 128 - same aggregate does not hide exchanged, duplicate or missing deals
  ---
  duration_ms: 0.113208
  type: 'test'
  ...
# Subtest: SDR events: identity, duplicate, deletion, wrong outcome, missing actor all explicit
ok 129 - SDR events: identity, duplicate, deletion, wrong outcome, missing actor all explicit
  ---
  duration_ms: 1.169375
  type: 'test'
  ...
# Subtest: readOnly source path cannot acquire lease, collect, or publish
ok 130 - readOnly source path cannot acquire lease, collect, or publish
  ---
  duration_ms: 2.459333
  type: 'test'
  ...
# Subtest: publication requires per-deal ledger even when team totals match
ok 131 - publication requires per-deal ledger even when team totals match
  ---
  duration_ms: 9.341541
  type: 'test'
  ...
# Subtest: management preserves weekly calendar, cross-month ownership and historical special week
ok 132 - management preserves weekly calendar, cross-month ownership and historical special week
  ---
  duration_ms: 117.581333
  type: 'test'
  ...
# Subtest: monthly existence is independent from document and weekly defaults
ok 133 - monthly existence is independent from document and weekly defaults
  ---
  duration_ms: 212.061916
  type: 'test'
  ...
# Subtest: explicit week existence, current week and four statuses reflect real storage
ok 134 - explicit week existence, current week and four statuses reflect real storage
  ---
  duration_ms: 12.008709
  type: 'test'
  ...
# Subtest: roster keeps Luis and zero, rejects ghosts and internal names, and retains Outros as bucket
ok 135 - roster keeps Luis and zero, rejects ghosts and internal names, and retains Outros as bucket
  ---
  duration_ms: 5.50325
  type: 'test'
  ...
# Subtest: financial truth matches official sales and planning respects explicit team targets
ok 136 - financial truth matches official sales and planning respects explicit team targets
  ---
  duration_ms: 23.4215
  type: 'test'
  ...
# Subtest: copy is only available with immediately previous saved week, including previous competence
ok 137 - copy is only available with immediately previous saved week, including previous competence
  ---
  duration_ms: 9.784375
  type: 'test'
  ...
# Subtest: historical roles come from period, not current role; model does not mutate inputs
ok 138 - historical roles come from period, not current role; model does not mutate inputs
  ---
  duration_ms: 88.192
  type: 'test'
  ...
# Subtest: explicit exclusions through aliases are not reintroduced in the editor
ok 139 - explicit exclusions through aliases are not reintroduced in the editor
  ---
  duration_ms: 24.96975
  type: 'test'
  ...
# Subtest: page loads current competence; existing month opens edit with saved amount and no writes
ok 140 - page loads current competence; existing month opens edit with saved amount and no writes
  ---
  duration_ms: 1333.603208
  type: 'test'
  ...
# Subtest: empty month uses define and monthly save refreshes existence
ok 141 - empty month uses define and monthly save refreshes existence
  ---
  duration_ms: 382.384791
  type: 'test'
  ...
# Subtest: month arrows and picker navigate, preserve scope and show history as read-only
ok 142 - month arrows and picker navigate, preserve scope and show history as read-only
  ---
  duration_ms: 471.61625
  type: 'test'
  ...
# Subtest: existing week opens edit; new week opens define; neither opening writes
ok 143 - existing week opens edit; new week opens define; neither opening writes
  ---
  duration_ms: 172.969
  type: 'test'
  ...
# Subtest: copy changes only local draft; save posts configuration without results or record IDs and refreshes status
ok 144 - copy changes only local draft; save posts configuration without results or record IDs and refreshes status
  ---
  duration_ms: 395.555042
  type: 'test'
  ...
# Subtest: save error preserves draft and closing without save never persists copied values
ok 145 - save error preserves draft and closing without save never persists copied values
  ---
  duration_ms: 248.898458
  type: 'test'
  ...
# Subtest: rapid competence changes cannot replace the latest month with a stale response
ok 146 - rapid competence changes cannot replace the latest month with a stale response
  ---
  duration_ms: 77.027666
  type: 'test'
  ...
# Subtest: historical drawer has no save; Escape closes and returns focus
ok 147 - historical drawer has no save; Escape closes and returns focus
  ---
  duration_ms: 182.817375
  type: 'test'
  ...
# Subtest: completed week opens consultation and offers explicit editing only in an editable competence
ok 148 - completed week opens consultation and offers explicit editing only in an editable competence
  ---
  duration_ms: 207.909292
  type: 'test'
  ...
# [commercial-overview][financial-audit] {
#   periodoSelecionado: {
#     inicio: '2026-09-09T00:00:00-03:00',
#     fim: '2026-09-15T23:59:59.999-03:00',
#     timezone: 'America/Sao_Paulo'
#   },
#   origemDados: 'DataCrazy businesses',
#   pipeline: 'conversao',
#   quantidadeFechadosEncontrados: 3,
#   somaReceita: 12650,
#   ticketMedio: 4216.666666666667,
#   campoDataUsado: 'lastMovedAt',
#   distribuicaoCamposData: { lastMovedAt: 2, statusChangedAt: 1 },
#   negociosExcluidosPorData: 0,
#   negociosSemDataFechamento: 0,
#   criadosAntesMasFechadosNoPeriodo: 3,
#   criadosNoPeriodoMasFechadosFora: 0
# }
# [FORECAST DEBUG] {
#   parte1_fechado: 12650,
#   parte2_pipeline: 0,
#   parte3_novosLeads: 0,
#   forecast_total: 12650,
#   diasPassados: 6,
#   diasRestantes: 1,
#   mediaDiariaLeads: 0,
#   novosLeadsEsperados: 0,
#   dealsPipeline_count: 0
# }
# Subtest: SDR roster joins real active users and monthly role, includes zero and suppresses orphan/internal names
ok 149 - SDR roster joins real active users and monthly role, includes zero and suppresses orphan/internal names
  ---
  duration_ms: 65.419208
  type: 'test'
  ...
# Subtest: weekly UID overrides legacy defaults by identity without changing historical configuration
ok 150 - weekly UID overrides legacy defaults by identity without changing historical configuration
  ---
  duration_ms: 3.316458
  type: 'test'
  ...
# Subtest: R$12,650 includes all valid closings regardless of closer, goal or result roster, once per deal
ok 151 - R$12,650 includes all valid closings regardless of closer, goal or result roster, once per deal
  ---
  duration_ms: 18.794084
  type: 'test'
  ...
# Subtest: Outros is a closer bucket and its saved target contributes to the team target
ok 152 - Outros is a closer bucket and its saved target contributes to the team target
  ---
  duration_ms: 10.277625
  type: 'test'
  ...
# Subtest: financial date precedence, timezone boundaries and established pipeline rule are shared
ok 153 - financial date precedence, timezone boundaries and established pipeline rule are shared
  ---
  duration_ms: 2.998375
  type: 'test'
  ...
# Subtest: dashboard and CRM weekly total agree for identical periods and equivalent R$12,650 data
ok 154 - dashboard and CRM weekly total agree for identical periods and equivalent R$12,650 data
  ---
  duration_ms: 48.146917
  type: 'test'
  ...
# Subtest: read-only audit explains the synthetic R$8,400 -> R$12,650 difference by deal
ok 155 - read-only audit explains the synthetic R$8,400 -> R$12,650 difference by deal
  ---
  duration_ms: 10.945666
  type: 'test'
  ...
# Subtest: ranking renders the backend names, including eligible SDRs below fifth place
ok 156 - ranking renders the backend names, including eligible SDRs below fifth place
  ---
  duration_ms: 7.148125
  type: 'test'
  ...
# Subtest: mirror financial windows include closed deals without recent movement
ok 157 - mirror financial windows include closed deals without recent movement
  ---
  duration_ms: 3.786584
  type: 'test'
  ...
# Subtest: CRM Live loader reads users, rejects ghosts, and uses the week competence across a month boundary
ok 158 - CRM Live loader reads users, rejects ghosts, and uses the week competence across a month boundary
  ---
  duration_ms: 12.990458
  type: 'test'
  ...
# Subtest: real Firestore adapter sends cache and history in ONE commit with version precondition
ok 159 - real Firestore adapter sends cache and history in ONE commit with version precondition
  ---
  duration_ms: 162.865667
  type: 'test'
  ...
# [crm-live] slice build failed crm Error: crm_failed
#     at buildCrmLiveCrmSlice (/Users/spaceonline/Documents/New project/tests/crm-live-auth-scope.test.js:162:15)
#     at build (/Users/spaceonline/Documents/New project/api/crm-live-data.js:128:32)
#     at /Users/spaceonline/Documents/New project/api/crm-live-data.js:106:48
#     at runCrmSnapshot (/Users/spaceonline/Documents/New project/tests/crm-live-auth-scope.test.js:27:49)
#     at loadSlice (/Users/spaceonline/Documents/New project/api/crm-live-data.js:106:17)
#     at async Promise.all (index 0)
#     at async module.exports (/Users/spaceonline/Documents/New project/api/crm-live-data.js:124:34)
#     at async TestContext.<anonymous> (/Users/spaceonline/Documents/New project/tests/crm-live-auth-scope.test.js:183:3)
#     at async Test.run (node:internal/test_runner/test:1054:7)
#     at async Test.processPendingSubtests (node:internal/test_runner/test:744:7)
# [crm-live] slice build failed crm Error: crm_failed
#     at buildCrmLiveCrmSlice (/Users/spaceonline/Documents/New project/tests/crm-live-auth-scope.test.js:207:15)
#     at build (/Users/spaceonline/Documents/New project/api/crm-live-data.js:128:32)
#     at /Users/spaceonline/Documents/New project/api/crm-live-data.js:106:48
#     at runCrmSnapshot (/Users/spaceonline/Documents/New project/tests/crm-live-auth-scope.test.js:27:49)
#     at loadSlice (/Users/spaceonline/Documents/New project/api/crm-live-data.js:106:17)
#     at async Promise.all (index 0)
#     at async module.exports (/Users/spaceonline/Documents/New project/api/crm-live-data.js:124:34)
#     at async TestContext.<anonymous> (/Users/spaceonline/Documents/New project/tests/crm-live-auth-scope.test.js:238:5)
#     at async Test.run (node:internal/test_runner/test:1054:7)
#     at async Test.processPendingSubtests (node:internal/test_runner/test:744:7)
# [crm-live] top-level payload failed Error: crm_failed
#     at buildCrmLiveCrmSlice (/Users/spaceonline/Documents/New project/tests/crm-live-auth-scope.test.js:207:15)
#     at build (/Users/spaceonline/Documents/New project/api/crm-live-data.js:128:32)
#     at /Users/spaceonline/Documents/New project/api/crm-live-data.js:106:48
#     at runCrmSnapshot (/Users/spaceonline/Documents/New project/tests/crm-live-auth-scope.test.js:27:49)
#     at loadSlice (/Users/spaceonline/Documents/New project/api/crm-live-data.js:106:17)
#     at async Promise.all (index 0)
#     at async module.exports (/Users/spaceonline/Documents/New project/api/crm-live-data.js:124:34)
#     at async TestContext.<anonymous> (/Users/spaceonline/Documents/New project/tests/crm-live-auth-scope.test.js:238:5)
#     at async Test.run (node:internal/test_runner/test:1054:7)
#     at async Test.processPendingSubtests (node:internal/test_runner/test:744:7)
# [session] no cookie found
# [crm-live] slice build failed crm Error: crm_failed
#     at buildCrmLiveCrmSlice (/Users/spaceonline/Documents/New project/tests/crm-live-auth-scope.test.js:323:15)
#     at build (/Users/spaceonline/Documents/New project/api/crm-live-data.js:128:32)
#     at /Users/spaceonline/Documents/New project/api/crm-live-data.js:106:48
#     at runCrmSnapshot (/Users/spaceonline/Documents/New project/tests/crm-live-auth-scope.test.js:27:49)
#     at loadSlice (/Users/spaceonline/Documents/New project/api/crm-live-data.js:106:17)
#     at async Promise.all (index 0)
#     at async module.exports (/Users/spaceonline/Documents/New project/api/crm-live-data.js:124:34)
#     at async TestContext.<anonymous> (/Users/spaceonline/Documents/New project/tests/crm-live-auth-scope.test.js:344:3)
#     at async Test.run (node:internal/test_runner/test:1054:7)
#     at async Test.processPendingSubtests (node:internal/test_runner/test:744:7)
# Subtest: cookie da TV passa em /api/crm-live-data
ok 160 - cookie da TV passa em /api/crm-live-data
  ---
  duration_ms: 10.788
  type: 'test'
  ...
# Subtest: cookie da TV não autentica /api/growth-dashboard?api=growth-metrics
ok 161 - cookie da TV não autentica /api/growth-dashboard?api=growth-metrics
  ---
  duration_ms: 54.314625
  type: 'test'
  ...
# Subtest: sessão comercial autenticada passa em /api/crm-live-data
ok 162 - sessão comercial autenticada passa em /api/crm-live-data
  ---
  duration_ms: 1.126542
  type: 'test'
  ...
# Subtest: cache stale só é reaproveitado se for da mesma semana comercial
ok 163 - cache stale só é reaproveitado se for da mesma semana comercial
  ---
  duration_ms: 9.766333
  type: 'test'
  ...
# Subtest: cache stale de semana anterior é descartado na virada de semana
ok 164 - cache stale de semana anterior é descartado na virada de semana
  ---
  duration_ms: 3.175041
  type: 'test'
  ...
# Subtest: HTML e payload resolvem o mesmo buildId no mesmo processo
ok 165 - HTML e payload resolvem o mesmo buildId no mesmo processo
  ---
  duration_ms: 169.226042
  type: 'test'
  ...
# Subtest: snapshot cacheado não influencia o buildId do payload
ok 166 - snapshot cacheado não influencia o buildId do payload
  ---
  duration_ms: 2.198166
  type: 'test'
  ...
# Subtest: crm-live-data OK e crm-live-events falhando sai do loading e pinta o primeiro slide
ok 167 - crm-live-data OK e crm-live-events falhando sai do loading e pinta o primeiro slide
  ---
  duration_ms: 96.055042
  type: 'test'
  ...
# Subtest: fonte não-crítica em erro renderiza estado degradado e continua na rotação
ok 168 - fonte não-crítica em erro renderiza estado degradado e continua na rotação
  ---
  duration_ms: 135.523667
  type: 'test'
  ...
# Subtest: HTML servido executa o script do cliente sem exceção e monta ao menos uma tela
ok 169 - HTML servido executa o script do cliente sem exceção e monta ao menos uma tela
  ---
  duration_ms: 65.05825
  type: 'test'
  ...
# Subtest: modo últimas 24h não renderiza mais o ponteiro de segundos
ok 170 - modo últimas 24h não renderiza mais o ponteiro de segundos
  ---
  duration_ms: 40.029541
  type: 'test'
  ...
# Subtest: 24h01 restantes mantém modo normal
ok 171 - 24h01 restantes mantém modo normal
  ---
  duration_ms: 11.17425
  type: 'test'
  ...
# Subtest: 23h59 restantes ativa modo dividido
ok 172 - 23h59 restantes ativa modo dividido
  ---
  duration_ms: 0.995833
  type: 'test'
  ...
# Subtest: 5 segundos restantes continua no modo dividido sem tempo negativo
ok 173 - 5 segundos restantes continua no modo dividido sem tempo negativo
  ---
  duration_ms: 0.127875
  type: 'test'
  ...
# Subtest: ao chegar em zero o modo segue dividido, zera o relógio e entra em estado final
ok 174 - ao chegar em zero o modo segue dividido, zera o relógio e entra em estado final
  ---
  duration_ms: 0.3245
  type: 'test'
  ...
# Subtest: reavalia a janela final mesmo com a página aberta horas antes
ok 175 - reavalia a janela final mesmo com a página aberta horas antes
  ---
  duration_ms: 0.16025
  type: 'test'
  ...
# Subtest: detector em partida a frio só semeia cursor e não dispara eventos
ok 176 - detector em partida a frio só semeia cursor e não dispara eventos
  ---
  duration_ms: 10.290208
  type: 'test'
  ...
# Subtest: detector enfileira venda, meta individual, virada e meta do time em ordem estável
ok 177 - detector enfileira venda, meta individual, virada e meta do time em ordem estável
  ---
  duration_ms: 9.800584
  type: 'test'
  ...
# Subtest: troca de semana reseta metas e líderes sem disparar falso positivo
ok 178 - troca de semana reseta metas e líderes sem disparar falso positivo
  ---
  duration_ms: 4.739334
  type: 'test'
  ...
# Subtest: sale_closed anuncia Outros para vendedor fora de Matheus e Luis
ok 179 - sale_closed anuncia Outros para vendedor fora de Matheus e Luis
  ---
  duration_ms: 3.699583
  type: 'test'
  ...
# Subtest: ranking SDR calcula ultrapassagem por percentual da meta, não por diferença bruta
ok 180 - ranking SDR calcula ultrapassagem por percentual da meta, não por diferença bruta
  ---
  duration_ms: 2.58725
  type: 'test'
  ...
# Subtest: record copy distinguishes beating, tying and surpassing, including singular and zero
ok 181 - record copy distinguishes beating, tying and surpassing, including singular and zero
  ---
  duration_ms: 9.455375
  type: 'test'
  ...
# Subtest: all eligible people reach the carousel, with stable IDs and no duplicates
ok 182 - all eligible people reach the carousel, with stable IDs and no duplicates
  ---
  duration_ms: 19.691458
  type: 'test'
  ...
# Subtest: SDR pagination preserves every row, order, values and global offsets
ok 183 - SDR pagination preserves every row, order, values and global offsets
  ---
  duration_ms: 0.591375
  type: 'test'
  ...
# Subtest: pausa da rotação não interrompe timers separados de dados
ok 184 - pausa da rotação não interrompe timers separados de dados
  ---
  duration_ms: 5.776125
  type: 'test'
  ...
# Subtest: seta manual reinicia o cronômetro cheio da tela sem pausar a rotação
ok 185 - seta manual reinicia o cronômetro cheio da tela sem pausar a rotação
  ---
  duration_ms: 0.588083
  type: 'test'
  ...
# Subtest: navegação pula telas condicionais vazias nos dois sentidos
ok 186 - navegação pula telas condicionais vazias nos dois sentidos
  ---
  duration_ms: 2.809625
  type: 'test'
  ...
# Subtest: interrupção aparece mesmo pausado, preserva fila e volta para a tela pausada
ok 187 - interrupção aparece mesmo pausado, preserva fila e volta para a tela pausada
  ---
  duration_ms: 2.806833
  type: 'test'
  ...
# Subtest: auto-reload espera fim seguro quando build muda durante interrupção e pausa manual
ok 188 - auto-reload espera fim seguro quando build muda durante interrupção e pausa manual
  ---
  duration_ms: 5.522584
  type: 'test'
  ...
# Subtest: auto-reload não dispara no meio da transição de tela
ok 189 - auto-reload não dispara no meio da transição de tela
  ---
  duration_ms: 0.826792
  type: 'test'
  ...
# Subtest: auto-reload nunca dispara duas vezes para o mesmo build alvo e respeita intervalo mínimo
ok 190 - auto-reload nunca dispara duas vezes para o mesmo build alvo e respeita intervalo mínimo
  ---
  duration_ms: 0.472833
  type: 'test'
  ...
# Subtest: toggle da rotação renderiza um único alvo clicável com ícone correto por estado
ok 191 - toggle da rotação renderiza um único alvo clicável com ícone correto por estado
  ---
  duration_ms: 2.984667
  type: 'test'
  ...
# Subtest: gate 11: pages 1/2 OK, page 3 exhausts 429; recovery publishes one atomic canonical payload
ok 192 - gate 11: pages 1/2 OK, page 3 exhausts 429; recovery publishes one atomic canonical payload
  ---
  duration_ms: 47.681417
  type: 'test'
  ...
# Subtest: normal pagination: terminal page, counts, stable IDs and atomic publication
ok 193 - normal pagination: terminal page, counts, stable IDs and atomic publication
  ---
  duration_ms: 2.405916
  type: 'test'
  ...
# Subtest: 429 recovers with exponential backoff, jitter, Retry-After and same page
ok 194 - 429 recovers with exponential backoff, jitter, Retry-After and same page
  ---
  duration_ms: 2.12925
  type: 'test'
  ...
# Subtest: permanent 429: FAILED attempt, previous source and metric snapshot untouched, cooldown
ok 195 - permanent 429: FAILED attempt, previous source and metric snapshot untouched, cooldown
  ---
  duration_ms: 8.76375
  type: 'test'
  ...
# Subtest: intermediate failure and pagination safety cap cannot publish partial datasets
ok 196 - intermediate failure and pagination safety cap cannot publish partial datasets
  ---
  duration_ms: 3.21325
  type: 'test'
  ...
# Subtest: idempotence: repeated identical IDs do not change total, reordered pages preserve hash; conflicting IDs fail
ok 197 - idempotence: repeated identical IDs do not change total, reordered pages preserve hash; conflicting IDs fail
  ---
  duration_ms: 0.757791
  type: 'test'
  ...
# Subtest: distributed concurrency: only one worker collects; expired worker is fenced
ok 198 - distributed concurrency: only one worker collects; expired worker is fenced
  ---
  duration_ms: 1.501417
  type: 'test'
  ...
# Subtest: quality gate and calculation failure leave current intact
ok 199 - quality gate and calculation failure leave current intact
  ---
  duration_ms: 2.4975
  type: 'test'
  ...
# Subtest: gain date includes restored sale on new day, and SDR revenues remain in team
ok 200 - gain date includes restored sale on new day, and SDR revenues remain in team
  ---
  duration_ms: 5.184583
  type: 'test'
  ...
# Subtest: freshness: legacy, failures and aged browser fallbacks never look fresh
ok 201 - freshness: legacy, failures and aged browser fallbacks never look fresh
  ---
  duration_ms: 4.825875
  type: 'test'
  ...
# Subtest: Retry-After beyond job deadline fails without another request; 401 does not retry
ok 202 - Retry-After beyond job deadline fails without another request; 401 does not retry
  ---
  duration_ms: 0.897791
  type: 'test'
  ...
# Subtest: publication rejects late old sources and failed atomic commits do not change current
ok 203 - publication rejects late old sources and failed atomic commits do not change current
  ---
  duration_ms: 0.994166
  type: 'test'
  ...
# Subtest: request timeout retries and missing IDs fail closed
ok 204 - request timeout retries and missing IDs fail closed
  ---
  duration_ms: 2.838417
  type: 'test'
  ...
# Subtest: daily rollups reconcile full counts idempotently instead of incrementing replayed sales
ok 205 - daily rollups reconcile full counts idempotently instead of incrementing replayed sales
  ---
  duration_ms: 1.807708
  type: 'test'
  ...
# Subtest: CS Live payload mock expõe metas e direção por métrica
ok 206 - CS Live payload mock expõe metas e direção por métrica
  ---
  duration_ms: 26.415792
  type: 'test'
  ...
# Subtest: CS Live usa cookie Path=/ no redirect com token
ok 207 - CS Live usa cookie Path=/ no redirect com token
  ---
  duration_ms: 5.957667
  type: 'test'
  ...
# Subtest: HTML do CS Live deixa dados de exemplo visíveis
ok 208 - HTML do CS Live deixa dados de exemplo visíveis
  ---
  duration_ms: 7.966542
  type: 'test'
  ...
# Subtest: buildMirrorRow normaliza os campos principais do negócio
ok 209 - buildMirrorRow normaliza os campos principais do negócio
  ---
  duration_ms: 2.736833
  type: 'test'
  ...
# Subtest: computeSourceHash é estável para o mesmo payload
ok 210 - computeSourceHash é estável para o mesmo payload
  ---
  duration_ms: 0.1225
  type: 'test'
  ...
# Subtest: computeOverlapCursor recua a janela para evitar perder timestamps iguais
ok 211 - computeOverlapCursor recua a janela para evitar perder timestamps iguais
  ---
  duration_ms: 0.605333
  type: 'test'
  ...
# Subtest: normalizeKey remove acento e caixa
ok 212 - normalizeKey remove acento e caixa
  ---
  duration_ms: 0.200833
  type: 'test'
  ...
# Subtest: endpoint de sync rejeita sem sessão nem segredo
ok 213 - endpoint de sync rejeita sem sessão nem segredo
  ---
  duration_ms: 4.434541
  type: 'test'
  ...
# Subtest: Asaas health: missing key performs no request
ok 214 - Asaas health: missing key performs no request
  ---
  duration_ms: 6.461375
  type: 'test'
  ...
# Subtest: Asaas health: validates account response without exposing secret
ok 215 - Asaas health: validates account response without exposing secret
  ---
  duration_ms: 70.975
  type: 'test'
  ...
# Subtest: Asaas remote errors are sanitized, including body and thrown network details
ok 216 - Asaas remote errors are sanitized, including body and thrown network details
  ---
  duration_ms: 1.359291
  type: 'test'
  ...
# Subtest: Asaas transport: verbs, JSON, timeout, redirect/path restrictions
ok 217 - Asaas transport: verbs, JSON, timeout, redirect/path restrictions
  ---
  duration_ms: 20.176
  type: 'test'
  ...
# Subtest: Asaas pagination follows hasMore and rejects non-progress
ok 218 - Asaas pagination follows hasMore and rejects non-progress
  ---
  duration_ms: 4.803417
  type: 'test'
  ...
# Subtest: certification permits only the reviewed sandbox target and explicit apply
ok 219 - certification permits only the reviewed sandbox target and explicit apply
  ---
  duration_ms: 4.570583
  type: 'test'
  ...
# Subtest: production, conflicting aliases, non-allowlisted domains and credentials fail closed
ok 220 - production, conflicting aliases, non-allowlisted domains and credentials fail closed
  ---
  duration_ms: 9.912292
  type: 'test'
  ...
# Subtest: JWT role/ref/expiry and explicit production Asaas key are checked beyond hashes
ok 221 - JWT role/ref/expiry and explicit production Asaas key are checked beyond hashes
  ---
  duration_ms: 1.23725
  type: 'test'
  ...
# Subtest: actual CLI refuses unapproved inputs before any fetch, including dry-run and health
ok 222 - actual CLI refuses unapproved inputs before any fetch, including dry-run and health
  ---
  duration_ms: 1523.710709
  type: 'test'
  ...
# Subtest: financial normalization uses fixed decimals and preserves confirmed/received/refund distinctions
ok 223 - financial normalization uses fixed decimals and preserves confirmed/received/refund distinctions
  ---
  duration_ms: 13.932375
  type: 'test'
  ...
# Subtest: inbox normalization deduplicates canonical payload, rejects invalid bodies, excludes PII and credentials
ok 224 - inbox normalization deduplicates canonical payload, rejects invalid bodies, excludes PII and credentials
  ---
  duration_ms: 2.299542
  type: 'test'
  ...
# Subtest: comparison identifies missing/status/value/due mismatches without guessing a student
ok 225 - comparison identifies missing/status/value/due mismatches without guessing a student
  ---
  duration_ms: 2.946958
  type: 'test'
  ...
# Subtest: webhook auth/body/persistence acknowledgement and rollout compatibility
ok 226 - webhook auth/body/persistence acknowledgement and rollout compatibility
  ---
  duration_ms: 21.106042
  type: 'test'
  ...
# Subtest: foundation maintenance API: admin/CSRF/feature flag enforced
ok 227 - foundation maintenance API: admin/CSRF/feature flag enforced
  ---
  duration_ms: 3.502834
  type: 'test'
  ...
# Subtest: CLI apply blocks production and unverified DB targets
ok 228 - CLI apply blocks production and unverified DB targets
  ---
  duration_ms: 1.847209
  type: 'test'
  ...
# Subtest: Finance: real PostgreSQL/PostgREST transactional foundation with simulated Asaas
ok 229 - Finance: real PostgreSQL/PostgREST transactional foundation with simulated Asaas # SKIP
  ---
  duration_ms: 0.888125
  type: 'test'
  ...
# Subtest: staging refuses production/unknown Supabase and arbitrary Asaas hosts
ok 230 - staging refuses production/unknown Supabase and arbitrary Asaas hosts
  ---
  duration_ms: 4.6505
  type: 'test'
  ...
# Subtest: disabled n8n rejects live configuration; enabled staging requires exact references
ok 231 - disabled n8n rejects live configuration; enabled staging requires exact references
  ---
  duration_ms: 4.063625
  type: 'test'
  ...
# Subtest: Firebase staging rejects conflicting service accounts; production rejects staging scopes
ok 232 - Firebase staging rejects conflicting service accounts; production rejects staging scopes
  ---
  duration_ms: 0.252875
  type: 'test'
  ...
# Subtest: staging channel allowlists deny empty/unknown/wildcard recipients and require exact matches
ok 233 - staging channel allowlists deny empty/unknown/wildcard recipients and require exact matches
  ---
  duration_ms: 3.962208
  type: 'test'
  ...
# [commercial-overview][financial-audit] {
#   periodoSelecionado: {
#     inicio: '2026-05-01T00:00:00-03:00',
#     fim: '2026-05-12T23:59:59.999-03:00',
#     timezone: 'America/Sao_Paulo'
#   },
#   origemDados: 'DataCrazy businesses',
#   pipeline: 'conversao',
#   quantidadeFechadosEncontrados: 2,
#   somaReceita: 10000,
#   ticketMedio: 5000,
#   campoDataUsado: 'statusChangedAt',
#   distribuicaoCamposData: { statusChangedAt: 3 },
#   negociosExcluidosPorData: 1,
#   negociosSemDataFechamento: 0,
#   criadosAntesMasFechadosNoPeriodo: 1,
#   criadosNoPeriodoMasFechadosFora: 1
# }
# [FORECAST DEBUG] {
#   parte1_fechado: 10000,
#   parte2_pipeline: 0,
#   parte3_novosLeads: 0,
#   forecast_total: 10000,
#   diasPassados: 12,
#   diasRestantes: 0,
#   mediaDiariaLeads: 0.16666666666666666,
#   novosLeadsEsperados: 0,
#   dealsPipeline_count: 0
# }
# Subtest: resolveCommercialPeriod mantém calendário quando não há override
ok 234 - resolveCommercialPeriod mantém calendário quando não há override
  ---
  duration_ms: 26.274875
  type: 'test'
  ...
# Subtest: resolveCommercialPeriod aplica janela customizada do comercial
ok 235 - resolveCommercialPeriod aplica janela customizada do comercial
  ---
  duration_ms: 1.450875
  type: 'test'
  ...
# Subtest: forecast 3-partes aceita callback de período customizado
ok 236 - forecast 3-partes aceita callback de período customizado
  ---
  duration_ms: 3.913167
  type: 'test'
  ...
# Subtest: growth metrics mantém o funil por criação e calcula financeiro por fechamento
ok 237 - growth metrics mantém o funil por criação e calcula financeiro por fechamento
  ---
  duration_ms: 20.352166
  type: 'test'
  ...
# Subtest: intervalo comercial inclui 00:00 inicial e 23:59:59 final em São Paulo
ok 238 - intervalo comercial inclui 00:00 inicial e 23:59:59 final em São Paulo
  ---
  duration_ms: 0.486916
  type: 'test'
  ...
# Subtest: API de growth metrics valida e usa periodStart/periodEnd fora do cache mensal
ok 239 - API de growth metrics valida e usa periodStart/periodEnd fora do cache mensal
  ---
  duration_ms: 20.845917
  type: 'test'
  ...
# Subtest: save de growth-goals invalida o cache persistente imediatamente
ok 240 - save de growth-goals invalida o cache persistente imediatamente
  ---
  duration_ms: 2.055083
  type: 'test'
  ...
# Subtest: POST parcial de growth-goals preserva valorMeta existente quando omitido
ok 241 - POST parcial de growth-goals preserva valorMeta existente quando omitido
  ---
  duration_ms: 1.769708
  type: 'test'
  ...
# Subtest: GET de growth-goals aceita weekStart para calcular weeklyReadModel fora da semana atual
ok 242 - GET de growth-goals aceita weekStart para calcular weeklyReadModel fora da semana atual
  ---
  duration_ms: 14.205917
  type: 'test'
  ...
# Subtest: POST de growth-goals aceita salvar weeklyGoal sem exigir valorMeta mensal
ok 243 - POST de growth-goals aceita salvar weeklyGoal sem exigir valorMeta mensal
  ---
  duration_ms: 16.677083
  type: 'test'
  ...
# [growth-goals] auth header: missing
# [growth-goals] auth header: missing
# [api] growth-goals get failed Error: commercial_users_list_failed
#     at handleGrowthGoalsApi (/Users/spaceonline/Documents/New project/api/growth-dashboard.js:1402:40)
#     at async module.exports (/Users/spaceonline/Documents/New project/api/growth-dashboard.js:2814:5)
#     at async Object.request (/Users/spaceonline/Documents/New project/tests/growth-goals-people.test.js:116:5)
#     at async TestContext.<anonymous> (/Users/spaceonline/Documents/New project/tests/growth-goals-people.test.js:160:17)
#     at async Test.run (node:internal/test_runner/test:1054:7)
#     at async Test.processPendingSubtests (node:internal/test_runner/test:744:7)
# [growth-goals] auth header: missing
# Subtest: active Commercial users are the base, independently of configuration, goals or role
ok 244 - active Commercial users are the base, independently of configuration, goals or role
  ---
  duration_ms: 85.119791
  type: 'test'
  ...
# Subtest: goals join by stable identity and selected week, retaining zero targets
ok 245 - goals join by stable identity and selected week, retaining zero targets
  ---
  duration_ms: 5.90575
  type: 'test'
  ...
# Subtest: homonyms stay distinct and duplicate configurations resolve to one real user
ok 246 - homonyms stay distinct and duplicate configurations resolve to one real user
  ---
  duration_ms: 52.86
  type: 'test'
  ...
# Subtest: GET includes active users even without a month document and never writes
ok 247 - GET includes active users even without a month document and never writes
  ---
  duration_ms: 104.678417
  type: 'test'
  ...
# Subtest: POST saves new user with SDR or Closer, preserving hidden goals, other weeks and monthly total
ok 248 - POST saves new user with SDR or Closer, preserving hidden goals, other weeks and monthly total
  ---
  duration_ms: 30.047333
  type: 'test'
  ...
# Subtest: read failures do not produce incomplete editable data or overwrite existing goals
ok 249 - read failures do not produce incomplete editable data or overwrite existing goals
  ---
  duration_ms: 6.46075
  type: 'test'
  ...
# [growth-goals] auth header: missing
# [growth-goals] auth header: missing
# [growth-goals] auth header: missing
# Subtest: modal renders unconfigured users, retains saved inputs and posts only after Salvar
ok 250 - modal renders unconfigured users, retains saved inputs and posts only after Salvar
  ---
  duration_ms: 39.448042
  type: 'test'
  ...
# Subtest: management GET aggregates the competence in one read-only response
ok 251 - management GET aggregates the competence in one read-only response
  ---
  duration_ms: 30.810584
  type: 'test'
  ...
# Subtest: entity action is create for a new week inside an existing month and update after saving
ok 252 - entity action is create for a new week inside an existing month and update after saving
  ---
  duration_ms: 4.266625
  type: 'test'
  ...
# Subtest: updating a legacy week preserves unknown fields and synchronizes legacy people arrays
ok 253 - updating a legacy week preserves unknown fields and synchronizes legacy people arrays
  ---
  duration_ms: 9.325792
  type: 'test'
  ...
# Subtest: decodeBase64ImagePayload rejects empty payload
ok 254 - decodeBase64ImagePayload rejects empty payload
  ---
  duration_ms: 1.691416
  type: 'test'
  ...
# Subtest: transformProfilePhotoBuffer recodes supported image to 400x400 webp
ok 255 - transformProfilePhotoBuffer recodes supported image to 400x400 webp
  ---
  duration_ms: 1303.940583
  type: 'test'
  ...
# Subtest: transformProfilePhotoBuffer rejects non-image payload
ok 256 - transformProfilePhotoBuffer rejects non-image payload
  ---
  duration_ms: 2.825042
  type: 'test'
  ...
# Subtest: resolveCommercialWeek respeita a semana especial inicial
ok 257 - resolveCommercialWeek respeita a semana especial inicial
  ---
  duration_ms: 6.193375
  type: 'test'
  ...
# Subtest: resolveCommercialWeek usa quarta-terça após 19/08/2026
ok 258 - resolveCommercialWeek usa quarta-terça após 19/08/2026
  ---
  duration_ms: 1.279542
  type: 'test'
  ...
# Subtest: weekly read model usa attendantId como chave principal para o closer da semana
ok 259 - weekly read model usa attendantId como chave principal para o closer da semana
  ---
  duration_ms: 9.344333
  type: 'test'
  ...
# Subtest: weekly read model usa fallback por alias e expõe attendantId não reconhecido
ok 260 - weekly read model usa fallback por alias e expõe attendantId não reconhecido
  ---
  duration_ms: 2.1785
  type: 'test'
  ...
# Subtest: weekly read model agrega attendant não cadastrado em Outros e mantém unresolved para diagnóstico
ok 261 - weekly read model agrega attendant não cadastrado em Outros e mantém unresolved para diagnóstico
  ---
  duration_ms: 1.436709
  type: 'test'
  ...
# Subtest: weekly read model agrega receita de pessoa com role SDR em Outros
ok 262 - weekly read model agrega receita de pessoa com role SDR em Outros
  ---
  duration_ms: 1.647958
  type: 'test'
  ...
# Subtest: weekly read model agrega attendantId nulo em Outros
ok 263 - weekly read model agrega attendantId nulo em Outros
  ---
  duration_ms: 1.584583
  type: 'test'
  ...
# Subtest: weekly read model expõe unresolved mesmo sem weeklyGoal cadastrado
ok 264 - weekly read model expõe unresolved mesmo sem weeklyGoal cadastrado
  ---
  duration_ms: 0.726
  type: 'test'
  ...
# Subtest: ranking de closers ordena Outros no meio por percentual
ok 265 - ranking de closers ordena Outros no meio por percentual
  ---
  duration_ms: 1.893375
  type: 'test'
  ...
# Subtest: ranking de closers ordena Outros no topo por percentual
ok 266 - ranking de closers ordena Outros no topo por percentual
  ---
  duration_ms: 2.853625
  type: 'test'
  ...
# Subtest: weekly read model conta reunião feita do SDR por show em sdrActivityEvents
ok 267 - weekly read model conta reunião feita do SDR por show em sdrActivityEvents
  ---
  duration_ms: 78.316083
  type: 'test'
  ...
# Subtest: weekly read model expõe sdrUid e email não reconhecidos em unresolved.sdrActors
ok 268 - weekly read model expõe sdrUid e email não reconhecidos em unresolved.sdrActors
  ---
  duration_ms: 32.751833
  type: 'test'
  ...
# Subtest: meta semanal do time de closers usa 20000 independente da soma individual
ok 269 - meta semanal do time de closers usa 20000 independente da soma individual
  ---
  duration_ms: 16.911167
  type: 'test'
  ...
# Subtest: meta semanal do time de closers cai para a soma das linhas quando teamTarget está ausente
ok 270 - meta semanal do time de closers cai para a soma das linhas quando teamTarget está ausente
  ---
  duration_ms: 0.424292
  type: 'test'
  ...
# Subtest: weekly read model usa default da competência quando a semana não está preenchida
ok 271 - weekly read model usa default da competência quando a semana não está preenchida
  ---
  duration_ms: 2.867209
  type: 'test'
  ...
# Subtest: weekly read model faz merge campo a campo entre semana e default da competência
ok 272 - weekly read model faz merge campo a campo entre semana e default da competência
  ---
  duration_ms: 1.288916
  type: 'test'
  ...
# Subtest: weekly read model permite excluir pessoa do default por flag explícita na semana
ok 273 - weekly read model permite excluir pessoa do default por flag explícita na semana
  ---
  duration_ms: 1.661833
  type: 'test'
  ...
# Subtest: weekly read model usa default global quando competência e semana não estão preenchidas
ok 274 - weekly read model usa default global quando competência e semana não estão preenchidas
  ---
  duration_ms: 0.7255
  type: 'test'
  ...
# Subtest: defaultWeeklyConfig canônico referencia apenas personIds existentes em growthPeople
ok 275 - defaultWeeklyConfig canônico referencia apenas personIds existentes em growthPeople
  ---
  duration_ms: 0.144417
  type: 'test'
  ...
# Subtest: efetivação de cancelamento usa writeBatch para aluno e cascata Firestore
ok 276 - efetivação de cancelamento usa writeBatch para aluno e cascata Firestore
  ---
  duration_ms: 2.183
  type: 'test'
  ...
# Subtest: sync Supabase acontece somente depois da confirmação Firestore
ok 277 - sync Supabase acontece somente depois da confirmação Firestore
  ---
  duration_ms: 1.234792
  type: 'test'
  ...
# Subtest: isOccurrenceUniqueViolation detecta 23505 do índice de occurrence_id
ok 278 - isOccurrenceUniqueViolation detecta 23505 do índice de occurrence_id
  ---
  duration_ms: 1.347583
  type: 'test'
  ...
# Subtest: isOccurrenceUniqueViolation ignora erros de outra natureza
ok 279 - isOccurrenceUniqueViolation ignora erros de outra natureza
  ---
  duration_ms: 0.2725
  type: 'test'
  ...
# Subtest: aula antiga com status ao_vivo não entra como aula ativa
ok 280 - aula antiga com status ao_vivo não entra como aula ativa
  ---
  duration_ms: 147.884084
  type: 'test'
  ...
# Subtest: aula dentro do horário aparece ao vivo mesmo antes da atualização do status
ok 281 - aula dentro do horário aparece ao vivo mesmo antes da atualização do status
  ---
  duration_ms: 1.454125
  type: 'test'
  ...
# Subtest: omitNilValues remove campos legados nulos sem perder false e zero
ok 282 - omitNilValues remove campos legados nulos sem perder false e zero
  ---
  duration_ms: 2.468792
  type: 'test'
  ...
# Subtest: remarcação live não move mais a aula original para a nova data
ok 283 - remarcação live não move mais a aula original para a nova data
  ---
  duration_ms: 1.292167
  type: 'test'
  ...
# Subtest: register novo herda occurrence_id canônico da lesson
ok 284 - register novo herda occurrence_id canônico da lesson
  ---
  duration_ms: 3.275375
  type: 'test'
  ...
# Subtest: normalizeLesson preserva occurrence_id quando a linha live já o possui
ok 285 - normalizeLesson preserva occurrence_id quando a linha live já o possui
  ---
  duration_ms: 0.602167
  type: 'test'
  ...
# Subtest: payload live do professor envia engajamento e confiança
ok 286 - payload live do professor envia engajamento e confiança
  ---
  duration_ms: 6.588708
  type: 'test'
  ...
# Subtest: normalizePayload preserva engajamento e confiança em registro_aula
ok 287 - normalizePayload preserva engajamento e confiança em registro_aula
  ---
  duration_ms: 1.379417
  type: 'test'
  ...
# Subtest: backend de remarcação não exige mais motivo_remarcacao
ok 288 - backend de remarcação não exige mais motivo_remarcacao
  ---
  duration_ms: 0.838667
  type: 'test'
  ...
# Subtest: backend de remarcação rejeita nova data inválida
ok 289 - backend de remarcação rejeita nova data inválida
  ---
  duration_ms: 0.518875
  type: 'test'
  ...
# Subtest: API de agenda devolve vínculos de remarcação no GET
ok 290 - API de agenda devolve vínculos de remarcação no GET
  ---
  duration_ms: 0.188709
  type: 'test'
  ...
# Subtest: pendência pedagógica usa somente status de registro válido
ok 291 - pendência pedagógica usa somente status de registro válido
  ---
  duration_ms: 19.361291
  type: 'test'
  ...
# Subtest: logs pedagógicos são indexados também pelo id derivado do documento
ok 292 - logs pedagógicos são indexados também pelo id derivado do documento
  ---
  duration_ms: 37.413667
  type: 'test'
  ...
# Subtest: status pedagógico operacional pode ser adaptado do Supabase sem depender de lessonLogs
ok 293 - status pedagógico operacional pode ser adaptado do Supabase sem depender de lessonLogs
  ---
  duration_ms: 0.826833
  type: 'test'
  ...
# Subtest: buildCollisionGroups separa órfãos singulares de grupos em colisão
ok 294 - buildCollisionGroups separa órfãos singulares de grupos em colisão
  ---
  duration_ms: 68.296875
  type: 'test'
  ...
# Subtest: buildLessonRegisterRecord mantém colunas novas e legadas em paralelo
ok 295 - buildLessonRegisterRecord mantém colunas novas e legadas em paralelo
  ---
  duration_ms: 23.050208
  type: 'test'
  ...
# Subtest: buildLessonRegisterRecord normaliza ids textuais para colunas text
ok 296 - buildLessonRegisterRecord normaliza ids textuais para colunas text
  ---
  duration_ms: 1.769167
  type: 'test'
  ...
# Subtest: professor cria payload de reposição com vínculo para aula Firestore
ok 297 - professor cria payload de reposição com vínculo para aula Firestore
  ---
  duration_ms: 1.944709
  type: 'test'
  ...
# Subtest: professor cria ou atualiza reposição também para aula Supabase live
ok 298 - professor cria ou atualiza reposição também para aula Supabase live
  ---
  duration_ms: 14.113667
  type: 'test'
  ...
# Subtest: evento de reposição entra no estado local com vínculo de origem
ok 299 - evento de reposição entra no estado local com vínculo de origem
  ---
  duration_ms: 71.209583
  type: 'test'
  ...
# Subtest: remarcação valida janela plausível para nova data
ok 300 - remarcação valida janela plausível para nova data
  ---
  duration_ms: 5.259125
  type: 'test'
  ...
# Subtest: registro_aula especial preenche placeholder quando conteudo_aula vem vazio
ok 301 - registro_aula especial preenche placeholder quando conteudo_aula vem vazio
  ---
  duration_ms: 1.408833
  type: 'test'
  ...
# Subtest: registro_aula regular preserva exigência de conteúdo real
ok 302 - registro_aula regular preserva exigência de conteúdo real
  ---
  duration_ms: 0.187542
  type: 'test'
  ...
# Subtest: status visual do registro pedagógico é sincronizado pela mesma fonte de verdade
ok 303 - status visual do registro pedagógico é sincronizado pela mesma fonte de verdade
  ---
  duration_ms: 5.931583
  type: 'test'
  ...
# Subtest: painel de usuários do pedagógico não usa corte fixo de altura
ok 304 - painel de usuários do pedagógico não usa corte fixo de altura
  ---
  duration_ms: 6.121042
  type: 'test'
  ...
# Subtest: agenda admin suporta semana de 7 dias e split com 1 professor
ok 305 - agenda admin suporta semana de 7 dias e split com 1 professor
  ---
  duration_ms: 1.806709
  type: 'test'
  ...
# Subtest: datas ISO do live usam America/Sao_Paulo no front
ok 306 - datas ISO do live usam America/Sao_Paulo no front
  ---
  duration_ms: 1.72675
  type: 'test'
  ...
# Subtest: Premium está disponível nos seletores e badges de plano
ok 307 - Premium está disponível nos seletores e badges de plano
  ---
  duration_ms: 8.27325
  type: 'test'
  ...
# Subtest: Premium herda elegibilidade ilimitada do Diamond em reposições
ok 308 - Premium herda elegibilidade ilimitada do Diamond em reposições
  ---
  duration_ms: 0.931458
  type: 'test'
  ...
# Subtest: backend local conversa com PostgREST descartável e respeita gates/segurança
ok 309 - backend local conversa com PostgREST descartável e respeita gates/segurança # SKIP
  ---
  duration_ms: 2.652834
  type: 'test'
  ...
# [retention] command failed { code: 'idempotency_key_payload_mismatch' }
# Subtest: GET queues retorna fonte nova e filas serializadas
ok 310 - GET queues retorna fonte nova e filas serializadas
  ---
  duration_ms: 30.254792
  type: 'test'
  ...
# Subtest: GET fica bloqueado quando retention v2 está desligada
ok 311 - GET fica bloqueado quando retention v2 está desligada
  ---
  duration_ms: 0.431666
  type: 'test'
  ...
# Subtest: POST bloqueia usuário sem capability
ok 312 - POST bloqueia usuário sem capability
  ---
  duration_ms: 2.166333
  type: 'test'
  ...
# Subtest: POST fica bloqueado quando retention v2 está desligada
ok 313 - POST fica bloqueado quando retention v2 está desligada
  ---
  duration_ms: 3.403875
  type: 'test'
  ...
# Subtest: POST exige justificativa em churn manual administrativo
ok 314 - POST exige justificativa em churn manual administrativo
  ---
  duration_ms: 10.338334
  type: 'test'
  ...
# Subtest: POST de churn voluntário usa lifecycle, não flag de inadimplência
ok 315 - POST de churn voluntário usa lifecycle, não flag de inadimplência
  ---
  duration_ms: 5.428334
  type: 'test'
  ...
# Subtest: POST crítico exige admin mesmo com capability ampla
ok 316 - POST crítico exige admin mesmo com capability ampla
  ---
  duration_ms: 7.310417
  type: 'test'
  ...
# Subtest: POST resolve student/subscription a partir do firestore_student_id
ok 317 - POST resolve student/subscription a partir do firestore_student_id
  ---
  duration_ms: 2.925208
  type: 'test'
  ...
# Subtest: POST exige requested_at saneado no pedido formal
ok 318 - POST exige requested_at saneado no pedido formal
  ---
  duration_ms: 2.121292
  type: 'test'
  ...
# Subtest: POST traduz mismatch de idempotência em conflito controlado
ok 319 - POST traduz mismatch de idempotência em conflito controlado
  ---
  duration_ms: 2.904416
  type: 'test'
  ...
# Subtest: job recusa execução sem segredo configurado
ok 320 - job recusa execução sem segredo configurado
  ---
  duration_ms: 12.030208
  type: 'test'
  ...
# Subtest: job exige segredo correto e respeita flag
ok 321 - job exige segredo correto e respeita flag
  ---
  duration_ms: 135.5805
  type: 'test'
  ...
# Subtest: job executa com segredo válido
ok 322 - job executa com segredo válido
  ---
  duration_ms: 2.00475
  type: 'test'
  ...
# Subtest: aviso dura dois meses mesmo perto da primeira aula
ok 323 - aviso dura dois meses mesmo perto da primeira aula
  ---
  duration_ms: 181.370542
  type: 'test'
  ...
# Subtest: aviso usa sua própria data de início
ok 324 - aviso usa sua própria data de início
  ---
  duration_ms: 0.838125
  type: 'test'
  ...
# Subtest: command payload preserva retry idempotente e aceita resolução por firestore_student_id
ok 325 - command payload preserva retry idempotente e aceita resolução por firestore_student_id
  ---
  duration_ms: 1.311167
  type: 'test'
  ...
# Subtest: command payload saneia campos e bloqueia mass assignment fora do comando
ok 326 - command payload saneia campos e bloqueia mass assignment fora do comando
  ---
  duration_ms: 1.502917
  type: 'test'
  ...
# Subtest: queues exibem financeiro indisponível sem forçar R$ 0,00
ok 327 - queues exibem financeiro indisponível sem forçar R$ 0,00
  ---
  duration_ms: 2.849709
  type: 'test'
  ...
# Subtest: queues mapeiam caso perdido como desfecho lost
ok 328 - queues mapeiam caso perdido como desfecho lost
  ---
  duration_ms: 0.520541
  type: 'test'
  ...
# Subtest: override administrativo exige justificativa nos comandos críticos
ok 329 - override administrativo exige justificativa nos comandos críticos
  ---
  duration_ms: 9.109916
  type: 'test'
  ...
# Subtest: comandos críticos ficam restritos a admin
ok 330 - comandos críticos ficam restritos a admin
  ---
  duration_ms: 0.921708
  type: 'test'
  ...
# Subtest: projeção pode ser reconstruída a partir do histórico append-only
ok 331 - projeção pode ser reconstruída a partir do histórico append-only
  ---
  duration_ms: 1.126625
  type: 'test'
  ...
# Subtest: pedido aguardando aluno não programa data final
ok 332 - pedido aguardando aluno não programa data final
  ---
  duration_ms: 112.071
  type: 'test'
  ...
# Subtest: continuidade confirmada devolve o caso para scheduled
ok 333 - continuidade confirmada devolve o caso para scheduled
  ---
  duration_ms: 1.917667
  type: 'test'
  ...
# Subtest: delinquency_recovered retorna o financeiro para current
ok 334 - delinquency_recovered retorna o financeiro para current
  ---
  duration_ms: 0.429583
  type: 'test'
  ...
# Subtest: delinquency_started leva o financeiro para delinquent
ok 335 - delinquency_started leva o financeiro para delinquent
  ---
  duration_ms: 0.0715
  type: 'test'
  ...
# Subtest: legacy_import com state_after semeia a projeção reconstruída
ok 336 - legacy_import com state_after semeia a projeção reconstruída
  ---
  duration_ms: 0.080375
  type: 'test'
  ...
# Subtest: sanitizePayloadByCommand ignora campos técnicos fora do contrato
ok 337 - sanitizePayloadByCommand ignora campos técnicos fora do contrato
  ---
  duration_ms: 1.208166
  type: 'test'
  ...
# Subtest: importador permanece bloqueado com flag desligada
ok 338 - importador permanece bloqueado com flag desligada
  ---
  duration_ms: 8.668041
  type: 'test'
  ...
# Subtest: dryRun não dispara importação real
ok 339 - dryRun não dispara importação real
  ---
  duration_ms: 2.951708
  type: 'test'
  ...
# Subtest: importação real exige confirmação explícita
ok 340 - importação real exige confirmação explícita
  ---
  duration_ms: 1.792041
  type: 'test'
  ...
# Subtest: importador legado gera dry-run idempotente sem duplicar o snapshot
ok 341 - importador legado gera dry-run idempotente sem duplicar o snapshot
  ---
  duration_ms: 98.215791
  type: 'test'
  ...
# Subtest: cancelamento sem evidência de aviso vai para reconciliação, não churn
ok 342 - cancelamento sem evidência de aviso vai para reconciliação, não churn
  ---
  duration_ms: 0.89575
  type: 'test'
  ...
# Subtest: taxa de reversão usa casos fechados no mês como denominador
ok 343 - taxa de reversão usa casos fechados no mês como denominador
  ---
  duration_ms: 4.545416
  type: 'test'
  ...
# Subtest: taxa de reversão sem casos fechados é exibida como sem dados
ok 344 - taxa de reversão sem casos fechados é exibida como sem dados
  ---
  duration_ms: 1.718375
  type: 'test'
  ...
# Subtest: Central de retenção consulta a API nova quando a flag está ativa
ok 345 - Central de retenção consulta a API nova quando a flag está ativa
  ---
  duration_ms: 3.008417
  type: 'test'
  ...
# Subtest: modais de retenção mantêm o legado, mas redirecionam pela flag
ok 346 - modais de retenção mantêm o legado, mas redirecionam pela flag
  ---
  duration_ms: 3.184
  type: 'test'
  ...
# Subtest: drawer do aluno carrega e renderiza timeline canônica quando a flag v2 está ativa
ok 347 - drawer do aluno carrega e renderiza timeline canônica quando a flag v2 está ativa
  ---
  duration_ms: 4.164417
  type: 'test'
  ...
# Subtest: migration e RPCs de retenção validam em PostgreSQL descartável
ok 348 - migration e RPCs de retenção validam em PostgreSQL descartável # SKIP
  ---
  duration_ms: 1.34725
  type: 'test'
  ...
# (node:44705) ExperimentalWarning: The MockTimers API is an experimental feature and might change at any time
# (Use `node --trace-warnings ...` to show where the warning was created)
# Subtest: provisiona aluno ausente e resolve subject depois do upsert local
ok 349 - provisiona aluno ausente e resolve subject depois do upsert local
  ---
  duration_ms: 369.357291
  type: 'test'
  ...
# Subtest: aluno já existente não reprovisiona nem consulta Firestore
ok 350 - aluno já existente não reprovisiona nem consulta Firestore
  ---
  duration_ms: 1.832833
  type: 'test'
  ...
# Subtest: chamadas concorrentes do mesmo aluno compartilham um único provisionamento
ok 351 - chamadas concorrentes do mesmo aluno compartilham um único provisionamento
  ---
  duration_ms: 56.471542
  type: 'test'
  ...
# Subtest: aluno inexistente no Firestore falha com erro claro e sem provisionar
ok 352 - aluno inexistente no Firestore falha com erro claro e sem provisionar
  ---
  duration_ms: 17.406209
  type: 'test'
  ...
# Subtest: falha no provisionamento não avança para nova resolução nem cria sequência parcial no store
ok 353 - falha no provisionamento não avança para nova resolução nem cria sequência parcial no store
  ---
  duration_ms: 30.091917
  type: 'test'
  ...
# Subtest: service period mensal ancora no dia de entrada e renova por ciclo corrente
ok 354 - service period mensal ancora no dia de entrada e renova por ciclo corrente
  ---
  duration_ms: 0.782791
  type: 'test'
  ...
# Subtest: findScheduleConflict bloqueia professor com aula sobreposta
ok 355 - findScheduleConflict bloqueia professor com aula sobreposta
  ---
  duration_ms: 103.830375
  type: 'test'
  ...
# Subtest: findScheduleConflict permite mesmo horário para professores diferentes
ok 356 - findScheduleConflict permite mesmo horário para professores diferentes
  ---
  duration_ms: 33.57925
  type: 'test'
  ...
# Subtest: findScheduleConflict bloqueia duplicata dentro do mesmo payload
ok 357 - findScheduleConflict bloqueia duplicata dentro do mesmo payload
  ---
  duration_ms: 16.020875
  type: 'test'
  ...
# Subtest: findScheduleConflict ignora o próprio evento ao editar
ok 358 - findScheduleConflict ignora o próprio evento ao editar
  ---
  duration_ms: 3.857
  type: 'test'
  ...
# Subtest: teacher só pode escrever na própria agenda
ok 359 - teacher só pode escrever na própria agenda
  ---
  duration_ms: 0.129084
  type: 'test'
  ...
# Subtest: payload live mantém alunoNome quando backend recebe fallback do front
ok 360 - payload live mantém alunoNome quando backend recebe fallback do front
  ---
  duration_ms: 19.56525
  type: 'test'
  ...
# Subtest: buildOccurrenceId gera chave canônica com prefixo occ
ok 361 - buildOccurrenceId gera chave canônica com prefixo occ
  ---
  duration_ms: 8.620083
  type: 'test'
  ...
# Subtest: findLinkedReplacementEvent encontra reposição já criada pelo vínculo de origem
ok 362 - findLinkedReplacementEvent encontra reposição já criada pelo vínculo de origem
  ---
  duration_ms: 0.364583
  type: 'test'
  ...
# Subtest: buildRecurringSeriesMutationPlan preserva passado, atualiza datas futuras e cancela slots removidos
ok 363 - buildRecurringSeriesMutationPlan preserva passado, atualiza datas futuras e cancela slots removidos
  ---
  duration_ms: 1.655875
  type: 'test'
  ...
# Subtest: buildCustomWeeklyOccurrences reconhece os 7 dias da semana, incluindo domingo
ok 364 - buildCustomWeeklyOccurrences reconhece os 7 dias da semana, incluindo domingo
  ---
  duration_ms: 2.577791
  type: 'test'
  ...
# Subtest: Show Rate usa reuniões feitas dividido por agendamentos da mesma fonte
ok 365 - Show Rate usa reuniões feitas dividido por agendamentos da mesma fonte
  ---
  duration_ms: 9.323542
  type: 'test'
  ...
# Subtest: Show Rate retorna zero quando não há agendamentos
ok 366 - Show Rate retorna zero quando não há agendamentos
  ---
  duration_ms: 0.53975
  type: 'test'
  ...
# Subtest: POST log_call não faz full scan de sdrActivityEvents
ok 367 - POST log_call não faz full scan de sdrActivityEvents
  ---
  duration_ms: 171.852708
  type: 'test'
  ...
# Subtest: POST undo_last consulta apenas a data do dia
ok 368 - POST undo_last consulta apenas a data do dia
  ---
  duration_ms: 147.97
  type: 'test'
  ...
# Subtest: POST log_call é idempotente quando o mesmo clientRequestId chega duas vezes
ok 369 - POST log_call é idempotente quando o mesmo clientRequestId chega duas vezes
  ---
  duration_ms: 14.517083
  type: 'test'
  ...
# Subtest: POST log_call cria dois eventos para dois cliques legítimos consecutivos
ok 370 - POST log_call cria dois eventos para dois cliques legítimos consecutivos
  ---
  duration_ms: 68.646834
  type: 'test'
  ...
# Subtest: script SDR usa timeout e estado de envio visível no POST
ok 371 - script SDR usa timeout e estado de envio visível no POST
  ---
  duration_ms: 54.909084
  type: 'test'
  ...
# Subtest: Visão Geral exibe reuniões feitas e Show Rate do recorte SDR
ok 372 - Visão Geral exibe reuniões feitas e Show Rate do recorte SDR
  ---
  duration_ms: 231.348833
  type: 'test'
  ...
# Subtest: webhook exige segredo configurado
ok 373 - webhook exige segredo configurado
  ---
  duration_ms: 1.8325
  type: 'test'
  ...
# Subtest: webhook aceita segredo correto no cabeçalho
ok 374 - webhook aceita segredo correto no cabeçalho
  ---
  duration_ms: 0.386375
  type: 'test'
  ...
# Subtest: webhook rejeita segredo incorreto
ok 375 - webhook rejeita segredo incorreto
  ---
  duration_ms: 18.371583
  type: 'test'
  ...
# Subtest: Supabase server-side exige service role explícito
ok 376 - Supabase server-side exige service role explícito
  ---
  duration_ms: 14.507334
  type: 'test'
  ...
# Subtest: staging falha se apontar para Firebase de produção
ok 377 - staging falha se apontar para Firebase de produção
  ---
  duration_ms: 12.610708
  type: 'test'
  ...
# Subtest: ambiente inválido falha fechado
ok 378 - ambiente inválido falha fechado
  ---
  duration_ms: 3.087084
  type: 'test'
  ...
# Subtest: staging falha se apontar para Supabase de produção
ok 379 - staging falha se apontar para Supabase de produção
  ---
  duration_ms: 1.269125
  type: 'test'
  ...
# Subtest: staging falha se usar Asaas real
ok 380 - staging falha se usar Asaas real
  ---
  duration_ms: 0.45725
  type: 'test'
  ...
# Subtest: staging falha se webhook de produção estiver configurado
ok 381 - staging falha se webhook de produção estiver configurado
  ---
  duration_ms: 0.306833
  type: 'test'
  ...
# Subtest: runtime público de staging expõe banner de teste
ok 382 - runtime público de staging expõe banner de teste
  ---
  duration_ms: 1.071125
  type: 'test'
  ...
# Subtest: runtime-config renderiza banner mesmo quando isolamento falha
ok 383 - runtime-config renderiza banner mesmo quando isolamento falha
  ---
  duration_ms: 7.32825
  type: 'test'
  ...
# Subtest: runtime-config responde 200 no fallback para o script do banner executar
ok 384 - runtime-config responde 200 no fallback para o script do banner executar
  ---
  duration_ms: 2.137708
  type: 'test'
  ...
# Subtest: staging usa service account dedicada quando projectId público não existe
ok 385 - staging usa service account dedicada quando projectId público não existe
  ---
  duration_ms: 11.185333
  type: 'test'
  ...
# Subtest: produção ignora service account de staging
ok 386 - produção ignora service account de staging
  ---
  duration_ms: 0.868625
  type: 'test'
  ...
# Subtest: páginas carregam runtime-config para exibir banner de staging
ok 387 - páginas carregam runtime-config para exibir banner de staging
  ---
  duration_ms: 5.6175
  type: 'test'
  ...
# Subtest: arquivos de exemplo não contêm secrets reais
ok 388 - arquivos de exemplo não contêm secrets reais
  ---
  duration_ms: 0.532834
  type: 'test'
  ...
# Subtest: reset recusa execução fora do staging
ok 389 - reset recusa execução fora do staging
  ---
  duration_ms: 2.792375
  type: 'test'
  ...
# Subtest: reset dry-run preserva plano seguro
ok 390 - reset dry-run preserva plano seguro
  ---
  duration_ms: 0.214375
  type: 'test'
  ...
# Subtest: pedido não altera financeiro, pausa, fim ou churn
ok 391 - pedido não altera financeiro, pausa, fim ou churn
  ---
  duration_ms: 262.378084
  type: 'test'
  ...
# Subtest: pedido revertido mantém data do pedido, registra reversão e continua ativo
ok 392 - pedido revertido mantém data do pedido, registra reversão e continua ativo
  ---
  duration_ms: 0.267584
  type: 'test'
  ...
# Subtest: aviso explícito é dois meses, churn é dia seguinte
ok 393 - aviso explícito é dois meses, churn é dia seguinte
  ---
  duration_ms: 48.585125
  type: 'test'
  ...
# Subtest: vigência em 2026-10-15
ok 394 - vigência em 2026-10-15
  ---
  duration_ms: 144.173334
  type: 'test'
  ...
# Subtest: vigência em 2026-11-20
ok 395 - vigência em 2026-11-20
  ---
  duration_ms: 27.958625
  type: 'test'
  ...
# Subtest: vigência em 2026-11-21
ok 396 - vigência em 2026-11-21
  ---
  duration_ms: 1.536167
  type: 'test'
  ...
# Subtest: agenda aceita último dia e recusa dia posterior sem mudar regras de horários
ok 397 - agenda aceita último dia e recusa dia posterior sem mudar regras de horários
  ---
  duration_ms: 4.4125
  type: 'test'
  ...
# Subtest: virada de dia usa São Paulo e independe de job atrasado
ok 398 - virada de dia usa São Paulo e independe de job atrasado
  ---
  duration_ms: 3.547708
  type: 'test'
  ...
# Subtest: calendário 2026-01-31
ok 399 - calendário 2026-01-31
  ---
  duration_ms: 1.564375
  type: 'test'
  ...
# Subtest: calendário 2026-12-31
ok 400 - calendário 2026-12-31
  ---
  duration_ms: 0.669542
  type: 'test'
  ...
# Subtest: calendário 2023-12-31
ok 401 - calendário 2023-12-31
  ---
  duration_ms: 0.205208
  type: 'test'
  ...
# Subtest: calendário 2026-07-31
ok 402 - calendário 2026-07-31
  ---
  duration_ms: 0.085209
  type: 'test'
  ...
# Subtest: calendário 2026-07-31T02:30:00Z
ok 403 - calendário 2026-07-31T02:30:00Z
  ---
  duration_ms: 0.175625
  type: 'test'
  ...
# Subtest: datas inválidas não normalizam silenciosamente
ok 404 - datas inválidas não normalizam silenciosamente
  ---
  duration_ms: 0.91375
  type: 'test'
  ...
# Subtest: contrato simultâneo ativo mantém direitos após churn de outro
ok 405 - contrato simultâneo ativo mantém direitos após churn de outro
  ---
  duration_ms: 0.279959
  type: 'test'
  ...
# Subtest: nenhuma obrigação pode abranger dias posteriores ao contrato
ok 406 - nenhuma obrigação pode abranger dias posteriores ao contrato
  ---
  duration_ms: 0.598792
  type: 'test'
  ...
# Subtest: importação de reversão é determinística, preserva os eventos e não inventa aviso
ok 407 - importação de reversão é determinística, preserva os eventos e não inventa aviso
  ---
  duration_ms: 7.670375
  type: 'test'
  ...
# Subtest: importador emite exceção em vez de inventar churn e datas
ok 408 - importador emite exceção em vez de inventar churn e datas
  ---
  duration_ms: 4.408792
  type: 'test'
  ...
# Subtest: métricas contam quatro eventos separadamente e usam data efetiva de churn atrasado
ok 409 - métricas contam quatro eventos separadamente e usam data efetiva de churn atrasado
  ---
  duration_ms: 15.68375
  type: 'test'
  ...
# Subtest: browser executa exatamente o mesmo domínio de datas
ok 410 - browser executa exatamente o mesmo domínio de datas
  ---
  duration_ms: 8.914542
  type: 'test'
  ...
# Subtest: projeção Firestore é persistida, idempotente e rejeita versão antiga
ok 411 - projeção Firestore é persistida, idempotente e rejeita versão antiga
  ---
  duration_ms: 6.870375
  type: 'test'
  ...
# [ownership] mirror sync not_found {
#   firestore_doc_id: 'fs-sync-0',
#   table: 'n8n_alunos_financeiro_space',
#   strategy: 'firestore_doc_id',
#   filter: 'firestore_doc_id=eq.fs-sync-0',
#   rows_affected: 0
# }
# [ownership] mirror sync not_found {
#   firestore_doc_id: 'fs-sync-0',
#   table: 'n8n_onboarding_alunos_space',
#   strategy: 'firestore_doc_id',
#   filter: 'firestore_doc_id=eq.fs-sync-0',
#   rows_affected: 0
# }
# [ownership] mirror sync not_found {
#   firestore_doc_id: 'fs-sync-0',
#   table: 'n8n_alunos_financeiro_space',
#   strategy: 'email',
#   filter: 'email=eq.sync%40example.com',
#   rows_affected: 0
# }
# [ownership] mirror sync not_found {
#   firestore_doc_id: 'fs-sync-0',
#   table: 'n8n_onboarding_alunos_space',
#   strategy: 'email',
#   filter: 'email=eq.sync%40example.com',
#   rows_affected: 0
# }
# [ownership] mirror sync not_found {
#   firestore_doc_id: 'fs-sync-0',
#   table: 'n8n_onboarding_alunos_space',
#   strategy: 'aluno_id',
#   filter: 'aluno_id=eq.fs-sync-0',
#   rows_affected: 0
# }
# [ownership] mirror sync not_found {
#   firestore_doc_id: 'fs-sync-1',
#   table: 'n8n_alunos_financeiro_space',
#   strategy: 'firestore_doc_id',
#   filter: 'firestore_doc_id=eq.fs-sync-1',
#   rows_affected: 0
# }
# [ownership] mirror sync not_found {
#   firestore_doc_id: 'fs-sync-1',
#   table: 'n8n_onboarding_alunos_space',
#   strategy: 'firestore_doc_id',
#   filter: 'firestore_doc_id=eq.fs-sync-1',
#   rows_affected: 0
# }
# [ownership] mirror sync ambiguous {
#   firestore_doc_id: 'fs-sync-1',
#   table: 'n8n_alunos_financeiro_space',
#   strategy: 'email',
#   filter: 'email=eq.sync%40example.com',
#   candidates: 2,
#   rows_affected: 0
# }
# [ownership] mirror sync ambiguous {
#   firestore_doc_id: 'fs-sync-1',
#   table: 'n8n_onboarding_alunos_space',
#   strategy: 'email',
#   filter: 'email=eq.sync%40example.com',
#   candidates: 2,
#   rows_affected: 0
# }
# [ownership] mirror sync result {
#   firestore_doc_id: 'fs-sync-2',
#   table: 'n8n_alunos_financeiro_space',
#   strategy: 'firestore_doc_id',
#   filter: 'firestore_doc_id=eq.fs-sync-2',
#   status: 'updated',
#   rows_affected: 1
# }
# [ownership] mirror sync result {
#   firestore_doc_id: 'fs-sync-2',
#   table: 'n8n_onboarding_alunos_space',
#   strategy: 'firestore_doc_id',
#   filter: 'firestore_doc_id=eq.fs-sync-2',
#   status: 'updated',
#   rows_affected: 1
# }
# Subtest: aluno somente no Firestore aparece
ok 412 - aluno somente no Firestore aparece
  ---
  duration_ms: 6.274375
  type: 'test'
  ...
# Subtest: aluno nos dois bancos aparece uma vez
ok 413 - aluno nos dois bancos aparece uma vez
  ---
  duration_ms: 0.906125
  type: 'test'
  ...
# Subtest: cancelamento do Firestore prevalece
ok 414 - cancelamento do Firestore prevalece
  ---
  duration_ms: 0.654917
  type: 'test'
  ...
# Subtest: Supabase sem firestore_doc_id não remove o aluno do Firestore
ok 415 - Supabase sem firestore_doc_id não remove o aluno do Firestore
  ---
  duration_ms: 0.248917
  type: 'test'
  ...
# Subtest: dois alunos com nome igual não são fundidos
ok 416 - dois alunos com nome igual não são fundidos
  ---
  duration_ms: 0.532375
  type: 'test'
  ...
# Subtest: match ambíguo por e-mail gera warning e preserva registros
ok 417 - match ambíguo por e-mail gera warning e preserva registros
  ---
  duration_ms: 1.130833
  type: 'test'
  ...
# Subtest: admin-data classifica aluno explícito e legado por markers
ok 418 - admin-data classifica aluno explícito e legado por markers
  ---
  duration_ms: 6.039375
  type: 'test'
  ...
# Subtest: sync do espelho retorna ok=false quando rows_affected = 0
ok 419 - sync do espelho retorna ok=false quando rows_affected = 0
  ---
  duration_ms: 259.916167
  type: 'test'
  ...
# Subtest: sync do espelho diferencia ambiguous e updated
ok 420 - sync do espelho diferencia ambiguous e updated
  ---
  duration_ms: 6.664625
  type: 'test'
  ...
# Subtest: sync do espelho retorna updated com rows_affected explícito
ok 421 - sync do espelho retorna updated com rows_affected explícito
  ---
  duration_ms: 16.007833
  type: 'test'
  ...
# Subtest: service role: redirects bloqueados; credencial refletida removida até de respostas de sucesso
ok 422 - service role: redirects bloqueados; credencial refletida removida até de respostas de sucesso
  ---
  duration_ms: 210.849292
  type: 'test'
  ...
# Subtest: service role: erros upstream serializáveis não carregam credencial
ok 423 - service role: erros upstream serializáveis não carregam credencial
  ---
  duration_ms: 6.036625
  type: 'test'
  ...
# Subtest: service role: erro de transporte não expõe headers, URL ou cause original
ok 424 - service role: erro de transporte não expõe headers, URL ou cause original
  ---
  duration_ms: 4.258792
  type: 'test'
  ...
# Subtest: dashboard do professor faz merge por aluno+professor+data+horário
ok 425 - dashboard do professor faz merge por aluno+professor+data+horário
  ---
  duration_ms: 13.260708
  type: 'test'
  ...
# Subtest: dashboard reaproveita o merge deduplicado ao juntar Firestore e live lessons
ok 426 - dashboard reaproveita o merge deduplicado ao juntar Firestore e live lessons
  ---
  duration_ms: 0.827209
  type: 'test'
  ...
# Subtest: badge Concluída na agenda de hoje depende apenas do horário já passado
ok 427 - badge Concluída na agenda de hoje depende apenas do horário já passado
  ---
  duration_ms: 0.8165
  type: 'test'
  ...
# Subtest: normalizeLessonRegisterStatus trata status pedagógicos relevantes
ok 428 - normalizeLessonRegisterStatus trata status pedagógicos relevantes
  ---
  duration_ms: 5.940708
  type: 'test'
  ...
# Subtest: getLessonStatusWeight aplica pesos corretos
ok 429 - getLessonStatusWeight aplica pesos corretos
  ---
  duration_ms: 0.975416
  type: 'test'
  ...
# Subtest: getCreditedLessonMinutes soma integral para aula realizada
ok 430 - getCreditedLessonMinutes soma integral para aula realizada
  ---
  duration_ms: 1.948167
  type: 'test'
  ...
# Subtest: getCreditedLessonMinutes soma metade para falta
ok 431 - getCreditedLessonMinutes soma metade para falta
  ---
  duration_ms: 0.890458
  type: 'test'
  ...
# Subtest: getCreditedLessonMinutes zera cancelada, remarcada e sem registro
ok 432 - getCreditedLessonMinutes zera cancelada, remarcada e sem registro
  ---
  duration_ms: 0.698125
  type: 'test'
  ...
# Subtest: reposicao realizada conta 100% pela duração real
ok 433 - reposicao realizada conta 100% pela duração real
  ---
  duration_ms: 0.241042
  type: 'test'
  ...
# Subtest: script do dashboard usa minutos creditados por status no card mensal
ok 434 - script do dashboard usa minutos creditados por status no card mensal
  ---
  duration_ms: 57.517541
  type: 'test'
  ...
# Subtest: pedagógico do professor preserva liveLessonId do evento de agenda para casar registros após remarcação
ok 435 - pedagógico do professor preserva liveLessonId do evento de agenda para casar registros após remarcação
  ---
  duration_ms: 72.014792
  type: 'test'
  ...
# Subtest: professor não acessa ficha de aluno fora do escopo
ok 436 - professor não acessa ficha de aluno fora do escopo
  ---
  duration_ms: 4.323833
  type: 'test'
  ...
# Subtest: professor acessa ficha de aluno vinculado
ok 437 - professor acessa ficha de aluno vinculado
  ---
  duration_ms: 0.5155
  type: 'test'
  ...
# Subtest: GET teacher-workhours usa fallback admin quando não há idToken
ok 438 - GET teacher-workhours usa fallback admin quando não há idToken
  ---
  duration_ms: 10.604667
  type: 'test'
  ...
# Subtest: POST teacher-workhours continua exigindo idToken válido
ok 439 - POST teacher-workhours continua exigindo idToken válido
  ---
  duration_ms: 1.673417
  type: 'test'
  ...
1..439
# tests 439
# suites 0
# pass 432
# fail 1
# cancelled 0
# skipped 6
# todo 0
# duration_ms 11882.035709
